******************************************************************************
            TI ARM Clang Linker PC v4.0.3                      
******************************************************************************
>> Linked Wed Jun 25 09:07:04 2025

OUTPUT FILE NAME:   <empty_LP_MSPM0G3507_nortos_ticlang.out>
ENTRY POINT SYMBOL: "_c_int00_noargs"  address: 000068a9


MEMORY CONFIGURATION

         name            origin    length      used     unused   attr    fill
----------------------  --------  ---------  --------  --------  ----  --------
  FLASH                 00000000   00020000  00008188  00017e78  R  X
  SRAM                  20200000   00008000  00000573  00007a8d  RW X
  BCR_CONFIG            41c00000   000000ff  00000000  000000ff  R   
  BSL_CONFIG            41c00100   00000080  00000000  00000080  R   


SEGMENT ALLOCATION MAP

run origin  load origin   length   init length attrs members
----------  ----------- ---------- ----------- ----- -------
00000000    00000000    00008188   00008188    r-x
  00000000    00000000    000000c0   000000c0    r-- .intvecs
  000000c0    000000c0    000071e0   000071e0    r-x .text
  000072a0    000072a0    00000ea0   00000ea0    r-- .rodata
  00008140    00008140    00000048   00000048    r-- .cinit
20200000    20200000    00000374   00000000    rw-
  20200000    20200000    000002fb   00000000    rw- .bss
  202002fc    202002fc    00000078   00000000    rw- .data
20207e00    20207e00    00000200   00000000    rw-
  20207e00    20207e00    00000200   00000000    rw- .stack


SECTION ALLOCATION MAP

 output                                  attributes/
section   page    origin      length       input sections
--------  ----  ----------  ----------   ----------------
.intvecs   0    00000000    000000c0     
                  00000000    000000c0     startup_mspm0g350x_ticlang.o (.intvecs)

.text      0    000000c0    000071e0     
                  000000c0    000009d0     libc.a : _printfi.c.obj (.text:__TI_printfi)
                  00000a90    00000364            : e_asin.c.obj (.text.asin)
                  00000df4    000002f8            : s_atan.c.obj (.text.atan)
                  000010ec    00000278     inv_mpu_dmp_motion_driver.o (.text.dmp_enable_feature)
                  00001364    00000264     motor.o (.text.Set_Duty)
                  000015c8    00000258     mpu6050.o (.text.Read_Quad)
                  00001820    00000238     inv_mpu_dmp_motion_driver.o (.text.dmp_set_tap_thresh)
                  00001a58    0000022c     inv_mpu.o (.text.mpu_reset_fifo)
                  00001c84    00000228     libc.a : e_fmod.c.obj (.text.fmod)
                  00001eac    00000220            : _printfi.c.obj (.text._pconv_a)
                  000020cc    00000204     main.o (.text.main)
                  000022d0    000001f4     inv_mpu_dmp_motion_driver.o (.text.dmp_read_fifo)
                  000024c4    000001dc     ti_msp_dl_config.o (.text.SYSCFG_DL_GPIO_init)
                  000026a0    000001dc     libc.a : _printfi.c.obj (.text._pconv_g)
                  0000287c    000001a0     inv_mpu.o (.text.mpu_set_bypass)
                  00002a1c    00000192     libclang_rt.builtins.a : adddf3.S.obj (.text.adddf3_subdf3)
                  00002bae    00000002                            : aeabi_div0.c.obj (.text.__aeabi_idiv0)
                  00002bb0    00000188     libc.a : e_atan2.c.obj (.text.atan2)
                  00002d38    00000180     pid.o (.text.pid_controal)
                  00002eb8    00000178     inv_mpu_dmp_motion_driver.o (.text.dmp_set_orientation)
                  00003030    00000170     libc.a : e_sqrt.c.obj (.text.sqrt)
                  000031a0    00000148     mpu6050.o (.text.MPU6050_Init)
                  000032e8    0000013c     libc.a : _printfi.c.obj (.text.fcvt)
                  00003424    00000138     pid.o (.text.pid_cal)
                  0000355c    00000134     mspm0_i2c.o (.text.mspm0_i2c_read)
                  00003690    00000130     inv_mpu.o (.text.mpu_set_sensors)
                  000037c0    00000128     inv_mpu.o (.text.mpu_init)
                  000038e8    00000124     inv_mpu.o (.text.mpu_load_firmware)
                  00003a0c    00000120     libc.a : _printfi.c.obj (.text._pconv_e)
                  00003b2c    0000010c     libclang_rt.builtins.a : divdf3.S.obj (.text.__divdf3)
                  00003c38    00000108     inv_mpu.o (.text.mpu_read_fifo_stream)
                  00003d40    00000104     driverlib.a : dl_timer.o (.text.DL_Timer_initFourCCPWMMode)
                  00003e44    00000100     inv_mpu.o (.text.mpu_lp_accel_mode)
                  00003f44    000000ec     inv_mpu.o (.text.mpu_set_sample_rate)
                  00004030    000000e8     driverlib.a : dl_timer.o (.text.DL_Timer_initTimerMode)
                  00004118    000000e4     interrupt.o (.text.GROUP1_IRQHandler)
                  000041fc    000000e4     libclang_rt.builtins.a : muldf3.S.obj (.text.__muldf3)
                  000042e0    000000e4     inv_mpu.o (.text.mpu_set_accel_fsr)
                  000043c4    000000dc     driverlib.a : dl_sysctl_mspm0g1x0x_g3x0x.o (.text.DL_SYSCTL_configSYSPLL)
                  000044a0    000000d8     libc.a : s_scalbn.c.obj (.text.scalbn)
                  00004578    000000d8     libclang_rt.builtins.a : addsf3.S.obj (.text)
                  00004650    000000d4     inv_mpu.o (.text.set_int_enable)
                  00004724    000000d0     inv_mpu.o (.text.mpu_set_lpf)
                  000047f4    000000c4     inv_mpu.o (.text.mpu_set_gyro_fsr)
                  000048b8    000000c4     mspm0_i2c.o (.text.mspm0_i2c_write)
                  0000497c    000000bc     inv_mpu.o (.text.mpu_configure_fifo)
                  00004a38    000000b8     inv_mpu.o (.text.mpu_set_dmp_state)
                  00004af0    000000b0     ti_msp_dl_config.o (.text.SYSCFG_DL_initPower)
                  00004ba0    000000ac     inv_mpu.o (.text.mpu_read_mem)
                  00004c4c    000000ac     inv_mpu.o (.text.mpu_write_mem)
                  00004cf8    000000a2     libclang_rt.builtins.a : udivmoddi4.S.obj (.text)
                  00004d9a    00000002                            : aeabi_div0.c.obj (.text.__aeabi_ldiv0)
                  00004d9c    0000009c     inv_mpu.o (.text.mpu_set_int_latched)
                  00004e38    00000098     inv_mpu_dmp_motion_driver.o (.text.dmp_set_fifo_rate)
                  00004ed0    00000096     mpu6050.o (.text.inv_row_2_scale)
                  00004f66    00000002     --HOLE-- [fill = 0]
                  00004f68    00000094     ti_msp_dl_config.o (.text.SYSCFG_DL_PWM_MOTOR_init)
                  00004ffc    0000008c     libclang_rt.builtins.a : mulsf3.S.obj (.text.__mulsf3)
                  00005088    0000008c     inv_mpu_dmp_motion_driver.o (.text.decode_gesture)
                  00005114    00000084     clock.o (.text.__NVIC_SetPriority)
                  00005198    00000084     ti_msp_dl_config.o (.text.__NVIC_SetPriority)
                  0000521c    00000082     libclang_rt.builtins.a : divsf3.S.obj (.text.__divsf3)
                  0000529e    00000002     --HOLE-- [fill = 0]
                  000052a0    0000007c     libc.a : copy_decompress_lzss.c.obj (.text:decompress:lzss)
                  0000531c    00000074     libclang_rt.builtins.a : comparedf2.c.obj (.text.__gedf2)
                  00005390    00000074                            : truncdfsf2.S.obj (.text.__truncdfsf2)
                  00005404    00000074     inv_mpu.o (.text.mpu_get_accel_fsr)
                  00005478    00000068     libclang_rt.builtins.a : comparedf2.c.obj (.text.__ledf2)
                  000054e0    00000066     libc.a : _printfi.c.obj (.text._mcpy)
                  00005546    00000066     inv_mpu_dmp_motion_driver.o (.text.dmp_set_tap_axes)
                  000055ac    00000064     mspm0_i2c.o (.text.mpu6050_i2c_sda_unlock)
                  00005610    00000062     libclang_rt.builtins.a : aeabi_dcmp.S.obj (.text.__aeabi_dcmp)
                  00005672    00000002     --HOLE-- [fill = 0]
                  00005674    00000062                            : aeabi_fcmp.S.obj (.text.__aeabi_fcmp)
                  000056d6    00000002     --HOLE-- [fill = 0]
                  000056d8    00000060     inv_mpu_dmp_motion_driver.o (.text.dmp_enable_gyro_cal)
                  00005738    00000060     pid.o (.text.get_angle_error)
                  00005798    00000060     inv_mpu.o (.text.mpu_get_gyro_fsr)
                  000057f8    0000005e     driverlib.a : dl_i2c.o (.text.DL_I2C_fillControllerTXFIFO)
                  00005856    00000002     --HOLE-- [fill = 0]
                  00005858    0000005c     libc.a : s_frexp.c.obj (.text.frexp)
                  000058b4    0000005c     mspm0_i2c.o (.text.mspm0_i2c_enable)
                  00005910    00000058     ti_msp_dl_config.o (.text.SYSCFG_DL_I2C_MPU6050_init)
                  00005968    00000058     ti_msp_dl_config.o (.text.SYSCFG_DL_I2C_OLED_init)
                  000059c0    00000058     libc.a : _ltoa.c.obj (.text.__TI_ltoa)
                  00005a18    00000058            : _printfi.c.obj (.text._pconv_f)
                  00005a70    00000056     libclang_rt.builtins.a : aeabi_idivmod.S.obj (.text.__aeabi_idivmod)
                  00005ac6    00000052     libc.a : _printfi.c.obj (.text._ecpy)
                  00005b18    00000050     mspm0_i2c.o (.text.DL_I2C_startControllerTransfer)
                  00005b68    00000050     clock.o (.text.SysTick_Config)
                  00005bb8    0000004c     ti_msp_dl_config.o (.text.DL_UART_setBaudRateDivisor)
                  00005c04    0000004c     ti_msp_dl_config.o (.text.SYSCFG_DL_init)
                  00005c50    0000004a     libclang_rt.builtins.a : fixdfsi.S.obj (.text.__fixdfsi)
                  00005c9a    00000002     --HOLE-- [fill = 0]
                  00005c9c    00000048     driverlib.a : dl_uart.o (.text.DL_UART_init)
                  00005ce4    00000048     ti_msp_dl_config.o (.text.SYSCFG_DL_SYSCTL_init)
                  00005d2c    00000048     inv_mpu_dmp_motion_driver.o (.text.dmp_enable_6x_lp_quat)
                  00005d74    00000048     inv_mpu_dmp_motion_driver.o (.text.dmp_enable_lp_quat)
                  00005dbc    00000048     mspm0_i2c.o (.text.mspm0_i2c_disable)
                  00005e04    00000044     driverlib.a : dl_sysctl_mspm0g1x0x_g3x0x.o (.text.DL_SYSCTL_switchMCLKfromSYSOSCtoHSCLK)
                  00005e48    00000044     inv_mpu_dmp_motion_driver.o (.text.dmp_set_shake_reject_thresh)
                  00005e8c    00000044     inv_mpu_dmp_motion_driver.o (.text.dmp_set_tap_count)
                  00005ed0    00000042     libclang_rt.builtins.a : fixunsdfsi.S.obj (.text.__fixunsdfsi)
                  00005f12    00000002     --HOLE-- [fill = 0]
                  00005f14    00000040     ti_msp_dl_config.o (.text.SYSCFG_DL_UART_PC_init)
                  00005f54    00000040     interrupt.o (.text.TIMG6_IRQHandler)
                  00005f94    00000040     libclang_rt.builtins.a : aeabi_uidivmod.S.obj (.text.__aeabi_uidivmod)
                  00005fd4    00000040                            : extendsfdf2.S.obj (.text.__extendsfdf2)
                  00006014    00000040     libc.a : atoi.c.obj (.text.atoi)
                  00006054    0000003e     mpu6050.o (.text.inv_orientation_matrix_to_scalar)
                  00006092    00000002     --HOLE-- [fill = 0]
                  00006094    0000003c     mspm0_i2c.o (.text.DL_GPIO_initPeripheralInputFunctionFeatures)
                  000060d0    0000003c     ti_msp_dl_config.o (.text.DL_GPIO_initPeripheralInputFunctionFeatures)
                  0000610c    0000003c     driverlib.a : dl_i2c.o (.text.DL_I2C_flushControllerTXFIFO)
                  00006148    0000003c     ti_msp_dl_config.o (.text.DL_Timer_setCounterControl)
                  00006184    0000003c     interrupt.o (.text.TIMA1_IRQHandler)
                  000061c0    0000003c     user.o (.text.UART_sendString)
                  000061fc    0000003c     libclang_rt.builtins.a : floatsisf.S.obj (.text.__floatsisf)
                  00006238    0000003c                            : comparesf2.S.obj (.text.__gtsf2)
                  00006274    0000003c     libc.a : autoinit.c.obj (.text:__TI_auto_init_nobinit_nopinit)
                  000062b0    0000003a     libclang_rt.builtins.a : comparesf2.S.obj (.text.__eqsf2)
                  000062ea    00000002     --HOLE-- [fill = 0]
                  000062ec    0000003a                            : muldsi3.S.obj (.text.__muldsi3)
                  00006326    00000002     --HOLE-- [fill = 0]
                  00006328    00000038                            : fixsfsi.S.obj (.text.__fixsfsi)
                  00006360    00000038     libc.a : sprintf.c.obj (.text.sprintf)
                  00006398    00000034     mspm0_i2c.o (.text.DL_GPIO_initDigitalInputFeatures)
                  000063cc    00000034     ti_msp_dl_config.o (.text.DL_GPIO_initDigitalInputFeatures)
                  00006400    00000034     ti_msp_dl_config.o (.text.SYSCFG_DL_TIMER_GENERAL_init)
                  00006434    00000034     ti_msp_dl_config.o (.text.SYSCFG_DL_TIMER_INTOWHILE_init)
                  00006468    00000034     ti_msp_dl_config.o (.text.SYSCFG_DL_TIMER_PID_init)
                  0000649c    00000034     inv_mpu.o (.text.mpu_get_sample_rate)
                  000064d0    00000032     inv_mpu_dmp_motion_driver.o (.text.dmp_set_shake_reject_time)
                  00006502    00000032     inv_mpu_dmp_motion_driver.o (.text.dmp_set_shake_reject_timeout)
                  00006534    00000030     ti_msp_dl_config.o (.text.DL_GPIO_initDigitalOutputFeatures)
                  00006564    00000030     motor.o (.text.Motor_Off)
                  00006594    00000030     libc.a : _printfi.c.obj (.text._fcpy)
                  000065c4    00000030     inv_mpu_dmp_motion_driver.o (.text.dmp_set_tap_time)
                  000065f4    00000030     inv_mpu_dmp_motion_driver.o (.text.dmp_set_tap_time_multi)
                  00006624    00000030     clock.o (.text.mspm0_delay_ms)
                  00006654    0000002e     pid.o (.text.reset_pid)
                  00006682    00000002     --HOLE-- [fill = 0]
                  00006684    0000002c     motor.o (.text.Motor_On)
                  000066b0    0000002c     main.o (.text.__NVIC_EnableIRQ)
                  000066dc    0000002c     mpu6050.o (.text.__NVIC_EnableIRQ)
                  00006708    0000002c     libclang_rt.builtins.a : floatsidf.S.obj (.text.__floatsidf)
                  00006734    0000002c     clock.o (.text.mspm0_get_clock_ms)
                  00006760    0000002c     pid.o (.text.pid_calculate)
                  0000678c    0000002a     pid.o (.text.pid_init)
                  000067b6    00000028     mspm0_i2c.o (.text.DL_Common_updateReg)
                  000067de    00000028     ti_msp_dl_config.o (.text.DL_Common_updateReg)
                  00006806    00000002     --HOLE-- [fill = 0]
                  00006808    00000028     ti_msp_dl_config.o (.text.DL_I2C_setControllerRXFIFOThreshold)
                  00006830    00000028     ti_msp_dl_config.o (.text.DL_I2C_setControllerTXFIFOThreshold)
                  00006858    00000028     interrupt.o (.text.TIMG0_IRQHandler)
                  00006880    00000028     libclang_rt.builtins.a : floatunsisf.S.obj (.text.__floatunsisf)
                  000068a8    00000028     libc.a : boot_cortex_m.c.obj (.text:_c_int00_noargs)
                  000068d0    00000026     ti_msp_dl_config.o (.text.DL_I2C_setAnalogGlitchFilterPulseWidth)
                  000068f6    00000026     driverlib.a : dl_i2c.o (.text.DL_I2C_setClockConfig)
                  0000691c    00000024     libclang_rt.builtins.a : floatunsidf.S.obj (.text.__floatunsidf)
                  00006940    00000024                            : muldi3.S.obj (.text.__muldi3)
                  00006964    00000022     libc.a : memccpy.c.obj (.text.memccpy)
                  00006986    00000002     --HOLE-- [fill = 0]
                  00006988    00000020     ti_msp_dl_config.o (.text.DL_GPIO_initPeripheralInputFunction)
                  000069a8    00000020     mpu6050.o (.text.DL_SYSCTL_resetDevice)
                  000069c8    00000020     ti_msp_dl_config.o (.text.DL_SYSCTL_setFlashWaitState)
                  000069e8    00000020     libc.a : memcmp.c.obj (.text.memcmp)
                  00006a08    0000001e     ti_msp_dl_config.o (.text.DL_UART_setOversampling)
                  00006a26    00000002     --HOLE-- [fill = 0]
                  00006a28    0000001e     libclang_rt.builtins.a : ashldi3.S.obj (.text.__ashldi3)
                  00006a46    00000002     --HOLE-- [fill = 0]
                  00006a48    0000001c     interrupt.o (.text.DL_GPIO_clearInterruptStatus)
                  00006a64    0000001c     ti_msp_dl_config.o (.text.DL_GPIO_clearInterruptStatus)
                  00006a80    0000001c     mspm0_i2c.o (.text.DL_GPIO_enableHiZ)
                  00006a9c    0000001c     ti_msp_dl_config.o (.text.DL_GPIO_enableHiZ)
                  00006ab8    0000001c     ti_msp_dl_config.o (.text.DL_GPIO_enableInterrupt)
                  00006ad4    0000001c     ti_msp_dl_config.o (.text.DL_GPIO_initPeripheralOutputFunction)
                  00006af0    0000001c     ti_msp_dl_config.o (.text.DL_GPIO_setLowerPinsPolarity)
                  00006b0c    0000001c     mpu6050.o (.text.DL_I2C_getSDAStatus)
                  00006b28    0000001c     mspm0_i2c.o (.text.DL_I2C_isControllerRXFIFOEmpty)
                  00006b44    0000001c     ti_msp_dl_config.o (.text.DL_SYSCTL_setSYSOSCFreq)
                  00006b60    0000001c     ti_msp_dl_config.o (.text.DL_SYSCTL_setULPCLKDivider)
                  00006b7c    0000001c     ti_msp_dl_config.o (.text.DL_Timer_enableInterrupt)
                  00006b98    0000001c     driverlib.a : dl_timer.o (.text.DL_Timer_setCaptCompUpdateMethod)
                  00006bb4    0000001c                 : dl_timer.o (.text.DL_Timer_setClockConfig)
                  00006bd0    0000001c     inv_mpu_dmp_motion_driver.o (.text.dmp_load_motion_driver_firmware)
                  00006bec    00000018     mspm0_i2c.o (.text.DL_GPIO_enableOutput)
                  00006c04    00000018     ti_msp_dl_config.o (.text.DL_GPIO_enableOutput)
                  00006c1c    00000018     ti_msp_dl_config.o (.text.DL_GPIO_enablePower)
                  00006c34    00000018     interrupt.o (.text.DL_GPIO_getEnabledInterruptStatus)
                  00006c4c    00000018     mspm0_i2c.o (.text.DL_GPIO_initDigitalOutput)
                  00006c64    00000018     ti_msp_dl_config.o (.text.DL_GPIO_reset)
                  00006c7c    00000018     motor.o (.text.DL_GPIO_setPins)
                  00006c94    00000018     mspm0_i2c.o (.text.DL_GPIO_setPins)
                  00006cac    00000018     ti_msp_dl_config.o (.text.DL_GPIO_setUpperPinsPolarity)
                  00006cc4    00000018     mspm0_i2c.o (.text.DL_I2C_clearInterruptStatus)
                  00006cdc    00000018     ti_msp_dl_config.o (.text.DL_I2C_enableAnalogGlitchFilter)
                  00006cf4    00000018     ti_msp_dl_config.o (.text.DL_I2C_enableController)
                  00006d0c    00000018     ti_msp_dl_config.o (.text.DL_I2C_enableControllerClockStretching)
                  00006d24    00000018     mspm0_i2c.o (.text.DL_I2C_enablePower)
                  00006d3c    00000018     ti_msp_dl_config.o (.text.DL_I2C_enablePower)
                  00006d54    00000018     mspm0_i2c.o (.text.DL_I2C_getRawInterruptStatus)
                  00006d6c    00000018     mspm0_i2c.o (.text.DL_I2C_reset)
                  00006d84    00000018     ti_msp_dl_config.o (.text.DL_I2C_reset)
                  00006d9c    00000018     ti_msp_dl_config.o (.text.DL_I2C_setTimerPeriod)
                  00006db4    00000018     ti_msp_dl_config.o (.text.DL_SYSCTL_setBORThreshold)
                  00006dcc    00000018     ti_msp_dl_config.o (.text.DL_Timer_enablePower)
                  00006de4    00000018     ti_msp_dl_config.o (.text.DL_Timer_reset)
                  00006dfc    00000018     driverlib.a : dl_timer.o (.text.DL_Timer_setCaptureCompareOutCtl)
                  00006e14    00000018     interrupt.o (.text.DL_Timer_setLoadValue)
                  00006e2c    00000018     main.o (.text.DL_Timer_setLoadValue)
                  00006e44    00000018     interrupt.o (.text.DL_Timer_startCounter)
                  00006e5c    00000018     main.o (.text.DL_Timer_startCounter)
                  00006e74    00000018     interrupt.o (.text.DL_Timer_stopCounter)
                  00006e8c    00000018     ti_msp_dl_config.o (.text.DL_UART_enablePower)
                  00006ea4    00000018     user.o (.text.DL_UART_isTXFIFOFull)
                  00006ebc    00000018     ti_msp_dl_config.o (.text.DL_UART_reset)
                  00006ed4    00000018     clock.o (.text.SysTick_Init)
                  00006eec    00000018     libc.a : sprintf.c.obj (.text._outs)
                  00006f04    00000016     interrupt.o (.text.DL_GPIO_readPins)
                  00006f1a    00000016     mspm0_i2c.o (.text.DL_GPIO_readPins)
                  00006f30    00000016     mspm0_i2c.o (.text.DL_I2C_transmitControllerData)
                  00006f46    00000016     ti_msp_dl_config.o (.text.DL_UART_enable)
                  00006f5c    00000016     user.o (.text.DL_UART_transmitData)
                  00006f72    00000016     libc.a : copy_zero_init.c.obj (.text:decompress:ZI:__TI_zero_init_nomemset)
                  00006f88    00000014     motor.o (.text.DL_GPIO_clearPins)
                  00006f9c    00000014     mspm0_i2c.o (.text.DL_GPIO_clearPins)
                  00006fb0    00000014     ti_msp_dl_config.o (.text.DL_GPIO_clearPins)
                  00006fc4    00000014     mspm0_i2c.o (.text.DL_I2C_getControllerStatus)
                  00006fd8    00000014     mspm0_i2c.o (.text.DL_I2C_receiveControllerData)
                  00006fec    00000014     ti_msp_dl_config.o (.text.DL_I2C_resetControllerTransfer)
                  00007000    00000014     ti_msp_dl_config.o (.text.DL_SYSCTL_disableSYSPLL)
                  00007014    00000014     ti_msp_dl_config.o (.text.DL_Timer_enableClock)
                  00007028    00000014     ti_msp_dl_config.o (.text.DL_Timer_setCCPDirection)
                  0000703c    00000014     libclang_rt.builtins.a : aeabi_uldivmod.S.obj (.text.__aeabi_uldivmod)
                  00007050    00000014     inv_mpu_dmp_motion_driver.o (.text.dmp_register_android_orient_cb)
                  00007064    00000014     inv_mpu_dmp_motion_driver.o (.text.dmp_register_tap_cb)
                  00007078    00000014     libc.a : _printfi.c.obj (.text.strchr)
                  0000708c    00000012     interrupt.o (.text.DL_Timer_getPendingInterrupt)
                  0000709e    00000012     driverlib.a : dl_uart.o (.text.DL_UART_setClockConfig)
                  000070b0    00000012     libc.a : memcpy16.S.obj (.text:TI_memcpy_small)
                  000070c2    00000012            : copy_decompress_none.c.obj (.text:decompress:none)
                  000070d4    00000010     ti_msp_dl_config.o (.text.DL_SYSCTL_disableHFXT)
                  000070e4    00000010     driverlib.a : dl_timer.o (.text.DL_Timer_setCaptureCompareValue)
                  000070f4    00000010     interrupt.o (.text.SysTick_Handler)
                  00007104    00000010     libc.a : wcslen.c.obj (.text.wcslen)
                  00007114    0000000e     libclang_rt.builtins.a : aeabi_memset.S.obj (.text.__aeabi_memset)
                  00007122    0000000e     libc.a : _printfi.c.obj (.text.strlen)
                  00007130    0000000e     mpu6050.o (.text.tap_cb)
                  0000713e    0000000e     libc.a : memset16.S.obj (.text:TI_memset_small)
                  0000714c    0000000a     driverlib.a : dl_common.o (.text.DL_Common_delayCycles)
                  00007156    0000000a     libc.a : _printfi.c.obj (.text.OUTLINED_FUNCTION_0)
                  00007160    00000010     libclang_rt.builtins.a : adddf3.S.obj (.tramp.__aeabi_dsub.1)
                  00007170    0000000a     libc.a : e_asin.c.obj (.text.OUTLINED_FUNCTION_0)
                  0000717a    00000002     --HOLE-- [fill = 0]
                  0000717c    00000010     libclang_rt.builtins.a : muldf3.S.obj (.tramp.__aeabi_dmul.1)
                  0000718c    0000000a     libc.a : s_atan.c.obj (.text.OUTLINED_FUNCTION_0)
                  00007196    0000000a            : _printfi.c.obj (.text.OUTLINED_FUNCTION_1)
                  000071a0    0000000a            : e_asin.c.obj (.text.OUTLINED_FUNCTION_1)
                  000071aa    0000000a            : e_asin.c.obj (.text.OUTLINED_FUNCTION_3)
                  000071b4    00000010     libclang_rt.builtins.a : divdf3.S.obj (.tramp.__aeabi_ddiv.1)
                  000071c4    0000000a     libc.a : sprintf.c.obj (.text._outc)
                  000071ce    0000000a     mpu6050.o (.text.android_orient_cb)
                  000071d8    00000008     libc.a : s_atan.c.obj (.text.OUTLINED_FUNCTION_2)
                  000071e0    00000008            : aeabi_portable.c.obj (.text.__aeabi_errno_addr)
                  000071e8    00000008     libclang_rt.builtins.a : aeabi_memcpy.S.obj (.text.__aeabi_memcpy)
                  000071f0    00000006     libc.a : s_atan.c.obj (.text.OUTLINED_FUNCTION_1)
                  000071f6    00000002     --HOLE-- [fill = 0]
                  000071f8    00000010     libclang_rt.builtins.a : adddf3.S.obj (.tramp.__aeabi_dadd.1)
                  00007208    00000006     libc.a : e_asin.c.obj (.text.OUTLINED_FUNCTION_2)
                  0000720e    00000006            : exit.c.obj (.text:abort)
                  00007214    00000004     interrupt.o (.text.ADC0_IRQHandler)
                  00007218    00000004     interrupt.o (.text.ADC1_IRQHandler)
                  0000721c    00000004     interrupt.o (.text.AES_IRQHandler)
                  00007220    00000004     interrupt.o (.text.CANFD0_IRQHandler)
                  00007224    00000004     interrupt.o (.text.DAC0_IRQHandler)
                  00007228    00000004     interrupt.o (.text.DMA_IRQHandler)
                  0000722c    00000004     interrupt.o (.text.GROUP0_IRQHandler)
                  00007230    00000004     libsysbm.a : hostexit.c.obj (.text.HOSTexit)
                  00007234    00000004     interrupt.o (.text.HardFault_Handler)
                  00007238    00000004     interrupt.o (.text.I2C0_IRQHandler)
                  0000723c    00000004     interrupt.o (.text.I2C1_IRQHandler)
                  00007240    00000004     interrupt.o (.text.NMI_Handler)
                  00007244    00000004     libc.a : e_asin.c.obj (.text.OUTLINED_FUNCTION_4)
                  00007248    00000004     interrupt.o (.text.PendSV_Handler)
                  0000724c    00000004     interrupt.o (.text.RTC_IRQHandler)
                  00007250    00000004     startup_mspm0g350x_ticlang.o (.text.Reset_Handler)
                  00007254    00000010     libc.a : boot_cortex_m.c.obj (.tramp._c_int00_noargs.1)
                  00007264    00000004     interrupt.o (.text.SPI0_IRQHandler)
                  00007268    00000004     interrupt.o (.text.SPI1_IRQHandler)
                  0000726c    00000004     interrupt.o (.text.SVC_Handler)
                  00007270    00000004     interrupt.o (.text.TIMA0_IRQHandler)
                  00007274    00000004     interrupt.o (.text.TIMG12_IRQHandler)
                  00007278    00000004     interrupt.o (.text.TIMG7_IRQHandler)
                  0000727c    00000004     interrupt.o (.text.TIMG8_IRQHandler)
                  00007280    00000004     interrupt.o (.text.UART0_IRQHandler)
                  00007284    00000004     interrupt.o (.text.UART1_IRQHandler)
                  00007288    00000004     interrupt.o (.text.UART2_IRQHandler)
                  0000728c    00000004     interrupt.o (.text.UART3_IRQHandler)
                  00007290    00000004     libc.a : pre_init.c.obj (.text._system_pre_init)
                  00007294    0000000c     --HOLE-- [fill = 0]

.cinit     0    00008140    00000048     
                  00008140    0000001f     (.cinit..data.load) [load image, compression = lzss]
                  0000815f    00000001     --HOLE-- [fill = 0]
                  00008160    0000000c     (__TI_handler_table)
                  0000816c    00000008     (.cinit..bss.load) [load image, compression = zero_init]
                  00008174    00000010     (__TI_cinit_table)
                  00008184    00000004     --HOLE-- [fill = 0]

.rodata    0    000072a0    00000ea0     
                  000072a0    00000bf6     inv_mpu_dmp_motion_driver.o (.rodata.dmp_memory)
                  00007e96    0000000a     ti_msp_dl_config.o (.rodata.gUART_PCConfig)
                  00007ea0    00000101     libc.a : aeabi_ctype.S.obj (.rodata:__aeabi_ctype_table_)
                  00007fa1    00000003     ti_msp_dl_config.o (.rodata.gPWM_MOTORClockConfig)
                  00007fa4    00000003     ti_msp_dl_config.o (.rodata.gTIMER_GENERALClockConfig)
                  00007fa7    00000001     --HOLE-- [fill = 0]
                  00007fa8    00000040     libc.a : s_atan.c.obj (.rodata.cst32)
                  00007fe8    0000003e     main.o (.rodata.str1.8154729771448623357.1)
                  00008026    00000002     ti_msp_dl_config.o (.rodata.gI2C_MPU6050ClockConfig)
                  00008028    00000028     ti_msp_dl_config.o (.rodata.gSYSPLLConfig)
                  00008050    00000028     inv_mpu.o (.rodata.test)
                  00008078    0000001e     inv_mpu.o (.rodata.reg)
                  00008096    0000001b     main.o (.rodata.str1.15159059442110792349.1)
                  000080b1    00000003     ti_msp_dl_config.o (.rodata.gTIMER_INTOWHILEClockConfig)
                  000080b4    00000014     ti_msp_dl_config.o (.rodata.gTIMER_GENERALTimerConfig)
                  000080c8    00000014     ti_msp_dl_config.o (.rodata.gTIMER_INTOWHILETimerConfig)
                  000080dc    00000014     ti_msp_dl_config.o (.rodata.gTIMER_PIDTimerConfig)
                  000080f0    00000011     libc.a : _printfi.c.obj (.rodata.str1.10348868589481759720.1)
                  00008101    00000011            : _printfi.c.obj (.rodata.str1.15363888844622738466.1)
                  00008112    00000003     ti_msp_dl_config.o (.rodata.gTIMER_PIDClockConfig)
                  00008115    00000002     ti_msp_dl_config.o (.rodata.gI2C_OLEDClockConfig)
                  00008117    00000001     --HOLE-- [fill = 0]
                  00008118    00000010     libc.a : e_fmod.c.obj (.rodata.cst16)
                  00008128    0000000c     inv_mpu.o (.rodata.hw)
                  00008134    00000008     ti_msp_dl_config.o (.rodata.gPWM_MOTORConfig)
                  0000813c    00000002     ti_msp_dl_config.o (.rodata.gUART_PCClockConfig)
                  0000813e    00000002     --HOLE-- [fill = 0]

.init_array 
*          0    00000000    00000000     UNINITIALIZED

.binit     0    00000000    00000000     

.bss       0    20200000    000002fb     UNINITIALIZED
                  20200000    000000bc     (.common:gPWM_MOTORBackup)
                  202000bc    000000bc     (.common:gTIMER_PIDBackup)
                  20200178    000000a0     (.common:gTIMER_GENERALBackup)
                  20200218    00000034     (.common:pid_angle)
                  2020024c    00000034     (.common:pid_motor_left)
                  20200280    00000034     (.common:pid_motor_right)
                  202002b4    00000010     (.common:quat)
                  202002c4    00000006     (.common:accel)
                  202002ca    00000006     (.common:gyro)
                  202002d0    00000004     (.common:angle)
                  202002d4    00000004     (.common:angle_init)
                  202002d8    00000004     (.common:motor_pid_left_value)
                  202002dc    00000004     (.common:motor_pid_right_value)
                  202002e0    00000004     (.common:pitch)
                  202002e4    00000004     (.common:roll)
                  202002e8    00000004     (.common:sensor_timestamp)
                  202002ec    00000004     (.common:start_time)
                  202002f0    00000004     (.common:tick_ms)
                  202002f4    00000004     (.common:yaw)
                  202002f8    00000002     (.common:sensors)
                  202002fa    00000001     (.common:more)

.data      0    202002fc    00000078     UNINITIALIZED
                  202002fc    0000002c     inv_mpu.o (.data.st)
                  20200328    00000010     inv_mpu_dmp_motion_driver.o (.data.dmp)
                  20200338    0000000e     mpu6050.o (.data.hal)
                  20200346    00000009     mpu6050.o (.data.gyro_orientation)
                  2020034f    00000001     interrupt.o (.data.S2_flag)
                  20200350    00000004     libc.a : aeabi_portable.c.obj (.data.__aeabi_errno)
                  20200354    00000004     pid.o (.data.encode_cnt_left)
                  20200358    00000004     pid.o (.data.encode_cnt_right)
                  2020035c    00000004     pid.o (.data.now_speed_left)
                  20200360    00000004     pid.o (.data.now_speed_right)
                  20200364    00000004     pid.o (.data.target_angle)
                  20200368    00000004     pid.o (.data.target_speed_left)
                  2020036c    00000004     pid.o (.data.target_speed_right)
                  20200370    00000001     interrupt.o (.data.general_timer_flag)
                  20200371    00000001     interrupt.o (.data.into_wihle_flag)
                  20200372    00000001     motor.o (.data.motor_on_flag)
                  20200373    00000001     interrupt.o (.data.pid_timer_flag)

.stack     0    20207e00    00000200     UNINITIALIZED
                  20207e00    00000004     libc.a : boot_cortex_m.c.obj (.stack)
                  20207e04    000001fc     --HOLE--

__llvm_prf_cnts 
*          0    20200000    00000000     UNINITIALIZED

__llvm_prf_bits 
*          0    20200000    00000000     UNINITIALIZED

MODULE SUMMARY

       Module                         code    ro data   rw data
       ------                         ----    -------   -------
    .\
       ti_msp_dl_config.o             2746    136       536    
       startup_mspm0g350x_ticlang.o   4       192       0      
    +--+------------------------------+-------+---------+---------+
       Total:                         2750    328       536    
                                                               
    .\MPU6050\
       inv_mpu_dmp_motion_driver.o    3110    3062      16     
       inv_mpu.o                      4600    82        44     
       mpu6050.o                      1268    0         74     
       mspm0_i2c.o                    1328    0         0      
    +--+------------------------------+-------+---------+---------+
       Total:                         10306   3144      134    
                                                               
    .\MSPM0\
       interrupt.o                    668     0         4      
       clock.o                        328     0         8      
    +--+------------------------------+-------+---------+---------+
       Total:                         996     0         12     
                                                               
    .\motor\
       pid.o                          924     0         196    
       motor.o                        748     0         1      
    +--+------------------------------+-------+---------+---------+
       Total:                         1672    0         197    
                                                               
    .\user\
       main.o                         608     89        0      
       user.o                         106     0         0      
    +--+------------------------------+-------+---------+---------+
       Total:                         714     89        0      
                                                               
    C:/APPLICATION/ti_SDK/mspm0_sdk_2_04_00_06/source/ti/driverlib/lib/ticlang/m0p/mspm0g1x0x_g3x0x/driverlib.a
       dl_timer.o                     588     0         0      
       dl_sysctl_mspm0g1x0x_g3x0x.o   288     0         0      
       dl_i2c.o                       192     0         0      
       dl_uart.o                      90      0         0      
       dl_common.o                    10      0         0      
    +--+------------------------------+-------+---------+---------+
       Total:                         1168    0         0      
                                                               
    C:\APPLICATION\TIccs2011\ccs\tools\compiler\ti-cgt-armllvm_4.0.3.LTS\lib\armv6m-ti-none-eabi/c/libc.a
       _printfi.c.obj                 4510    34        0      
       e_asin.c.obj                   908     0         0      
       s_atan.c.obj                   784     64        0      
       e_fmod.c.obj                   552     16        0      
       e_atan2.c.obj                  392     0         0      
       e_sqrt.c.obj                   368     0         0      
       aeabi_ctype.S.obj              0       257       0      
       s_scalbn.c.obj                 216     0         0      
       copy_decompress_lzss.c.obj     124     0         0      
       s_frexp.c.obj                  92      0         0      
       sprintf.c.obj                  90      0         0      
       _ltoa.c.obj                    88      0         0      
       atoi.c.obj                     64      0         0      
       autoinit.c.obj                 60      0         0      
       boot_cortex_m.c.obj            56      0         0      
       memccpy.c.obj                  34      0         0      
       memcmp.c.obj                   32      0         0      
       copy_zero_init.c.obj           22      0         0      
       copy_decompress_none.c.obj     18      0         0      
       memcpy16.S.obj                 18      0         0      
       wcslen.c.obj                   16      0         0      
       memset16.S.obj                 14      0         0      
       aeabi_portable.c.obj           8       0         4      
       exit.c.obj                     6       0         0      
       pre_init.c.obj                 4       0         0      
    +--+------------------------------+-------+---------+---------+
       Total:                         8476    371       4      
                                                               
    C:\APPLICATION\TIccs2011\ccs\tools\compiler\ti-cgt-armllvm_4.0.3.LTS\lib\armv6m-ti-none-eabi/c/libsysbm.a
       hostexit.c.obj                 4       0         0      
    +--+------------------------------+-------+---------+---------+
       Total:                         4       0         0      
                                                               
    C:\APPLICATION\TIccs2011\ccs\tools\compiler\ti-cgt-armllvm_4.0.3.LTS\lib\armv6m-ti-none-eabi/libclang_rt.builtins.a
       adddf3.S.obj                   434     0         0      
       divdf3.S.obj                   284     0         0      
       muldf3.S.obj                   244     0         0      
       comparedf2.c.obj               220     0         0      
       addsf3.S.obj                   216     0         0      
       udivmoddi4.S.obj               162     0         0      
       mulsf3.S.obj                   140     0         0      
       divsf3.S.obj                   130     0         0      
       comparesf2.S.obj               118     0         0      
       truncdfsf2.S.obj               116     0         0      
       aeabi_dcmp.S.obj               98      0         0      
       aeabi_fcmp.S.obj               98      0         0      
       aeabi_idivmod.S.obj            86      0         0      
       fixdfsi.S.obj                  74      0         0      
       fixunsdfsi.S.obj               66      0         0      
       aeabi_uidivmod.S.obj           64      0         0      
       extendsfdf2.S.obj              64      0         0      
       floatsisf.S.obj                60      0         0      
       muldsi3.S.obj                  58      0         0      
       fixsfsi.S.obj                  56      0         0      
       floatsidf.S.obj                44      0         0      
       floatunsisf.S.obj              40      0         0      
       floatunsidf.S.obj              36      0         0      
       muldi3.S.obj                   36      0         0      
       ashldi3.S.obj                  30      0         0      
       aeabi_uldivmod.S.obj           20      0         0      
       aeabi_memset.S.obj             14      0         0      
       aeabi_memcpy.S.obj             8       0         0      
       aeabi_div0.c.obj               4       0         0      
    +--+------------------------------+-------+---------+---------+
       Total:                         3020    0         0      
                                                               
       Stack:                         0       0         512    
       Linker Generated:              0       67        0      
    +--+------------------------------+-------+---------+---------+
       Grand Total:                   29106   3999      1395   


LINKER GENERATED COPY TABLES

__TI_cinit_table @ 00008174 records: 2, size/record: 8, table size: 16
	.data: load addr=00008140, load size=0000001f bytes, run addr=202002fc, run size=00000078 bytes, compression=lzss
	.bss: load addr=0000816c, load size=00000008 bytes, run addr=20200000, run size=000002fb bytes, compression=zero_init


LINKER GENERATED HANDLER TABLE

__TI_handler_table @ 00008160 records: 3, size/record: 4, table size: 12
	index: 0, handler: __TI_decompress_lzss
	index: 1, handler: __TI_decompress_none
	index: 2, handler: __TI_zero_init


FAR CALL TRAMPOLINES

callee name               trampoline name
   callee addr  tramp addr   call addr  call info
--------------  -----------  ---------  ----------------
__aeabi_dsub              $Tramp$TT$L$PI$$__aeabi_dsub
   00002a1d     00007160     0000715e   libc.a : _printfi.c.obj (.text.OUTLINED_FUNCTION_0)
__aeabi_dmul              $Tramp$TT$L$PI$$__aeabi_dmul
   000041fd     0000717c     00007178   libc.a : e_asin.c.obj (.text.OUTLINED_FUNCTION_0)
                             00007194          : s_atan.c.obj (.text.OUTLINED_FUNCTION_0)
                             000071a8          : e_asin.c.obj (.text.OUTLINED_FUNCTION_1)
                             000071de          : s_atan.c.obj (.text.OUTLINED_FUNCTION_2)
                             0000720c          : e_asin.c.obj (.text.OUTLINED_FUNCTION_2)
__aeabi_ddiv              $Tramp$TT$L$PI$$__aeabi_ddiv
   00003b2d     000071b4     000071b2   libc.a : e_asin.c.obj (.text.OUTLINED_FUNCTION_3)
__aeabi_dadd              $Tramp$TT$L$PI$$__aeabi_dadd
   00002a27     000071f8     000071f4   libc.a : s_atan.c.obj (.text.OUTLINED_FUNCTION_1)
                             00007246          : e_asin.c.obj (.text.OUTLINED_FUNCTION_4)
_c_int00_noargs           $Tramp$TT$L$PI$$_c_int00_noargs
   000068a9     00007254     00007250   startup_mspm0g350x_ticlang.o (.text.Reset_Handler)

[5 trampolines]
[10 trampoline calls]


GLOBAL SYMBOLS: SORTED ALPHABETICALLY BY Name 

address   name                                 
-------   ----                                 
00007215  ADC0_IRQHandler                      
00007219  ADC1_IRQHandler                      
0000721d  AES_IRQHandler                       
00007230  C$$EXIT                              
00007221  CANFD0_IRQHandler                    
00007225  DAC0_IRQHandler                      
0000714d  DL_Common_delayCycles                
000057f9  DL_I2C_fillControllerTXFIFO          
0000610d  DL_I2C_flushControllerTXFIFO         
000068f7  DL_I2C_setClockConfig                
000043c5  DL_SYSCTL_configSYSPLL               
00005e05  DL_SYSCTL_switchMCLKfromSYSOSCtoHSCLK
00003d41  DL_Timer_initFourCCPWMMode           
00004031  DL_Timer_initTimerMode               
00006b99  DL_Timer_setCaptCompUpdateMethod     
00006dfd  DL_Timer_setCaptureCompareOutCtl     
000070e5  DL_Timer_setCaptureCompareValue      
00006bb5  DL_Timer_setClockConfig              
00005c9d  DL_UART_init                         
0000709f  DL_UART_setClockConfig               
00007229  DMA_IRQHandler                       
0000722d  GROUP0_IRQHandler                    
00004119  GROUP1_IRQHandler                    
00007231  HOSTexit                             
00007235  HardFault_Handler                    
00007239  I2C0_IRQHandler                      
0000723d  I2C1_IRQHandler                      
000031a1  MPU6050_Init                         
00006565  Motor_Off                            
00006685  Motor_On                             
00007241  NMI_Handler                          
00007249  PendSV_Handler                       
0000724d  RTC_IRQHandler                       
000015c9  Read_Quad                            
00007251  Reset_Handler                        
2020034f  S2_flag                              
00007265  SPI0_IRQHandler                      
00007269  SPI1_IRQHandler                      
0000726d  SVC_Handler                          
000024c5  SYSCFG_DL_GPIO_init                  
00005911  SYSCFG_DL_I2C_MPU6050_init           
00005969  SYSCFG_DL_I2C_OLED_init              
00004f69  SYSCFG_DL_PWM_MOTOR_init             
00005ce5  SYSCFG_DL_SYSCTL_init                
00006401  SYSCFG_DL_TIMER_GENERAL_init         
00006435  SYSCFG_DL_TIMER_INTOWHILE_init       
00006469  SYSCFG_DL_TIMER_PID_init             
00005f15  SYSCFG_DL_UART_PC_init               
00005c05  SYSCFG_DL_init                       
00004af1  SYSCFG_DL_initPower                  
00001365  Set_Duty                             
000070f5  SysTick_Handler                      
00006ed5  SysTick_Init                         
00007271  TIMA0_IRQHandler                     
00006185  TIMA1_IRQHandler                     
00006859  TIMG0_IRQHandler                     
00007275  TIMG12_IRQHandler                    
00005f55  TIMG6_IRQHandler                     
00007279  TIMG7_IRQHandler                     
0000727d  TIMG8_IRQHandler                     
000070b1  TI_memcpy_small                      
0000713f  TI_memset_small                      
00007281  UART0_IRQHandler                     
00007285  UART1_IRQHandler                     
00007289  UART2_IRQHandler                     
0000728d  UART3_IRQHandler                     
000061c1  UART_sendString                      
20208000  __STACK_END                          
00000200  __STACK_SIZE                         
00000000  __TI_ATRegion0_region_sz             
00000000  __TI_ATRegion0_src_addr              
00000000  __TI_ATRegion0_trg_addr              
00000000  __TI_ATRegion1_region_sz             
00000000  __TI_ATRegion1_src_addr              
00000000  __TI_ATRegion1_trg_addr              
00000000  __TI_ATRegion2_region_sz             
00000000  __TI_ATRegion2_src_addr              
00000000  __TI_ATRegion2_trg_addr              
00008174  __TI_CINIT_Base                      
00008184  __TI_CINIT_Limit                     
00008184  __TI_CINIT_Warm                      
00008160  __TI_Handler_Table_Base              
0000816c  __TI_Handler_Table_Limit             
00006275  __TI_auto_init_nobinit_nopinit       
000052a1  __TI_decompress_lzss                 
000070c3  __TI_decompress_none                 
000059c1  __TI_ltoa                            
ffffffff  __TI_pprof_out_hndl                  
000000c1  __TI_printfi                         
ffffffff  __TI_prof_data_size                  
ffffffff  __TI_prof_data_start                 
00000000  __TI_static_base__                   
00006f73  __TI_zero_init_nomemset              
00002a27  __adddf3                             
00004583  __addsf3                             
00007ea0  __aeabi_ctype_table_                 
00007ea0  __aeabi_ctype_table_C                
00005391  __aeabi_d2f                          
00005c51  __aeabi_d2iz                         
00005ed1  __aeabi_d2uiz                        
00002a27  __aeabi_dadd                         
00005611  __aeabi_dcmpeq                       
0000564d  __aeabi_dcmpge                       
00005661  __aeabi_dcmpgt                       
00005639  __aeabi_dcmple                       
00005625  __aeabi_dcmplt                       
00003b2d  __aeabi_ddiv                         
000041fd  __aeabi_dmul                         
00002a1d  __aeabi_dsub                         
20200350  __aeabi_errno                        
000071e1  __aeabi_errno_addr                   
00005fd5  __aeabi_f2d                          
00006329  __aeabi_f2iz                         
00004583  __aeabi_fadd                         
00005675  __aeabi_fcmpeq                       
000056b1  __aeabi_fcmpge                       
000056c5  __aeabi_fcmpgt                       
0000569d  __aeabi_fcmple                       
00005689  __aeabi_fcmplt                       
0000521d  __aeabi_fdiv                         
00004ffd  __aeabi_fmul                         
00004579  __aeabi_fsub                         
00006709  __aeabi_i2d                          
000061fd  __aeabi_i2f                          
00005a71  __aeabi_idiv                         
00002baf  __aeabi_idiv0                        
00005a71  __aeabi_idivmod                      
00004d9b  __aeabi_ldiv0                        
00006a29  __aeabi_llsl                         
00006941  __aeabi_lmul                         
000071e9  __aeabi_memcpy                       
000071e9  __aeabi_memcpy4                      
000071e9  __aeabi_memcpy8                      
00007115  __aeabi_memset                       
00007115  __aeabi_memset4                      
00007115  __aeabi_memset8                      
0000691d  __aeabi_ui2d                         
00006881  __aeabi_ui2f                         
00005f95  __aeabi_uidiv                        
00005f95  __aeabi_uidivmod                     
0000703d  __aeabi_uldivmod                     
00006a29  __ashldi3                            
ffffffff  __binit__                            
00005479  __cmpdf2                             
000062b1  __cmpsf2                             
00003b2d  __divdf3                             
0000521d  __divsf3                             
00005479  __eqdf2                              
000062b1  __eqsf2                              
00005fd5  __extendsfdf2                        
00005c51  __fixdfsi                            
00006329  __fixsfsi                            
00005ed1  __fixunsdfsi                         
00006709  __floatsidf                          
000061fd  __floatsisf                          
0000691d  __floatunsidf                        
00006881  __floatunsisf                        
0000531d  __gedf2                              
00006239  __gesf2                              
0000531d  __gtdf2                              
00006239  __gtsf2                              
00005479  __ledf2                              
000062b1  __lesf2                              
00005479  __ltdf2                              
000062b1  __ltsf2                              
UNDEFED   __mpu_init                           
000041fd  __muldf3                             
00006941  __muldi3                             
000062ed  __muldsi3                            
00004ffd  __mulsf3                             
00005479  __nedf2                              
000062b1  __nesf2                              
20207e00  __stack                              
20200000  __start___llvm_prf_bits              
20200000  __start___llvm_prf_cnts              
20200000  __stop___llvm_prf_bits               
20200000  __stop___llvm_prf_cnts               
00002a1d  __subdf3                             
00004579  __subsf3                             
00005391  __truncdfsf2                         
00004cf9  __udivmoddi4                         
000068a9  _c_int00_noargs                      
UNDEFED   _system_post_cinit                   
00007291  _system_pre_init                     
0000720f  abort                                
202002c4  accel                                
202002d0  angle                                
202002d4  angle_init                           
00000a91  asin                                 
00000a91  asinl                                
00000df5  atan                                 
00002bb1  atan2                                
00002bb1  atan2l                               
00000df5  atanl                                
00006015  atoi                                 
ffffffff  binit                                
00005d2d  dmp_enable_6x_lp_quat                
000010ed  dmp_enable_feature                   
000056d9  dmp_enable_gyro_cal                  
00005d75  dmp_enable_lp_quat                   
00006bd1  dmp_load_motion_driver_firmware      
000022d1  dmp_read_fifo                        
00007051  dmp_register_android_orient_cb       
00007065  dmp_register_tap_cb                  
00004e39  dmp_set_fifo_rate                    
00002eb9  dmp_set_orientation                  
00005e49  dmp_set_shake_reject_thresh          
000064d1  dmp_set_shake_reject_time            
00006503  dmp_set_shake_reject_timeout         
00005547  dmp_set_tap_axes                     
00005e8d  dmp_set_tap_count                    
00001821  dmp_set_tap_thresh                   
000065c5  dmp_set_tap_time                     
000065f5  dmp_set_tap_time_multi               
20200354  encode_cnt_left                      
20200358  encode_cnt_right                     
00001c85  fmod                                 
00001c85  fmodl                                
00005859  frexp                                
00005859  frexpl                               
20200000  gPWM_MOTORBackup                     
20200178  gTIMER_GENERALBackup                 
202000bc  gTIMER_PIDBackup                     
20200370  general_timer_flag                   
00005739  get_angle_error                      
202002ca  gyro                                 
00008128  hw                                   
00000000  interruptVectors                     
20200371  into_wihle_flag                      
000044a1  ldexp                                
000044a1  ldexpl                               
000020cd  main                                 
00006965  memccpy                              
000069e9  memcmp                               
202002fa  more                                 
20200372  motor_on_flag                        
202002d8  motor_pid_left_value                 
202002dc  motor_pid_right_value                
000055ad  mpu6050_i2c_sda_unlock               
0000497d  mpu_configure_fifo                   
00005405  mpu_get_accel_fsr                    
00005799  mpu_get_gyro_fsr                     
0000649d  mpu_get_sample_rate                  
000037c1  mpu_init                             
000038e9  mpu_load_firmware                    
00003e45  mpu_lp_accel_mode                    
00003c39  mpu_read_fifo_stream                 
00004ba1  mpu_read_mem                         
00001a59  mpu_reset_fifo                       
000042e1  mpu_set_accel_fsr                    
0000287d  mpu_set_bypass                       
00004a39  mpu_set_dmp_state                    
000047f5  mpu_set_gyro_fsr                     
00004d9d  mpu_set_int_latched                  
00004725  mpu_set_lpf                          
00003f45  mpu_set_sample_rate                  
00003691  mpu_set_sensors                      
00004c4d  mpu_write_mem                        
00006625  mspm0_delay_ms                       
00006735  mspm0_get_clock_ms                   
0000355d  mspm0_i2c_read                       
000048b9  mspm0_i2c_write                      
2020035c  now_speed_left                       
20200360  now_speed_right                      
20200218  pid_angle                            
00003425  pid_cal                              
00006761  pid_calculate                        
00002d39  pid_controal                         
0000678d  pid_init                             
2020024c  pid_motor_left                       
20200280  pid_motor_right                      
20200373  pid_timer_flag                       
202002e0  pitch                                
202002b4  quat                                 
00008078  reg                                  
00006655  reset_pid                            
202002e4  roll                                 
000044a1  scalbn                               
000044a1  scalbnl                              
202002e8  sensor_timestamp                     
202002f8  sensors                              
00006361  sprintf                              
00003031  sqrt                                 
00003031  sqrtl                                
202002ec  start_time                           
20200364  target_angle                         
20200368  target_speed_left                    
2020036c  target_speed_right                   
00008050  test                                 
202002f0  tick_ms                              
00007105  wcslen                               
202002f4  yaw                                  


GLOBAL SYMBOLS: SORTED BY Symbol Address 

address   name                                 
-------   ----                                 
00000000  __TI_ATRegion0_region_sz             
00000000  __TI_ATRegion0_src_addr              
00000000  __TI_ATRegion0_trg_addr              
00000000  __TI_ATRegion1_region_sz             
00000000  __TI_ATRegion1_src_addr              
00000000  __TI_ATRegion1_trg_addr              
00000000  __TI_ATRegion2_region_sz             
00000000  __TI_ATRegion2_src_addr              
00000000  __TI_ATRegion2_trg_addr              
00000000  __TI_static_base__                   
00000000  interruptVectors                     
000000c1  __TI_printfi                         
00000200  __STACK_SIZE                         
00000a91  asin                                 
00000a91  asinl                                
00000df5  atan                                 
00000df5  atanl                                
000010ed  dmp_enable_feature                   
00001365  Set_Duty                             
000015c9  Read_Quad                            
00001821  dmp_set_tap_thresh                   
00001a59  mpu_reset_fifo                       
00001c85  fmod                                 
00001c85  fmodl                                
000020cd  main                                 
000022d1  dmp_read_fifo                        
000024c5  SYSCFG_DL_GPIO_init                  
0000287d  mpu_set_bypass                       
00002a1d  __aeabi_dsub                         
00002a1d  __subdf3                             
00002a27  __adddf3                             
00002a27  __aeabi_dadd                         
00002baf  __aeabi_idiv0                        
00002bb1  atan2                                
00002bb1  atan2l                               
00002d39  pid_controal                         
00002eb9  dmp_set_orientation                  
00003031  sqrt                                 
00003031  sqrtl                                
000031a1  MPU6050_Init                         
00003425  pid_cal                              
0000355d  mspm0_i2c_read                       
00003691  mpu_set_sensors                      
000037c1  mpu_init                             
000038e9  mpu_load_firmware                    
00003b2d  __aeabi_ddiv                         
00003b2d  __divdf3                             
00003c39  mpu_read_fifo_stream                 
00003d41  DL_Timer_initFourCCPWMMode           
00003e45  mpu_lp_accel_mode                    
00003f45  mpu_set_sample_rate                  
00004031  DL_Timer_initTimerMode               
00004119  GROUP1_IRQHandler                    
000041fd  __aeabi_dmul                         
000041fd  __muldf3                             
000042e1  mpu_set_accel_fsr                    
000043c5  DL_SYSCTL_configSYSPLL               
000044a1  ldexp                                
000044a1  ldexpl                               
000044a1  scalbn                               
000044a1  scalbnl                              
00004579  __aeabi_fsub                         
00004579  __subsf3                             
00004583  __addsf3                             
00004583  __aeabi_fadd                         
00004725  mpu_set_lpf                          
000047f5  mpu_set_gyro_fsr                     
000048b9  mspm0_i2c_write                      
0000497d  mpu_configure_fifo                   
00004a39  mpu_set_dmp_state                    
00004af1  SYSCFG_DL_initPower                  
00004ba1  mpu_read_mem                         
00004c4d  mpu_write_mem                        
00004cf9  __udivmoddi4                         
00004d9b  __aeabi_ldiv0                        
00004d9d  mpu_set_int_latched                  
00004e39  dmp_set_fifo_rate                    
00004f69  SYSCFG_DL_PWM_MOTOR_init             
00004ffd  __aeabi_fmul                         
00004ffd  __mulsf3                             
0000521d  __aeabi_fdiv                         
0000521d  __divsf3                             
000052a1  __TI_decompress_lzss                 
0000531d  __gedf2                              
0000531d  __gtdf2                              
00005391  __aeabi_d2f                          
00005391  __truncdfsf2                         
00005405  mpu_get_accel_fsr                    
00005479  __cmpdf2                             
00005479  __eqdf2                              
00005479  __ledf2                              
00005479  __ltdf2                              
00005479  __nedf2                              
00005547  dmp_set_tap_axes                     
000055ad  mpu6050_i2c_sda_unlock               
00005611  __aeabi_dcmpeq                       
00005625  __aeabi_dcmplt                       
00005639  __aeabi_dcmple                       
0000564d  __aeabi_dcmpge                       
00005661  __aeabi_dcmpgt                       
00005675  __aeabi_fcmpeq                       
00005689  __aeabi_fcmplt                       
0000569d  __aeabi_fcmple                       
000056b1  __aeabi_fcmpge                       
000056c5  __aeabi_fcmpgt                       
000056d9  dmp_enable_gyro_cal                  
00005739  get_angle_error                      
00005799  mpu_get_gyro_fsr                     
000057f9  DL_I2C_fillControllerTXFIFO          
00005859  frexp                                
00005859  frexpl                               
00005911  SYSCFG_DL_I2C_MPU6050_init           
00005969  SYSCFG_DL_I2C_OLED_init              
000059c1  __TI_ltoa                            
00005a71  __aeabi_idiv                         
00005a71  __aeabi_idivmod                      
00005c05  SYSCFG_DL_init                       
00005c51  __aeabi_d2iz                         
00005c51  __fixdfsi                            
00005c9d  DL_UART_init                         
00005ce5  SYSCFG_DL_SYSCTL_init                
00005d2d  dmp_enable_6x_lp_quat                
00005d75  dmp_enable_lp_quat                   
00005e05  DL_SYSCTL_switchMCLKfromSYSOSCtoHSCLK
00005e49  dmp_set_shake_reject_thresh          
00005e8d  dmp_set_tap_count                    
00005ed1  __aeabi_d2uiz                        
00005ed1  __fixunsdfsi                         
00005f15  SYSCFG_DL_UART_PC_init               
00005f55  TIMG6_IRQHandler                     
00005f95  __aeabi_uidiv                        
00005f95  __aeabi_uidivmod                     
00005fd5  __aeabi_f2d                          
00005fd5  __extendsfdf2                        
00006015  atoi                                 
0000610d  DL_I2C_flushControllerTXFIFO         
00006185  TIMA1_IRQHandler                     
000061c1  UART_sendString                      
000061fd  __aeabi_i2f                          
000061fd  __floatsisf                          
00006239  __gesf2                              
00006239  __gtsf2                              
00006275  __TI_auto_init_nobinit_nopinit       
000062b1  __cmpsf2                             
000062b1  __eqsf2                              
000062b1  __lesf2                              
000062b1  __ltsf2                              
000062b1  __nesf2                              
000062ed  __muldsi3                            
00006329  __aeabi_f2iz                         
00006329  __fixsfsi                            
00006361  sprintf                              
00006401  SYSCFG_DL_TIMER_GENERAL_init         
00006435  SYSCFG_DL_TIMER_INTOWHILE_init       
00006469  SYSCFG_DL_TIMER_PID_init             
0000649d  mpu_get_sample_rate                  
000064d1  dmp_set_shake_reject_time            
00006503  dmp_set_shake_reject_timeout         
00006565  Motor_Off                            
000065c5  dmp_set_tap_time                     
000065f5  dmp_set_tap_time_multi               
00006625  mspm0_delay_ms                       
00006655  reset_pid                            
00006685  Motor_On                             
00006709  __aeabi_i2d                          
00006709  __floatsidf                          
00006735  mspm0_get_clock_ms                   
00006761  pid_calculate                        
0000678d  pid_init                             
00006859  TIMG0_IRQHandler                     
00006881  __aeabi_ui2f                         
00006881  __floatunsisf                        
000068a9  _c_int00_noargs                      
000068f7  DL_I2C_setClockConfig                
0000691d  __aeabi_ui2d                         
0000691d  __floatunsidf                        
00006941  __aeabi_lmul                         
00006941  __muldi3                             
00006965  memccpy                              
000069e9  memcmp                               
00006a29  __aeabi_llsl                         
00006a29  __ashldi3                            
00006b99  DL_Timer_setCaptCompUpdateMethod     
00006bb5  DL_Timer_setClockConfig              
00006bd1  dmp_load_motion_driver_firmware      
00006dfd  DL_Timer_setCaptureCompareOutCtl     
00006ed5  SysTick_Init                         
00006f73  __TI_zero_init_nomemset              
0000703d  __aeabi_uldivmod                     
00007051  dmp_register_android_orient_cb       
00007065  dmp_register_tap_cb                  
0000709f  DL_UART_setClockConfig               
000070b1  TI_memcpy_small                      
000070c3  __TI_decompress_none                 
000070e5  DL_Timer_setCaptureCompareValue      
000070f5  SysTick_Handler                      
00007105  wcslen                               
00007115  __aeabi_memset                       
00007115  __aeabi_memset4                      
00007115  __aeabi_memset8                      
0000713f  TI_memset_small                      
0000714d  DL_Common_delayCycles                
000071e1  __aeabi_errno_addr                   
000071e9  __aeabi_memcpy                       
000071e9  __aeabi_memcpy4                      
000071e9  __aeabi_memcpy8                      
0000720f  abort                                
00007215  ADC0_IRQHandler                      
00007219  ADC1_IRQHandler                      
0000721d  AES_IRQHandler                       
00007221  CANFD0_IRQHandler                    
00007225  DAC0_IRQHandler                      
00007229  DMA_IRQHandler                       
0000722d  GROUP0_IRQHandler                    
00007230  C$$EXIT                              
00007231  HOSTexit                             
00007235  HardFault_Handler                    
00007239  I2C0_IRQHandler                      
0000723d  I2C1_IRQHandler                      
00007241  NMI_Handler                          
00007249  PendSV_Handler                       
0000724d  RTC_IRQHandler                       
00007251  Reset_Handler                        
00007265  SPI0_IRQHandler                      
00007269  SPI1_IRQHandler                      
0000726d  SVC_Handler                          
00007271  TIMA0_IRQHandler                     
00007275  TIMG12_IRQHandler                    
00007279  TIMG7_IRQHandler                     
0000727d  TIMG8_IRQHandler                     
00007281  UART0_IRQHandler                     
00007285  UART1_IRQHandler                     
00007289  UART2_IRQHandler                     
0000728d  UART3_IRQHandler                     
00007291  _system_pre_init                     
00007ea0  __aeabi_ctype_table_                 
00007ea0  __aeabi_ctype_table_C                
00008050  test                                 
00008078  reg                                  
00008128  hw                                   
00008160  __TI_Handler_Table_Base              
0000816c  __TI_Handler_Table_Limit             
00008174  __TI_CINIT_Base                      
00008184  __TI_CINIT_Limit                     
00008184  __TI_CINIT_Warm                      
20200000  __start___llvm_prf_bits              
20200000  __start___llvm_prf_cnts              
20200000  __stop___llvm_prf_bits               
20200000  __stop___llvm_prf_cnts               
20200000  gPWM_MOTORBackup                     
202000bc  gTIMER_PIDBackup                     
20200178  gTIMER_GENERALBackup                 
20200218  pid_angle                            
2020024c  pid_motor_left                       
20200280  pid_motor_right                      
202002b4  quat                                 
202002c4  accel                                
202002ca  gyro                                 
202002d0  angle                                
202002d4  angle_init                           
202002d8  motor_pid_left_value                 
202002dc  motor_pid_right_value                
202002e0  pitch                                
202002e4  roll                                 
202002e8  sensor_timestamp                     
202002ec  start_time                           
202002f0  tick_ms                              
202002f4  yaw                                  
202002f8  sensors                              
202002fa  more                                 
2020034f  S2_flag                              
20200350  __aeabi_errno                        
20200354  encode_cnt_left                      
20200358  encode_cnt_right                     
2020035c  now_speed_left                       
20200360  now_speed_right                      
20200364  target_angle                         
20200368  target_speed_left                    
2020036c  target_speed_right                   
20200370  general_timer_flag                   
20200371  into_wihle_flag                      
20200372  motor_on_flag                        
20200373  pid_timer_flag                       
20207e00  __stack                              
20208000  __STACK_END                          
ffffffff  __TI_pprof_out_hndl                  
ffffffff  __TI_prof_data_size                  
ffffffff  __TI_prof_data_start                 
ffffffff  __binit__                            
ffffffff  binit                                
UNDEFED   __mpu_init                           
UNDEFED   _system_post_cinit                   

[292 symbols]
