******************************************************************************
            TI ARM Clang Linker PC v4.0.3                      
******************************************************************************
>> Linked Thu Jun 19 17:00:28 2025

OUTPUT FILE NAME:   <empty_LP_MSPM0G3507_nortos_ticlang.out>
ENTRY POINT SYMBOL: "_c_int00_noargs"  address: 0000552d


MEMORY CONFIGURATION

         name            origin    length      used     unused   attr    fill
----------------------  --------  ---------  --------  --------  ----  --------
  FLASH                 00000000   00020000  00006f40  000190c0  R  X
  SRAM                  20200000   00008000  00000471  00007b8f  RW X
  BCR_CONFIG            41c00000   000000ff  00000000  000000ff  R   
  BSL_CONFIG            41c00100   00000080  00000000  00000080  R   


SEGMENT ALLOCATION MAP

run origin  load origin   length   init length attrs members
----------  ----------- ---------- ----------- ----- -------
00000000    00000000    00006f40   00006f40    r-x
  00000000    00000000    000000c0   000000c0    r-- .intvecs
  000000c0    000000c0    000057e0   000057e0    r-x .text
  000058a0    000058a0    00001660   00001660    r-- .rodata
  00006f00    00006f00    00000040   00000040    r-- .cinit
20200000    20200000    00000272   00000000    rw-
  20200000    20200000    00000217   00000000    rw- .bss
  20200218    20200218    0000005a   00000000    rw- .data
20207e00    20207e00    00000200   00000000    rw-
  20207e00    20207e00    00000200   00000000    rw- .stack


SECTION ALLOCATION MAP

 output                                  attributes/
section   page    origin      length       input sections
--------  ----  ----------  ----------   ----------------
.intvecs   0    00000000    000000c0     
                  00000000    000000c0     startup_mspm0g350x_ticlang.o (.intvecs)

.text      0    000000c0    000057e0     
                  000000c0    000009d0     libc.a : _printfi.c.obj (.text:__TI_printfi)
                  00000a90    00000364            : e_asin.c.obj (.text.asin)
                  00000df4    000002f8            : s_atan.c.obj (.text.atan)
                  000010ec    000002c0     oled_hardware_i2c.o (.text.OLED_Init)
                  000013ac    000002b0     inv_mpu_dmp_motion_driver.o (.text.dmp_enable_feature)
                  0000165c    00000220     libc.a : _printfi.c.obj (.text._pconv_a)
                  0000187c    00000210     mpu6050.o (.text.Read_Quad)
                  00001a8c    000001e4     inv_mpu.o (.text.mpu_lp_accel_mode)
                  00001c70    000001dc     libc.a : _printfi.c.obj (.text._pconv_g)
                  00001e4c    000001a8     inv_mpu_dmp_motion_driver.o (.text.dmp_read_fifo)
                  00001ff4    00000192     libclang_rt.builtins.a : adddf3.S.obj (.text.adddf3_subdf3)
                  00002186    00000002     startup_mspm0g350x_ticlang.o (.text.Default_Handler)
                  00002188    00000188     libc.a : e_atan2.c.obj (.text.atan2)
                  00002310    00000170            : e_sqrt.c.obj (.text.sqrt)
                  00002480    00000158     mspm0_i2c.o (.text.mspm0_i2c_read)
                  000025d8    00000150     inv_mpu.o (.text.mpu_reset_fifo)
                  00002728    00000148     inv_mpu.o (.text.mpu_load_firmware)
                  00002870    00000140     motor.o (.text.Set_Duty)
                  000029b0    0000013c     libc.a : _printfi.c.obj (.text.fcvt)
                  00002aec    00000138     oled_hardware_i2c.o (.text.OLED_WR_Byte)
                  00002c24    00000134     inv_mpu_dmp_motion_driver.o (.text.dmp_set_tap_thresh)
                  00002d58    00000130     mspm0_i2c.o (.text.mspm0_i2c_write)
                  00002e88    0000012c     interrupt.o (.text.TIMA1_IRQHandler)
                  00002fb4    00000120     libc.a : _printfi.c.obj (.text._pconv_e)
                  000030d4    0000010c     libclang_rt.builtins.a : divdf3.S.obj (.text.__divdf3)
                  000031e0    00000104     driverlib.a : dl_timer.o (.text.DL_Timer_initFourCCPWMMode)
                  000032e4    000000f8     inv_mpu.o (.text.mpu_set_bypass)
                  000033dc    000000f8     pid.o (.text.pid_cal)
                  000034d4    000000f4     inv_mpu.o (.text.mpu_init)
                  000035c8    000000ec     ti_msp_dl_config.o (.text.SYSCFG_DL_GPIO_init)
                  000036b4    000000ec     inv_mpu_dmp_motion_driver.o (.text.dmp_set_orientation)
                  000037a0    000000e8     driverlib.a : dl_timer.o (.text.DL_Timer_initTimerMode)
                  00003888    000000e4     libclang_rt.builtins.a : muldf3.S.obj (.text.__muldf3)
                  0000396c    000000e4     inv_mpu.o (.text.mpu_set_sample_rate)
                  00003a50    000000dc     driverlib.a : dl_sysctl_mspm0g1x0x_g3x0x.o (.text.DL_SYSCTL_configSYSPLL)
                  00003b2c    000000dc     oled_hardware_i2c.o (.text.OLED_ShowChar)
                  00003c08    000000dc     inv_mpu.o (.text.mpu_set_sensors)
                  00003ce4    000000d8     libc.a : s_scalbn.c.obj (.text.scalbn)
                  00003dbc    000000d8     libclang_rt.builtins.a : addsf3.S.obj (.text)
                  00003e94    000000d0     main.o (.text.main)
                  00003f64    000000d0     inv_mpu.o (.text.mpu_set_dmp_state)
                  00004034    000000b8     mpu6050.o (.text.MPU6050_Init)
                  000040ec    000000ac     inv_mpu.o (.text.mpu_configure_fifo)
                  00004198    000000a4     inv_mpu.o (.text.mpu_read_fifo_stream)
                  0000423c    000000a2     libclang_rt.builtins.a : udivmoddi4.S.obj (.text)
                  000042de    00000002                            : aeabi_div0.c.obj (.text.__aeabi_idiv0)
                  000042e0    0000009c     ti_msp_dl_config.o (.text.SYSCFG_DL_PWM_MOTOR_init)
                  0000437c    0000009a     libc.a : memcpy16.S.obj (.text:memcpy)
                  00004416    00000002     libclang_rt.builtins.a : aeabi_div0.c.obj (.text.__aeabi_ldiv0)
                  00004418    00000094     interrupt.o (.text.GROUP1_IRQHandler)
                  000044ac    00000090     mspm0_i2c.o (.text.mpu6050_i2c_sda_unlock)
                  0000453c    0000008c     libclang_rt.builtins.a : mulsf3.S.obj (.text.__mulsf3)
                  000045c8    00000082                            : divsf3.S.obj (.text.__divsf3)
                  0000464a    00000002     mpu6050.o (.text.android_orient_cb)
                  0000464c    0000007c     user.o (.text.datavision_send)
                  000046c8    0000007c     libc.a : copy_decompress_lzss.c.obj (.text:decompress:lzss)
                  00004744    0000007a     oled_hardware_i2c.o (.text.OLED_ShowString)
                  000047be    00000002     mpu6050.o (.text.tap_cb)
                  000047c0    00000074     libclang_rt.builtins.a : comparedf2.c.obj (.text.__gedf2)
                  00004834    0000000c     inv_mpu_dmp_motion_driver.o (.text.dmp_register_android_orient_cb)
                  00004840    00000074     libclang_rt.builtins.a : truncdfsf2.S.obj (.text.__truncdfsf2)
                  000048b4    00000074     inv_mpu.o (.text.mpu_set_lpf)
                  00004928    00000070     ti_msp_dl_config.o (.text.SYSCFG_DL_SYSCTL_init)
                  00004998    0000006c     inv_mpu.o (.text.mpu_write_mem)
                  00004a04    00000068     libclang_rt.builtins.a : comparedf2.c.obj (.text.__ledf2)
                  00004a6c    00000068     inv_mpu_dmp_motion_driver.o (.text.dmp_set_fifo_rate)
                  00004ad4    00000066     libc.a : _printfi.c.obj (.text._mcpy)
                  00004b3a    00000002     --HOLE-- [fill = 0]
                  00004b3c    00000062     libclang_rt.builtins.a : aeabi_dcmp.S.obj (.text.__aeabi_dcmp)
                  00004b9e    00000002     --HOLE-- [fill = 0]
                  00004ba0    00000062                            : aeabi_fcmp.S.obj (.text.__aeabi_fcmp)
                  00004c02    00000062     libc.a : memset16.S.obj (.text:memset)
                  00004c64    00000060     ti_msp_dl_config.o (.text.SYSCFG_DL_UART_PC_init)
                  00004cc4    00000060     ti_msp_dl_config.o (.text.SYSCFG_DL_initPower)
                  00004d24    0000005e     driverlib.a : dl_i2c.o (.text.DL_I2C_fillControllerTXFIFO)
                  00004d82    00000002     --HOLE-- [fill = 0]
                  00004d84    0000005c     libc.a : s_frexp.c.obj (.text.frexp)
                  00004de0    00000058            : _ltoa.c.obj (.text.__TI_ltoa)
                  00004e38    00000058            : _printfi.c.obj (.text._pconv_f)
                  00004e90    00000056     libclang_rt.builtins.a : aeabi_idivmod.S.obj (.text.__aeabi_idivmod)
                  00004ee6    00000002     --HOLE-- [fill = 0]
                  00004ee8    00000054     ti_msp_dl_config.o (.text.SYSCFG_DL_I2C_MPU6050_init)
                  00004f3c    00000054     ti_msp_dl_config.o (.text.SYSCFG_DL_I2C_OLED_init)
                  00004f90    00000052     libc.a : _printfi.c.obj (.text._ecpy)
                  00004fe2    00000002     --HOLE-- [fill = 0]
                  00004fe4    0000004a     libclang_rt.builtins.a : fixdfsi.S.obj (.text.__fixdfsi)
                  0000502e    00000002     --HOLE-- [fill = 0]
                  00005030    00000048     driverlib.a : dl_uart.o (.text.DL_UART_init)
                  00005078    00000044                 : dl_sysctl_mspm0g1x0x_g3x0x.o (.text.DL_SYSCTL_switchMCLKfromSYSOSCtoHSCLK)
                  000050bc    00000042     libclang_rt.builtins.a : fixunsdfsi.S.obj (.text.__fixunsdfsi)
                  000050fe    00000002     --HOLE-- [fill = 0]
                  00005100    00000040                            : aeabi_uidivmod.S.obj (.text.__aeabi_uidivmod)
                  00005140    00000040                            : extendsfdf2.S.obj (.text.__extendsfdf2)
                  00005180    00000040     libc.a : atoi.c.obj (.text.atoi)
                  000051c0    0000003c     driverlib.a : dl_i2c.o (.text.DL_I2C_flushControllerTXFIFO)
                  000051fc    0000003c     libclang_rt.builtins.a : floatsisf.S.obj (.text.__floatsisf)
                  00005238    0000003c                            : comparesf2.S.obj (.text.__gtsf2)
                  00005274    0000003c     libc.a : autoinit.c.obj (.text:__TI_auto_init_nobinit_nopinit)
                  000052b0    0000003a     libclang_rt.builtins.a : comparesf2.S.obj (.text.__eqsf2)
                  000052ea    00000002     --HOLE-- [fill = 0]
                  000052ec    0000003a                            : muldsi3.S.obj (.text.__muldsi3)
                  00005326    00000002     --HOLE-- [fill = 0]
                  00005328    00000038     ti_msp_dl_config.o (.text.SYSCFG_DL_TIMER_PID_init)
                  00005360    00000038     ti_msp_dl_config.o (.text.SYSCFG_DL_init)
                  00005398    00000038     clock.o (.text.SysTick_Init)
                  000053d0    00000038     libclang_rt.builtins.a : fixsfsi.S.obj (.text.__fixsfsi)
                  00005408    00000038     libc.a : sprintf.c.obj (.text.sprintf)
                  00005440    00000034     inv_mpu.o (.text.mpu_get_accel_fsr)
                  00005474    00000034     clock.o (.text.mspm0_delay_ms)
                  000054a8    00000030     libc.a : _printfi.c.obj (.text._fcpy)
                  000054d8    0000002c     libclang_rt.builtins.a : floatsidf.S.obj (.text.__floatsidf)
                  00005504    00000028                            : floatunsisf.S.obj (.text.__floatunsisf)
                  0000552c    00000028     libc.a : boot_cortex_m.c.obj (.text:_c_int00_noargs)
                  00005554    00000026     driverlib.a : dl_i2c.o (.text.DL_I2C_setClockConfig)
                  0000557a    00000002     --HOLE-- [fill = 0]
                  0000557c    00000024     libclang_rt.builtins.a : muldi3.S.obj (.text.__muldi3)
                  000055a0    00000022     libc.a : memccpy.c.obj (.text.memccpy)
                  000055c2    00000002     --HOLE-- [fill = 0]
                  000055c4    00000020     inv_mpu.o (.text.mpu_get_gyro_fsr)
                  000055e4    00000020     pid.o (.text.pid_calculate)
                  00005604    0000001e     libclang_rt.builtins.a : ashldi3.S.obj (.text.__ashldi3)
                  00005622    00000002     --HOLE-- [fill = 0]
                  00005624    0000001c     driverlib.a : dl_timer.o (.text.DL_Timer_setCaptCompUpdateMethod)
                  00005640    0000001c                 : dl_timer.o (.text.DL_Timer_setClockConfig)
                  0000565c    0000001c     inv_mpu_dmp_motion_driver.o (.text.dmp_load_motion_driver_firmware)
                  00005678    0000001c     inv_mpu.o (.text.mpu_get_sample_rate)
                  00005694    00000018     driverlib.a : dl_timer.o (.text.DL_Timer_setCaptureCompareOutCtl)
                  000056ac    00000018     libc.a : sprintf.c.obj (.text._outs)
                  000056c4    00000018     clock.o (.text.mspm0_get_clock_ms)
                  000056dc    00000016     libc.a : copy_zero_init.c.obj (.text:decompress:ZI:__TI_zero_init_nomemset)
                  000056f2    00000002     --HOLE-- [fill = 0]
                  000056f4    00000014     motor.o (.text.Motor_Off)
                  00005708    00000014     motor.o (.text.Motor_On)
                  0000571c    00000014     libclang_rt.builtins.a : aeabi_uldivmod.S.obj (.text.__aeabi_uldivmod)
                  00005730    00000014     libc.a : _printfi.c.obj (.text.strchr)
                  00005744    00000012     driverlib.a : dl_uart.o (.text.DL_UART_setClockConfig)
                  00005756    00000012     libc.a : copy_decompress_none.c.obj (.text:decompress:none)
                  00005768    00000010     driverlib.a : dl_timer.o (.text.DL_Timer_setCaptureCompareValue)
                  00005778    00000010     interrupt.o (.text.SysTick_Handler)
                  00005788    00000010     libc.a : wcslen.c.obj (.text.wcslen)
                  00005798    0000000e     libclang_rt.builtins.a : aeabi_memset.S.obj (.text.__aeabi_memset)
                  000057a6    0000000e     libc.a : _printfi.c.obj (.text.strlen)
                  000057b4    0000000c     inv_mpu_dmp_motion_driver.o (.text.dmp_register_tap_cb)
                  000057c0    0000000c     pid.o (.text.pid_init)
                  000057cc    0000000a     driverlib.a : dl_common.o (.text.DL_Common_delayCycles)
                  000057d6    0000000a     libc.a : _printfi.c.obj (.text.OUTLINED_FUNCTION_0)
                  000057e0    00000010     libclang_rt.builtins.a : adddf3.S.obj (.tramp.__aeabi_dsub.1)
                  000057f0    0000000a     libc.a : e_asin.c.obj (.text.OUTLINED_FUNCTION_0)
                  000057fa    00000002     --HOLE-- [fill = 0]
                  000057fc    00000010     libclang_rt.builtins.a : muldf3.S.obj (.tramp.__aeabi_dmul.1)
                  0000580c    0000000a     libc.a : s_atan.c.obj (.text.OUTLINED_FUNCTION_0)
                  00005816    0000000a            : _printfi.c.obj (.text.OUTLINED_FUNCTION_1)
                  00005820    0000000a            : e_asin.c.obj (.text.OUTLINED_FUNCTION_1)
                  0000582a    0000000a            : e_asin.c.obj (.text.OUTLINED_FUNCTION_3)
                  00005834    00000010     libclang_rt.builtins.a : divdf3.S.obj (.tramp.__aeabi_ddiv.1)
                  00005844    0000000a     libc.a : sprintf.c.obj (.text._outc)
                  0000584e    00000008            : s_atan.c.obj (.text.OUTLINED_FUNCTION_2)
                  00005856    00000002     --HOLE-- [fill = 0]
                  00005858    00000008            : aeabi_portable.c.obj (.text.__aeabi_errno_addr)
                  00005860    00000008     libclang_rt.builtins.a : aeabi_memcpy.S.obj (.text.__aeabi_memcpy)
                  00005868    00000006     libc.a : s_atan.c.obj (.text.OUTLINED_FUNCTION_1)
                  0000586e    00000002     --HOLE-- [fill = 0]
                  00005870    00000010     libclang_rt.builtins.a : adddf3.S.obj (.tramp.__aeabi_dadd.1)
                  00005880    00000006     libc.a : e_asin.c.obj (.text.OUTLINED_FUNCTION_2)
                  00005886    00000006            : exit.c.obj (.text:abort)
                  0000588c    00000004     libsysbm.a : hostexit.c.obj (.text.HOSTexit)
                  00005890    00000004     libc.a : e_asin.c.obj (.text.OUTLINED_FUNCTION_4)
                  00005894    00000004     startup_mspm0g350x_ticlang.o (.text.Reset_Handler)
                  00005898    00000004     libc.a : pre_init.c.obj (.text._system_pre_init)
                  0000589c    00000004     --HOLE-- [fill = 0]

.cinit     0    00006f00    00000040     
                  00006f00    0000001a     (.cinit..data.load) [load image, compression = lzss]
                  00006f1a    00000002     --HOLE-- [fill = 0]
                  00006f1c    0000000c     (__TI_handler_table)
                  00006f28    00000008     (.cinit..bss.load) [load image, compression = zero_init]
                  00006f30    00000010     (__TI_cinit_table)

.rodata    0    000058a0    00001660     
                  000058a0    00000bf6     inv_mpu_dmp_motion_driver.o (.rodata.dmp_memory)
                  00006496    000005f0     oled_hardware_i2c.o (.rodata.asc2_1608)
                  00006a86    00000228     oled_hardware_i2c.o (.rodata.asc2_0806)
                  00006cae    00000002     ti_msp_dl_config.o (.rodata.gI2C_MPU6050ClockConfig)
                  00006cb0    00000101     libc.a : aeabi_ctype.S.obj (.rodata:__aeabi_ctype_table_)
                  00006db1    00000007     main.o (.rodata.str1.8154729771448623357.1)
                  00006db8    00000040     libc.a : s_atan.c.obj (.rodata.cst32)
                  00006df8    00000028     ti_msp_dl_config.o (.rodata.gSYSPLLConfig)
                  00006e20    00000028     inv_mpu.o (.rodata.test)
                  00006e48    0000001e     inv_mpu.o (.rodata.reg)
                  00006e66    00000018     inv_mpu.o (.rodata.cst8)
                  00006e7e    00000018     user.o (.rodata.str1.17812846006744588262.1)
                  00006e96    00000002     ti_msp_dl_config.o (.rodata.gI2C_OLEDClockConfig)
                  00006e98    00000014     ti_msp_dl_config.o (.rodata.gTIMER_PIDTimerConfig)
                  00006eac    00000011     libc.a : _printfi.c.obj (.rodata.str1.10348868589481759720.1)
                  00006ebd    00000011            : _printfi.c.obj (.rodata.str1.15363888844622738466.1)
                  00006ece    0000000c     inv_mpu.o (.rodata.hw)
                  00006eda    0000000a     ti_msp_dl_config.o (.rodata.gUART_PCConfig)
                  00006ee4    00000008     ti_msp_dl_config.o (.rodata.gPWM_MOTORConfig)
                  00006eec    00000006     main.o (.rodata.str1.15159059442110792349.1)
                  00006ef2    00000003     inv_mpu_dmp_motion_driver.o (.rodata..L__const.dmp_set_orientation.accel_axes)
                  00006ef5    00000003     inv_mpu_dmp_motion_driver.o (.rodata..L__const.dmp_set_orientation.gyro_axes)
                  00006ef8    00000003     ti_msp_dl_config.o (.rodata.gPWM_MOTORClockConfig)
                  00006efb    00000003     ti_msp_dl_config.o (.rodata.gTIMER_PIDClockConfig)
                  00006efe    00000002     ti_msp_dl_config.o (.rodata.gUART_PCClockConfig)

.init_array 
*          0    00000000    00000000     UNINITIALIZED

.binit     0    00000000    00000000     

.bss       0    20200000    00000217     UNINITIALIZED
                  20200000    000000bc     (.common:gPWM_MOTORBackup)
                  202000bc    000000bc     (.common:gTIMER_PIDBackup)
                  20200178    00000034     (.common:pid_motor_left)
                  202001ac    00000034     (.common:pid_motor_right)
                  202001e0    00000010     (.common:quat)
                  202001f0    00000006     (.common:accel)
                  202001f6    00000006     (.common:gyro)
                  202001fc    00000004     (.common:pitch)
                  20200200    00000004     (.common:roll)
                  20200204    00000004     (.common:sensor_timestamp)
                  20200208    00000004     (.common:start_time)
                  2020020c    00000004     (.common:tick_ms)
                  20200210    00000004     (.common:yaw)
                  20200214    00000002     (.common:sensors)
                  20200216    00000001     (.common:more)

.data      0    20200218    0000005a     UNINITIALIZED
                  20200218    0000002c     inv_mpu.o (.data.st)
                  20200244    00000004     libc.a : aeabi_portable.c.obj (.data.__aeabi_errno)
                  20200248    00000004     inv_mpu_dmp_motion_driver.o (.data.dmp.0)
                  2020024c    00000004     inv_mpu_dmp_motion_driver.o (.data.dmp.1)
                  20200250    00000004     main.o (.data.encode_cnt_left)
                  20200254    00000004     main.o (.data.encode_cnt_right)
                  20200258    00000004     main.o (.data.now_speed_left)
                  2020025c    00000004     main.o (.data.now_speed_right)
                  20200260    00000004     main.o (.data.target_speed_left)
                  20200264    00000004     main.o (.data.target_speed_right)
                  20200268    00000002     inv_mpu_dmp_motion_driver.o (.data.dmp.2)
                  2020026a    00000001     inv_mpu_dmp_motion_driver.o (.data.dmp.5)
                  2020026b    00000001     --HOLE--
                  2020026c    00000002     inv_mpu_dmp_motion_driver.o (.data.dmp.3)
                  2020026e    00000002     --HOLE--
                  20200270    00000002     inv_mpu_dmp_motion_driver.o (.data.dmp.4)

.stack     0    20207e00    00000200     UNINITIALIZED
                  20207e00    00000004     libc.a : boot_cortex_m.c.obj (.stack)
                  20207e04    000001fc     --HOLE--

__llvm_prf_cnts 
*          0    20200000    00000000     UNINITIALIZED

__llvm_prf_bits 
*          0    20200000    00000000     UNINITIALIZED

MODULE SUMMARY

       Module                         code    ro data   rw data
       ------                         ----    -------   -------
    .\
       ti_msp_dl_config.o             976     90        376    
       startup_mspm0g350x_ticlang.o   6       192       0      
    +--+------------------------------+-------+---------+---------+
       Total:                         982     282       376    
                                                               
    .\MPU6050\
       inv_mpu_dmp_motion_driver.o    1812    3068      15     
       inv_mpu.o                      2968    106       44     
       mspm0_i2c.o                    792     0         0      
       mpu6050.o                      716     0         47     
    +--+------------------------------+-------+---------+---------+
       Total:                         6288    3174      106    
                                                               
    .\MSPM0\
       interrupt.o                    464     0         104    
       clock.o                        132     0         8      
    +--+------------------------------+-------+---------+---------+
       Total:                         596     0         112    
                                                               
    .\OLED_Hardware_I2C\
       oled_hardware_i2c.o            1358    2072      0      
    +--+------------------------------+-------+---------+---------+
       Total:                         1358    2072      0      
                                                               
    .\motor\
       motor.o                        360     0         0      
       pid.o                          292     0         0      
    +--+------------------------------+-------+---------+---------+
       Total:                         652     0         0      
                                                               
    .\user\
       main.o                         208     13        24     
       user.o                         124     24        0      
    +--+------------------------------+-------+---------+---------+
       Total:                         332     37        24     
                                                               
    C:/APPLICATION/ti_SDK/mspm0_sdk_2_04_00_06/source/ti/driverlib/lib/ticlang/m0p/mspm0g1x0x_g3x0x/driverlib.a
       dl_timer.o                     588     0         0      
       dl_sysctl_mspm0g1x0x_g3x0x.o   288     0         0      
       dl_i2c.o                       192     0         0      
       dl_uart.o                      90      0         0      
       dl_common.o                    10      0         0      
    +--+------------------------------+-------+---------+---------+
       Total:                         1168    0         0      
                                                               
    C:\APPLICATION\TIccs2011\ccs\tools\compiler\ti-cgt-armllvm_4.0.3.LTS\lib\armv6m-ti-none-eabi/c/libc.a
       _printfi.c.obj                 4510    34        0      
       e_asin.c.obj                   908     0         0      
       s_atan.c.obj                   784     64        0      
       e_atan2.c.obj                  392     0         0      
       e_sqrt.c.obj                   368     0         0      
       aeabi_ctype.S.obj              0       257       0      
       s_scalbn.c.obj                 216     0         0      
       memcpy16.S.obj                 154     0         0      
       copy_decompress_lzss.c.obj     124     0         0      
       memset16.S.obj                 98      0         0      
       s_frexp.c.obj                  92      0         0      
       sprintf.c.obj                  90      0         0      
       _ltoa.c.obj                    88      0         0      
       atoi.c.obj                     64      0         0      
       autoinit.c.obj                 60      0         0      
       boot_cortex_m.c.obj            40      0         0      
       memccpy.c.obj                  34      0         0      
       copy_zero_init.c.obj           22      0         0      
       copy_decompress_none.c.obj     18      0         0      
       wcslen.c.obj                   16      0         0      
       aeabi_portable.c.obj           8       0         4      
       exit.c.obj                     6       0         0      
       pre_init.c.obj                 4       0         0      
    +--+------------------------------+-------+---------+---------+
       Total:                         8096    355       4      
                                                               
    C:\APPLICATION\TIccs2011\ccs\tools\compiler\ti-cgt-armllvm_4.0.3.LTS\lib\armv6m-ti-none-eabi/c/libsysbm.a
       hostexit.c.obj                 4       0         0      
    +--+------------------------------+-------+---------+---------+
       Total:                         4       0         0      
                                                               
    C:\APPLICATION\TIccs2011\ccs\tools\compiler\ti-cgt-armllvm_4.0.3.LTS\lib\armv6m-ti-none-eabi/libclang_rt.builtins.a
       adddf3.S.obj                   434     0         0      
       divdf3.S.obj                   284     0         0      
       muldf3.S.obj                   244     0         0      
       comparedf2.c.obj               220     0         0      
       addsf3.S.obj                   216     0         0      
       udivmoddi4.S.obj               162     0         0      
       mulsf3.S.obj                   140     0         0      
       divsf3.S.obj                   130     0         0      
       comparesf2.S.obj               118     0         0      
       truncdfsf2.S.obj               116     0         0      
       aeabi_dcmp.S.obj               98      0         0      
       aeabi_fcmp.S.obj               98      0         0      
       aeabi_idivmod.S.obj            86      0         0      
       fixdfsi.S.obj                  74      0         0      
       fixunsdfsi.S.obj               66      0         0      
       aeabi_uidivmod.S.obj           64      0         0      
       extendsfdf2.S.obj              64      0         0      
       floatsisf.S.obj                60      0         0      
       muldsi3.S.obj                  58      0         0      
       fixsfsi.S.obj                  56      0         0      
       floatsidf.S.obj                44      0         0      
       floatunsisf.S.obj              40      0         0      
       muldi3.S.obj                   36      0         0      
       ashldi3.S.obj                  30      0         0      
       aeabi_uldivmod.S.obj           20      0         0      
       aeabi_memset.S.obj             14      0         0      
       aeabi_memcpy.S.obj             8       0         0      
       aeabi_div0.c.obj               4       0         0      
    +--+------------------------------+-------+---------+---------+
       Total:                         2984    0         0      
                                                               
       Stack:                         0       0         512    
       Linker Generated:              0       62        0      
    +--+------------------------------+-------+---------+---------+
       Grand Total:                   22460   5982      1134   


LINKER GENERATED COPY TABLES

__TI_cinit_table @ 00006f30 records: 2, size/record: 8, table size: 16
	.data: load addr=00006f00, load size=0000001a bytes, run addr=20200218, run size=0000005a bytes, compression=lzss
	.bss: load addr=00006f28, load size=00000008 bytes, run addr=20200000, run size=00000217 bytes, compression=zero_init


LINKER GENERATED HANDLER TABLE

__TI_handler_table @ 00006f1c records: 3, size/record: 4, table size: 12
	index: 0, handler: __TI_decompress_lzss
	index: 1, handler: __TI_decompress_none
	index: 2, handler: __TI_zero_init


FAR CALL TRAMPOLINES

callee name               trampoline name
   callee addr  tramp addr   call addr  call info
--------------  -----------  ---------  ----------------
__aeabi_dsub              $Tramp$TT$L$PI$$__aeabi_dsub
   00001ff5     000057e0     000057de   libc.a : _printfi.c.obj (.text.OUTLINED_FUNCTION_0)
__aeabi_dmul              $Tramp$TT$L$PI$$__aeabi_dmul
   00003889     000057fc     000057f8   libc.a : e_asin.c.obj (.text.OUTLINED_FUNCTION_0)
                             00005814          : s_atan.c.obj (.text.OUTLINED_FUNCTION_0)
                             00005828          : e_asin.c.obj (.text.OUTLINED_FUNCTION_1)
                             00005854          : s_atan.c.obj (.text.OUTLINED_FUNCTION_2)
                             00005884          : e_asin.c.obj (.text.OUTLINED_FUNCTION_2)
__aeabi_ddiv              $Tramp$TT$L$PI$$__aeabi_ddiv
   000030d5     00005834     00005832   libc.a : e_asin.c.obj (.text.OUTLINED_FUNCTION_3)
__aeabi_dadd              $Tramp$TT$L$PI$$__aeabi_dadd
   00001fff     00005870     0000586c   libc.a : s_atan.c.obj (.text.OUTLINED_FUNCTION_1)
                             00005892          : e_asin.c.obj (.text.OUTLINED_FUNCTION_4)

[4 trampolines]
[9 trampoline calls]


GLOBAL SYMBOLS: SORTED ALPHABETICALLY BY Name 

address   name                                 
-------   ----                                 
00002187  ADC0_IRQHandler                      
00002187  ADC1_IRQHandler                      
00002187  AES_IRQHandler                       
0000588c  C$$EXIT                              
00002187  CANFD0_IRQHandler                    
00002187  DAC0_IRQHandler                      
000057cd  DL_Common_delayCycles                
00004d25  DL_I2C_fillControllerTXFIFO          
000051c1  DL_I2C_flushControllerTXFIFO         
00005555  DL_I2C_setClockConfig                
00003a51  DL_SYSCTL_configSYSPLL               
00005079  DL_SYSCTL_switchMCLKfromSYSOSCtoHSCLK
000031e1  DL_Timer_initFourCCPWMMode           
000037a1  DL_Timer_initTimerMode               
00005625  DL_Timer_setCaptCompUpdateMethod     
00005695  DL_Timer_setCaptureCompareOutCtl     
00005769  DL_Timer_setCaptureCompareValue      
00005641  DL_Timer_setClockConfig              
00005031  DL_UART_init                         
00005745  DL_UART_setClockConfig               
00002187  DMA_IRQHandler                       
00002187  Default_Handler                      
00002187  GROUP0_IRQHandler                    
00004419  GROUP1_IRQHandler                    
0000588d  HOSTexit                             
00002187  HardFault_Handler                    
00002187  I2C0_IRQHandler                      
00002187  I2C1_IRQHandler                      
00004035  MPU6050_Init                         
000056f5  Motor_Off                            
00005709  Motor_On                             
00002187  NMI_Handler                          
000010ed  OLED_Init                            
00003b2d  OLED_ShowChar                        
00004745  OLED_ShowString                      
00002aed  OLED_WR_Byte                         
00002187  PendSV_Handler                       
00002187  RTC_IRQHandler                       
0000187d  Read_Quad                            
00005895  Reset_Handler                        
00002187  SPI0_IRQHandler                      
00002187  SPI1_IRQHandler                      
00002187  SVC_Handler                          
000035c9  SYSCFG_DL_GPIO_init                  
00004ee9  SYSCFG_DL_I2C_MPU6050_init           
00004f3d  SYSCFG_DL_I2C_OLED_init              
000042e1  SYSCFG_DL_PWM_MOTOR_init             
00004929  SYSCFG_DL_SYSCTL_init                
00005329  SYSCFG_DL_TIMER_PID_init             
00004c65  SYSCFG_DL_UART_PC_init               
00005361  SYSCFG_DL_init                       
00004cc5  SYSCFG_DL_initPower                  
00002871  Set_Duty                             
00005779  SysTick_Handler                      
00005399  SysTick_Init                         
00002187  TIMA0_IRQHandler                     
00002e89  TIMA1_IRQHandler                     
00002187  TIMG0_IRQHandler                     
00002187  TIMG12_IRQHandler                    
00002187  TIMG6_IRQHandler                     
00002187  TIMG7_IRQHandler                     
00002187  TIMG8_IRQHandler                     
00002187  UART0_IRQHandler                     
00002187  UART1_IRQHandler                     
00002187  UART2_IRQHandler                     
00002187  UART3_IRQHandler                     
20208000  __STACK_END                          
00000200  __STACK_SIZE                         
00000000  __TI_ATRegion0_region_sz             
00000000  __TI_ATRegion0_src_addr              
00000000  __TI_ATRegion0_trg_addr              
00000000  __TI_ATRegion1_region_sz             
00000000  __TI_ATRegion1_src_addr              
00000000  __TI_ATRegion1_trg_addr              
00000000  __TI_ATRegion2_region_sz             
00000000  __TI_ATRegion2_src_addr              
00000000  __TI_ATRegion2_trg_addr              
00006f30  __TI_CINIT_Base                      
00006f40  __TI_CINIT_Limit                     
00006f40  __TI_CINIT_Warm                      
00006f1c  __TI_Handler_Table_Base              
00006f28  __TI_Handler_Table_Limit             
00005275  __TI_auto_init_nobinit_nopinit       
000046c9  __TI_decompress_lzss                 
00005757  __TI_decompress_none                 
00004de1  __TI_ltoa                            
ffffffff  __TI_pprof_out_hndl                  
000000c1  __TI_printfi                         
ffffffff  __TI_prof_data_size                  
ffffffff  __TI_prof_data_start                 
00000000  __TI_static_base__                   
000056dd  __TI_zero_init_nomemset              
00001fff  __adddf3                             
00003dc7  __addsf3                             
00006cb0  __aeabi_ctype_table_                 
00006cb0  __aeabi_ctype_table_C                
00004841  __aeabi_d2f                          
00004fe5  __aeabi_d2iz                         
000050bd  __aeabi_d2uiz                        
00001fff  __aeabi_dadd                         
00004b3d  __aeabi_dcmpeq                       
00004b79  __aeabi_dcmpge                       
00004b8d  __aeabi_dcmpgt                       
00004b65  __aeabi_dcmple                       
00004b51  __aeabi_dcmplt                       
000030d5  __aeabi_ddiv                         
00003889  __aeabi_dmul                         
00001ff5  __aeabi_dsub                         
20200244  __aeabi_errno                        
00005859  __aeabi_errno_addr                   
00005141  __aeabi_f2d                          
000053d1  __aeabi_f2iz                         
00003dc7  __aeabi_fadd                         
00004ba1  __aeabi_fcmpeq                       
00004bdd  __aeabi_fcmpge                       
00004bf1  __aeabi_fcmpgt                       
00004bc9  __aeabi_fcmple                       
00004bb5  __aeabi_fcmplt                       
000045c9  __aeabi_fdiv                         
0000453d  __aeabi_fmul                         
00003dbd  __aeabi_fsub                         
000054d9  __aeabi_i2d                          
000051fd  __aeabi_i2f                          
00004e91  __aeabi_idiv                         
000042df  __aeabi_idiv0                        
00004e91  __aeabi_idivmod                      
00004417  __aeabi_ldiv0                        
00005605  __aeabi_llsl                         
0000557d  __aeabi_lmul                         
00005861  __aeabi_memcpy                       
00005861  __aeabi_memcpy4                      
00005861  __aeabi_memcpy8                      
00005799  __aeabi_memset                       
00005799  __aeabi_memset4                      
00005799  __aeabi_memset8                      
00005505  __aeabi_ui2f                         
00005101  __aeabi_uidiv                        
00005101  __aeabi_uidivmod                     
0000571d  __aeabi_uldivmod                     
00005605  __ashldi3                            
ffffffff  __binit__                            
00004a05  __cmpdf2                             
000052b1  __cmpsf2                             
000030d5  __divdf3                             
000045c9  __divsf3                             
00004a05  __eqdf2                              
000052b1  __eqsf2                              
00005141  __extendsfdf2                        
00004fe5  __fixdfsi                            
000053d1  __fixsfsi                            
000050bd  __fixunsdfsi                         
000054d9  __floatsidf                          
000051fd  __floatsisf                          
00005505  __floatunsisf                        
000047c1  __gedf2                              
00005239  __gesf2                              
000047c1  __gtdf2                              
00005239  __gtsf2                              
00004a05  __ledf2                              
000052b1  __lesf2                              
00004a05  __ltdf2                              
000052b1  __ltsf2                              
UNDEFED   __mpu_init                           
00003889  __muldf3                             
0000557d  __muldi3                             
000052ed  __muldsi3                            
0000453d  __mulsf3                             
00004a05  __nedf2                              
000052b1  __nesf2                              
20207e00  __stack                              
20200000  __start___llvm_prf_bits              
20200000  __start___llvm_prf_cnts              
20200000  __stop___llvm_prf_bits               
20200000  __stop___llvm_prf_cnts               
00001ff5  __subdf3                             
00003dbd  __subsf3                             
00004841  __truncdfsf2                         
0000423d  __udivmoddi4                         
0000552d  _c_int00_noargs                      
UNDEFED   _system_post_cinit                   
00005899  _system_pre_init                     
00005887  abort                                
202001f0  accel                                
00006a86  asc2_0806                            
00006496  asc2_1608                            
00000a91  asin                                 
00000a91  asinl                                
00000df5  atan                                 
00002189  atan2                                
00002189  atan2l                               
00000df5  atanl                                
00005181  atoi                                 
ffffffff  binit                                
0000464d  datavision_send                      
000013ad  dmp_enable_feature                   
0000565d  dmp_load_motion_driver_firmware      
00001e4d  dmp_read_fifo                        
00004835  dmp_register_android_orient_cb       
000057b5  dmp_register_tap_cb                  
00004a6d  dmp_set_fifo_rate                    
000036b5  dmp_set_orientation                  
00002c25  dmp_set_tap_thresh                   
20200250  encode_cnt_left                      
20200254  encode_cnt_right                     
00004d85  frexp                                
00004d85  frexpl                               
20200000  gPWM_MOTORBackup                     
202000bc  gTIMER_PIDBackup                     
202001f6  gyro                                 
00006ece  hw                                   
00000000  interruptVectors                     
00003ce5  ldexp                                
00003ce5  ldexpl                               
00003e95  main                                 
000055a1  memccpy                              
0000437d  memcpy                               
00004c03  memset                               
20200216  more                                 
000044ad  mpu6050_i2c_sda_unlock               
000040ed  mpu_configure_fifo                   
00005441  mpu_get_accel_fsr                    
000055c5  mpu_get_gyro_fsr                     
00005679  mpu_get_sample_rate                  
000034d5  mpu_init                             
00002729  mpu_load_firmware                    
00001a8d  mpu_lp_accel_mode                    
00004199  mpu_read_fifo_stream                 
000025d9  mpu_reset_fifo                       
000032e5  mpu_set_bypass                       
00003f65  mpu_set_dmp_state                    
000048b5  mpu_set_lpf                          
0000396d  mpu_set_sample_rate                  
00003c09  mpu_set_sensors                      
00004999  mpu_write_mem                        
00005475  mspm0_delay_ms                       
000056c5  mspm0_get_clock_ms                   
00002481  mspm0_i2c_read                       
00002d59  mspm0_i2c_write                      
20200258  now_speed_left                       
2020025c  now_speed_right                      
000033dd  pid_cal                              
000055e5  pid_calculate                        
000057c1  pid_init                             
20200178  pid_motor_left                       
202001ac  pid_motor_right                      
202001fc  pitch                                
202001e0  quat                                 
00006e48  reg                                  
20200200  roll                                 
00003ce5  scalbn                               
00003ce5  scalbnl                              
20200204  sensor_timestamp                     
20200214  sensors                              
00005409  sprintf                              
00002311  sqrt                                 
00002311  sqrtl                                
20200208  start_time                           
20200260  target_speed_left                    
20200264  target_speed_right                   
00006e20  test                                 
2020020c  tick_ms                              
00005789  wcslen                               
20200210  yaw                                  


GLOBAL SYMBOLS: SORTED BY Symbol Address 

address   name                                 
-------   ----                                 
00000000  __TI_ATRegion0_region_sz             
00000000  __TI_ATRegion0_src_addr              
00000000  __TI_ATRegion0_trg_addr              
00000000  __TI_ATRegion1_region_sz             
00000000  __TI_ATRegion1_src_addr              
00000000  __TI_ATRegion1_trg_addr              
00000000  __TI_ATRegion2_region_sz             
00000000  __TI_ATRegion2_src_addr              
00000000  __TI_ATRegion2_trg_addr              
00000000  __TI_static_base__                   
00000000  interruptVectors                     
000000c1  __TI_printfi                         
00000200  __STACK_SIZE                         
00000a91  asin                                 
00000a91  asinl                                
00000df5  atan                                 
00000df5  atanl                                
000010ed  OLED_Init                            
000013ad  dmp_enable_feature                   
0000187d  Read_Quad                            
00001a8d  mpu_lp_accel_mode                    
00001e4d  dmp_read_fifo                        
00001ff5  __aeabi_dsub                         
00001ff5  __subdf3                             
00001fff  __adddf3                             
00001fff  __aeabi_dadd                         
00002187  ADC0_IRQHandler                      
00002187  ADC1_IRQHandler                      
00002187  AES_IRQHandler                       
00002187  CANFD0_IRQHandler                    
00002187  DAC0_IRQHandler                      
00002187  DMA_IRQHandler                       
00002187  Default_Handler                      
00002187  GROUP0_IRQHandler                    
00002187  HardFault_Handler                    
00002187  I2C0_IRQHandler                      
00002187  I2C1_IRQHandler                      
00002187  NMI_Handler                          
00002187  PendSV_Handler                       
00002187  RTC_IRQHandler                       
00002187  SPI0_IRQHandler                      
00002187  SPI1_IRQHandler                      
00002187  SVC_Handler                          
00002187  TIMA0_IRQHandler                     
00002187  TIMG0_IRQHandler                     
00002187  TIMG12_IRQHandler                    
00002187  TIMG6_IRQHandler                     
00002187  TIMG7_IRQHandler                     
00002187  TIMG8_IRQHandler                     
00002187  UART0_IRQHandler                     
00002187  UART1_IRQHandler                     
00002187  UART2_IRQHandler                     
00002187  UART3_IRQHandler                     
00002189  atan2                                
00002189  atan2l                               
00002311  sqrt                                 
00002311  sqrtl                                
00002481  mspm0_i2c_read                       
000025d9  mpu_reset_fifo                       
00002729  mpu_load_firmware                    
00002871  Set_Duty                             
00002aed  OLED_WR_Byte                         
00002c25  dmp_set_tap_thresh                   
00002d59  mspm0_i2c_write                      
00002e89  TIMA1_IRQHandler                     
000030d5  __aeabi_ddiv                         
000030d5  __divdf3                             
000031e1  DL_Timer_initFourCCPWMMode           
000032e5  mpu_set_bypass                       
000033dd  pid_cal                              
000034d5  mpu_init                             
000035c9  SYSCFG_DL_GPIO_init                  
000036b5  dmp_set_orientation                  
000037a1  DL_Timer_initTimerMode               
00003889  __aeabi_dmul                         
00003889  __muldf3                             
0000396d  mpu_set_sample_rate                  
00003a51  DL_SYSCTL_configSYSPLL               
00003b2d  OLED_ShowChar                        
00003c09  mpu_set_sensors                      
00003ce5  ldexp                                
00003ce5  ldexpl                               
00003ce5  scalbn                               
00003ce5  scalbnl                              
00003dbd  __aeabi_fsub                         
00003dbd  __subsf3                             
00003dc7  __addsf3                             
00003dc7  __aeabi_fadd                         
00003e95  main                                 
00003f65  mpu_set_dmp_state                    
00004035  MPU6050_Init                         
000040ed  mpu_configure_fifo                   
00004199  mpu_read_fifo_stream                 
0000423d  __udivmoddi4                         
000042df  __aeabi_idiv0                        
000042e1  SYSCFG_DL_PWM_MOTOR_init             
0000437d  memcpy                               
00004417  __aeabi_ldiv0                        
00004419  GROUP1_IRQHandler                    
000044ad  mpu6050_i2c_sda_unlock               
0000453d  __aeabi_fmul                         
0000453d  __mulsf3                             
000045c9  __aeabi_fdiv                         
000045c9  __divsf3                             
0000464d  datavision_send                      
000046c9  __TI_decompress_lzss                 
00004745  OLED_ShowString                      
000047c1  __gedf2                              
000047c1  __gtdf2                              
00004835  dmp_register_android_orient_cb       
00004841  __aeabi_d2f                          
00004841  __truncdfsf2                         
000048b5  mpu_set_lpf                          
00004929  SYSCFG_DL_SYSCTL_init                
00004999  mpu_write_mem                        
00004a05  __cmpdf2                             
00004a05  __eqdf2                              
00004a05  __ledf2                              
00004a05  __ltdf2                              
00004a05  __nedf2                              
00004a6d  dmp_set_fifo_rate                    
00004b3d  __aeabi_dcmpeq                       
00004b51  __aeabi_dcmplt                       
00004b65  __aeabi_dcmple                       
00004b79  __aeabi_dcmpge                       
00004b8d  __aeabi_dcmpgt                       
00004ba1  __aeabi_fcmpeq                       
00004bb5  __aeabi_fcmplt                       
00004bc9  __aeabi_fcmple                       
00004bdd  __aeabi_fcmpge                       
00004bf1  __aeabi_fcmpgt                       
00004c03  memset                               
00004c65  SYSCFG_DL_UART_PC_init               
00004cc5  SYSCFG_DL_initPower                  
00004d25  DL_I2C_fillControllerTXFIFO          
00004d85  frexp                                
00004d85  frexpl                               
00004de1  __TI_ltoa                            
00004e91  __aeabi_idiv                         
00004e91  __aeabi_idivmod                      
00004ee9  SYSCFG_DL_I2C_MPU6050_init           
00004f3d  SYSCFG_DL_I2C_OLED_init              
00004fe5  __aeabi_d2iz                         
00004fe5  __fixdfsi                            
00005031  DL_UART_init                         
00005079  DL_SYSCTL_switchMCLKfromSYSOSCtoHSCLK
000050bd  __aeabi_d2uiz                        
000050bd  __fixunsdfsi                         
00005101  __aeabi_uidiv                        
00005101  __aeabi_uidivmod                     
00005141  __aeabi_f2d                          
00005141  __extendsfdf2                        
00005181  atoi                                 
000051c1  DL_I2C_flushControllerTXFIFO         
000051fd  __aeabi_i2f                          
000051fd  __floatsisf                          
00005239  __gesf2                              
00005239  __gtsf2                              
00005275  __TI_auto_init_nobinit_nopinit       
000052b1  __cmpsf2                             
000052b1  __eqsf2                              
000052b1  __lesf2                              
000052b1  __ltsf2                              
000052b1  __nesf2                              
000052ed  __muldsi3                            
00005329  SYSCFG_DL_TIMER_PID_init             
00005361  SYSCFG_DL_init                       
00005399  SysTick_Init                         
000053d1  __aeabi_f2iz                         
000053d1  __fixsfsi                            
00005409  sprintf                              
00005441  mpu_get_accel_fsr                    
00005475  mspm0_delay_ms                       
000054d9  __aeabi_i2d                          
000054d9  __floatsidf                          
00005505  __aeabi_ui2f                         
00005505  __floatunsisf                        
0000552d  _c_int00_noargs                      
00005555  DL_I2C_setClockConfig                
0000557d  __aeabi_lmul                         
0000557d  __muldi3                             
000055a1  memccpy                              
000055c5  mpu_get_gyro_fsr                     
000055e5  pid_calculate                        
00005605  __aeabi_llsl                         
00005605  __ashldi3                            
00005625  DL_Timer_setCaptCompUpdateMethod     
00005641  DL_Timer_setClockConfig              
0000565d  dmp_load_motion_driver_firmware      
00005679  mpu_get_sample_rate                  
00005695  DL_Timer_setCaptureCompareOutCtl     
000056c5  mspm0_get_clock_ms                   
000056dd  __TI_zero_init_nomemset              
000056f5  Motor_Off                            
00005709  Motor_On                             
0000571d  __aeabi_uldivmod                     
00005745  DL_UART_setClockConfig               
00005757  __TI_decompress_none                 
00005769  DL_Timer_setCaptureCompareValue      
00005779  SysTick_Handler                      
00005789  wcslen                               
00005799  __aeabi_memset                       
00005799  __aeabi_memset4                      
00005799  __aeabi_memset8                      
000057b5  dmp_register_tap_cb                  
000057c1  pid_init                             
000057cd  DL_Common_delayCycles                
00005859  __aeabi_errno_addr                   
00005861  __aeabi_memcpy                       
00005861  __aeabi_memcpy4                      
00005861  __aeabi_memcpy8                      
00005887  abort                                
0000588c  C$$EXIT                              
0000588d  HOSTexit                             
00005895  Reset_Handler                        
00005899  _system_pre_init                     
00006496  asc2_1608                            
00006a86  asc2_0806                            
00006cb0  __aeabi_ctype_table_                 
00006cb0  __aeabi_ctype_table_C                
00006e20  test                                 
00006e48  reg                                  
00006ece  hw                                   
00006f1c  __TI_Handler_Table_Base              
00006f28  __TI_Handler_Table_Limit             
00006f30  __TI_CINIT_Base                      
00006f40  __TI_CINIT_Limit                     
00006f40  __TI_CINIT_Warm                      
20200000  __start___llvm_prf_bits              
20200000  __start___llvm_prf_cnts              
20200000  __stop___llvm_prf_bits               
20200000  __stop___llvm_prf_cnts               
20200000  gPWM_MOTORBackup                     
202000bc  gTIMER_PIDBackup                     
20200178  pid_motor_left                       
202001ac  pid_motor_right                      
202001e0  quat                                 
202001f0  accel                                
202001f6  gyro                                 
202001fc  pitch                                
20200200  roll                                 
20200204  sensor_timestamp                     
20200208  start_time                           
2020020c  tick_ms                              
20200210  yaw                                  
20200214  sensors                              
20200216  more                                 
20200244  __aeabi_errno                        
20200250  encode_cnt_left                      
20200254  encode_cnt_right                     
20200258  now_speed_left                       
2020025c  now_speed_right                      
20200260  target_speed_left                    
20200264  target_speed_right                   
20207e00  __stack                              
20208000  __STACK_END                          
ffffffff  __TI_pprof_out_hndl                  
ffffffff  __TI_prof_data_size                  
ffffffff  __TI_prof_data_start                 
ffffffff  __binit__                            
ffffffff  binit                                
UNDEFED   __mpu_init                           
UNDEFED   _system_post_cinit                   

[263 symbols]
