<?xml version="1.0" encoding="ISO-8859-1" ?>
<link_info>
   <banner>TI ARM Clang Linker PC v4.0.3.LTS</banner>
   <copyright>Copyright (c) 1996-2018 Texas Instruments Incorporated</copyright>
   <command_line>C:\APPLICATION\TIccs2011\ccs\tools\compiler\ti-cgt-armllvm_4.0.3.LTS\bin\tiarmlnk -IC:\APPLICATION\TIccs2011\ccs\tools\compiler\ti-cgt-armllvm_4.0.3.LTS\lib -o empty_LP_MSPM0G3507_nortos_ticlang.out -mempty_LP_MSPM0G3507_nortos_ticlang.map -iC:/APPLICATION/ti_SDK/mspm0_sdk_2_04_00_06/source -iC:/Users/Xe-131/workspace_ccstheia/empty_LP_MSPM0G3507_nortos_ticlang -iC:/Users/Xe-131/workspace_ccstheia/empty_LP_MSPM0G3507_nortos_ticlang/Debug/syscfg -iC:/APPLICATION/TIccs2011/ccs/tools/compiler/ti-cgt-armllvm_4.0.3.LTS/lib --diag_wrap=off --display_error_number --warn_sections --xml_link_info=empty_LP_MSPM0G3507_nortos_ticlang_linkInfo.xml --rom_model ./ti_msp_dl_config.o ./startup_mspm0g350x_ticlang.o ./MPU6050/inv_mpu.o ./MPU6050/inv_mpu_dmp_motion_driver.o ./MPU6050/mpu6050.o ./MPU6050/mspm0_i2c.o ./MSPM0/clock.o ./MSPM0/interrupt.o ./OLED_Hardware_I2C/oled_hardware_i2c.o ./motor/motor.o ./motor/pid.o ./user/main.o ./user/user.o -l./device_linker.cmd -ldevice.cmd.genlibs -llibc.a --start-group -llibc++.a -llibc++abi.a -llibc.a -llibsys.a -llibsysbm.a -llibclang_rt.builtins.a -llibclang_rt.profile.a --end-group --cg_opt_level=0</command_line>
   <link_time>0x6859101c</link_time>
   <link_errors>0x0</link_errors>
   <output_file>C:\Users\Xe-131\workspace_ccstheia\empty_LP_MSPM0G3507_nortos_ticlang\Debug\empty_LP_MSPM0G3507_nortos_ticlang.out</output_file>
   <entry_point>
      <name>_c_int00_noargs</name>
      <address>0x684d</address>
   </entry_point>
   <input_file_list>
      <input_file id="fl-1">
         <path>C:\Users\Xe-131\workspace_ccstheia\empty_LP_MSPM0G3507_nortos_ticlang\Debug\.\</path>
         <kind>object</kind>
         <file>ti_msp_dl_config.o</file>
         <name>ti_msp_dl_config.o</name>
      </input_file>
      <input_file id="fl-2">
         <path>C:\Users\Xe-131\workspace_ccstheia\empty_LP_MSPM0G3507_nortos_ticlang\Debug\.\</path>
         <kind>object</kind>
         <file>startup_mspm0g350x_ticlang.o</file>
         <name>startup_mspm0g350x_ticlang.o</name>
      </input_file>
      <input_file id="fl-3">
         <path>C:\Users\Xe-131\workspace_ccstheia\empty_LP_MSPM0G3507_nortos_ticlang\Debug\.\MPU6050\</path>
         <kind>object</kind>
         <file>inv_mpu.o</file>
         <name>inv_mpu.o</name>
      </input_file>
      <input_file id="fl-4">
         <path>C:\Users\Xe-131\workspace_ccstheia\empty_LP_MSPM0G3507_nortos_ticlang\Debug\.\MPU6050\</path>
         <kind>object</kind>
         <file>inv_mpu_dmp_motion_driver.o</file>
         <name>inv_mpu_dmp_motion_driver.o</name>
      </input_file>
      <input_file id="fl-5">
         <path>C:\Users\Xe-131\workspace_ccstheia\empty_LP_MSPM0G3507_nortos_ticlang\Debug\.\MPU6050\</path>
         <kind>object</kind>
         <file>mpu6050.o</file>
         <name>mpu6050.o</name>
      </input_file>
      <input_file id="fl-6">
         <path>C:\Users\Xe-131\workspace_ccstheia\empty_LP_MSPM0G3507_nortos_ticlang\Debug\.\MPU6050\</path>
         <kind>object</kind>
         <file>mspm0_i2c.o</file>
         <name>mspm0_i2c.o</name>
      </input_file>
      <input_file id="fl-7">
         <path>C:\Users\Xe-131\workspace_ccstheia\empty_LP_MSPM0G3507_nortos_ticlang\Debug\.\MSPM0\</path>
         <kind>object</kind>
         <file>clock.o</file>
         <name>clock.o</name>
      </input_file>
      <input_file id="fl-8">
         <path>C:\Users\Xe-131\workspace_ccstheia\empty_LP_MSPM0G3507_nortos_ticlang\Debug\.\MSPM0\</path>
         <kind>object</kind>
         <file>interrupt.o</file>
         <name>interrupt.o</name>
      </input_file>
      <input_file id="fl-9">
         <path>C:\Users\Xe-131\workspace_ccstheia\empty_LP_MSPM0G3507_nortos_ticlang\Debug\.\OLED_Hardware_I2C\</path>
         <kind>object</kind>
         <file>oled_hardware_i2c.o</file>
         <name>oled_hardware_i2c.o</name>
      </input_file>
      <input_file id="fl-a">
         <path>C:\Users\Xe-131\workspace_ccstheia\empty_LP_MSPM0G3507_nortos_ticlang\Debug\.\motor\</path>
         <kind>object</kind>
         <file>motor.o</file>
         <name>motor.o</name>
      </input_file>
      <input_file id="fl-b">
         <path>C:\Users\Xe-131\workspace_ccstheia\empty_LP_MSPM0G3507_nortos_ticlang\Debug\.\motor\</path>
         <kind>object</kind>
         <file>pid.o</file>
         <name>pid.o</name>
      </input_file>
      <input_file id="fl-c">
         <path>C:\Users\Xe-131\workspace_ccstheia\empty_LP_MSPM0G3507_nortos_ticlang\Debug\.\user\</path>
         <kind>object</kind>
         <file>main.o</file>
         <name>main.o</name>
      </input_file>
      <input_file id="fl-d">
         <path>C:\Users\Xe-131\workspace_ccstheia\empty_LP_MSPM0G3507_nortos_ticlang\Debug\.\user\</path>
         <kind>object</kind>
         <file>user.o</file>
         <name>user.o</name>
      </input_file>
      <input_file id="fl-1a">
         <path>C:\Users\Xe-131\workspace_ccstheia\empty_LP_MSPM0G3507_nortos_ticlang\Debug\</path>
         <kind>object</kind>
         <file>&lt;internal&gt;</file>
         <name>&lt;internal&gt;</name>
      </input_file>
      <input_file id="fl-1b">
         <path>C:\APPLICATION\ti_SDK\mspm0_sdk_2_04_00_06\source\ti\driverlib\lib\ticlang\m0p\mspm0g1x0x_g3x0x\</path>
         <kind>archive</kind>
         <file>driverlib.a</file>
         <name>dl_common.o</name>
      </input_file>
      <input_file id="fl-1c">
         <path>C:\APPLICATION\ti_SDK\mspm0_sdk_2_04_00_06\source\ti\driverlib\lib\ticlang\m0p\mspm0g1x0x_g3x0x\</path>
         <kind>archive</kind>
         <file>driverlib.a</file>
         <name>dl_i2c.o</name>
      </input_file>
      <input_file id="fl-1d">
         <path>C:\APPLICATION\ti_SDK\mspm0_sdk_2_04_00_06\source\ti\driverlib\lib\ticlang\m0p\mspm0g1x0x_g3x0x\</path>
         <kind>archive</kind>
         <file>driverlib.a</file>
         <name>dl_timer.o</name>
      </input_file>
      <input_file id="fl-1e">
         <path>C:\APPLICATION\ti_SDK\mspm0_sdk_2_04_00_06\source\ti\driverlib\lib\ticlang\m0p\mspm0g1x0x_g3x0x\</path>
         <kind>archive</kind>
         <file>driverlib.a</file>
         <name>dl_uart.o</name>
      </input_file>
      <input_file id="fl-1f">
         <path>C:\APPLICATION\ti_SDK\mspm0_sdk_2_04_00_06\source\ti\driverlib\lib\ticlang\m0p\mspm0g1x0x_g3x0x\</path>
         <kind>archive</kind>
         <file>driverlib.a</file>
         <name>dl_sysctl_mspm0g1x0x_g3x0x.o</name>
      </input_file>
      <input_file id="fl-36">
         <path>C:\APPLICATION\TIccs2011\ccs\tools\compiler\ti-cgt-armllvm_4.0.3.LTS\lib\armv6m-ti-none-eabi\c\</path>
         <kind>archive</kind>
         <file>libc.a</file>
         <name>sprintf.c.obj</name>
      </input_file>
      <input_file id="fl-37">
         <path>C:\APPLICATION\TIccs2011\ccs\tools\compiler\ti-cgt-armllvm_4.0.3.LTS\lib\armv6m-ti-none-eabi\c\</path>
         <kind>archive</kind>
         <file>libc.a</file>
         <name>e_asin.c.obj</name>
      </input_file>
      <input_file id="fl-38">
         <path>C:\APPLICATION\TIccs2011\ccs\tools\compiler\ti-cgt-armllvm_4.0.3.LTS\lib\armv6m-ti-none-eabi\c\</path>
         <kind>archive</kind>
         <file>libc.a</file>
         <name>e_atan2.c.obj</name>
      </input_file>
      <input_file id="fl-39">
         <path>C:\APPLICATION\TIccs2011\ccs\tools\compiler\ti-cgt-armllvm_4.0.3.LTS\lib\armv6m-ti-none-eabi\c\</path>
         <kind>archive</kind>
         <file>libc.a</file>
         <name>e_fmod.c.obj</name>
      </input_file>
      <input_file id="fl-3a">
         <path>C:\APPLICATION\TIccs2011\ccs\tools\compiler\ti-cgt-armllvm_4.0.3.LTS\lib\armv6m-ti-none-eabi\c\</path>
         <kind>archive</kind>
         <file>libc.a</file>
         <name>e_sqrt.c.obj</name>
      </input_file>
      <input_file id="fl-3b">
         <path>C:\APPLICATION\TIccs2011\ccs\tools\compiler\ti-cgt-armllvm_4.0.3.LTS\lib\armv6m-ti-none-eabi\c\</path>
         <kind>archive</kind>
         <file>libc.a</file>
         <name>s_atan.c.obj</name>
      </input_file>
      <input_file id="fl-3c">
         <path>C:\APPLICATION\TIccs2011\ccs\tools\compiler\ti-cgt-armllvm_4.0.3.LTS\lib\armv6m-ti-none-eabi\c\</path>
         <kind>archive</kind>
         <file>libc.a</file>
         <name>aeabi_portable.c.obj</name>
      </input_file>
      <input_file id="fl-3d">
         <path>C:\APPLICATION\TIccs2011\ccs\tools\compiler\ti-cgt-armllvm_4.0.3.LTS\lib\armv6m-ti-none-eabi\c\</path>
         <kind>archive</kind>
         <file>libc.a</file>
         <name>assert.c.obj</name>
      </input_file>
      <input_file id="fl-3e">
         <path>C:\APPLICATION\TIccs2011\ccs\tools\compiler\ti-cgt-armllvm_4.0.3.LTS\lib\armv6m-ti-none-eabi\c\</path>
         <kind>archive</kind>
         <file>libc.a</file>
         <name>defs.c.obj</name>
      </input_file>
      <input_file id="fl-3f">
         <path>C:\APPLICATION\TIccs2011\ccs\tools\compiler\ti-cgt-armllvm_4.0.3.LTS\lib\armv6m-ti-none-eabi\c\</path>
         <kind>archive</kind>
         <file>libc.a</file>
         <name>memcmp.c.obj</name>
      </input_file>
      <input_file id="fl-40">
         <path>C:\APPLICATION\TIccs2011\ccs\tools\compiler\ti-cgt-armllvm_4.0.3.LTS\lib\armv6m-ti-none-eabi\c\</path>
         <kind>archive</kind>
         <file>libc.a</file>
         <name>memory.c.obj</name>
      </input_file>
      <input_file id="fl-41">
         <path>C:\APPLICATION\TIccs2011\ccs\tools\compiler\ti-cgt-armllvm_4.0.3.LTS\lib\armv6m-ti-none-eabi\c\</path>
         <kind>archive</kind>
         <file>libc.a</file>
         <name>boot_cortex_m.c.obj</name>
      </input_file>
      <input_file id="fl-42">
         <path>C:\APPLICATION\TIccs2011\ccs\tools\compiler\ti-cgt-armllvm_4.0.3.LTS\lib\armv6m-ti-none-eabi\c\</path>
         <kind>archive</kind>
         <file>libc.a</file>
         <name>mathacl_init.c.obj</name>
      </input_file>
      <input_file id="fl-43">
         <path>C:\APPLICATION\TIccs2011\ccs\tools\compiler\ti-cgt-armllvm_4.0.3.LTS\lib\armv6m-ti-none-eabi\c\</path>
         <kind>archive</kind>
         <file>libc.a</file>
         <name>autoinit.c.obj</name>
      </input_file>
      <input_file id="fl-44">
         <path>C:\APPLICATION\TIccs2011\ccs\tools\compiler\ti-cgt-armllvm_4.0.3.LTS\lib\armv6m-ti-none-eabi\c\</path>
         <kind>archive</kind>
         <file>libc.a</file>
         <name>pre_init.c.obj</name>
      </input_file>
      <input_file id="fl-45">
         <path>C:\APPLICATION\TIccs2011\ccs\tools\compiler\ti-cgt-armllvm_4.0.3.LTS\lib\armv6m-ti-none-eabi\c\</path>
         <kind>archive</kind>
         <file>libc.a</file>
         <name>cpy_tbl.c.obj</name>
      </input_file>
      <input_file id="fl-46">
         <path>C:\APPLICATION\TIccs2011\ccs\tools\compiler\ti-cgt-armllvm_4.0.3.LTS\lib\armv6m-ti-none-eabi\c\</path>
         <kind>archive</kind>
         <file>libc.a</file>
         <name>copy_zero_init.c.obj</name>
      </input_file>
      <input_file id="fl-47">
         <path>C:\APPLICATION\TIccs2011\ccs\tools\compiler\ti-cgt-armllvm_4.0.3.LTS\lib\armv6m-ti-none-eabi\c\</path>
         <kind>archive</kind>
         <file>libc.a</file>
         <name>copy_decompress_none.c.obj</name>
      </input_file>
      <input_file id="fl-48">
         <path>C:\APPLICATION\TIccs2011\ccs\tools\compiler\ti-cgt-armllvm_4.0.3.LTS\lib\armv6m-ti-none-eabi\c\</path>
         <kind>archive</kind>
         <file>libc.a</file>
         <name>copy_decompress_lzss.c.obj</name>
      </input_file>
      <input_file id="fl-49">
         <path>C:\APPLICATION\TIccs2011\ccs\tools\compiler\ti-cgt-armllvm_4.0.3.LTS\lib\armv6m-ti-none-eabi\c\</path>
         <kind>archive</kind>
         <file>libc.a</file>
         <name>_printfi.c.obj</name>
      </input_file>
      <input_file id="fl-4a">
         <path>C:\APPLICATION\TIccs2011\ccs\tools\compiler\ti-cgt-armllvm_4.0.3.LTS\lib\armv6m-ti-none-eabi\c\</path>
         <kind>archive</kind>
         <file>libc.a</file>
         <name>fflush.c.obj</name>
      </input_file>
      <input_file id="fl-4b">
         <path>C:\APPLICATION\TIccs2011\ccs\tools\compiler\ti-cgt-armllvm_4.0.3.LTS\lib\armv6m-ti-none-eabi\c\</path>
         <kind>archive</kind>
         <file>libc.a</file>
         <name>fputs.c.obj</name>
      </input_file>
      <input_file id="fl-4c">
         <path>C:\APPLICATION\TIccs2011\ccs\tools\compiler\ti-cgt-armllvm_4.0.3.LTS\lib\armv6m-ti-none-eabi\c\</path>
         <kind>archive</kind>
         <file>libc.a</file>
         <name>_io_perm.c.obj</name>
      </input_file>
      <input_file id="fl-4d">
         <path>C:\APPLICATION\TIccs2011\ccs\tools\compiler\ti-cgt-armllvm_4.0.3.LTS\lib\armv6m-ti-none-eabi\c\</path>
         <kind>archive</kind>
         <file>libc.a</file>
         <name>setvbuf.c.obj</name>
      </input_file>
      <input_file id="fl-4e">
         <path>C:\APPLICATION\TIccs2011\ccs\tools\compiler\ti-cgt-armllvm_4.0.3.LTS\lib\armv6m-ti-none-eabi\c\</path>
         <kind>archive</kind>
         <file>libc.a</file>
         <name>s_frexp.c.obj</name>
      </input_file>
      <input_file id="fl-4f">
         <path>C:\APPLICATION\TIccs2011\ccs\tools\compiler\ti-cgt-armllvm_4.0.3.LTS\lib\armv6m-ti-none-eabi\c\</path>
         <kind>archive</kind>
         <file>libc.a</file>
         <name>s_scalbn.c.obj</name>
      </input_file>
      <input_file id="fl-50">
         <path>C:\APPLICATION\TIccs2011\ccs\tools\compiler\ti-cgt-armllvm_4.0.3.LTS\lib\armv6m-ti-none-eabi\c\</path>
         <kind>archive</kind>
         <file>libc.a</file>
         <name>wcslen.c.obj</name>
      </input_file>
      <input_file id="fl-51">
         <path>C:\APPLICATION\TIccs2011\ccs\tools\compiler\ti-cgt-armllvm_4.0.3.LTS\lib\armv6m-ti-none-eabi\c\</path>
         <kind>archive</kind>
         <file>libc.a</file>
         <name>exit.c.obj</name>
      </input_file>
      <input_file id="fl-52">
         <path>C:\APPLICATION\TIccs2011\ccs\tools\compiler\ti-cgt-armllvm_4.0.3.LTS\lib\armv6m-ti-none-eabi\c\</path>
         <kind>archive</kind>
         <file>libc.a</file>
         <name>_lock.c.obj</name>
      </input_file>
      <input_file id="fl-53">
         <path>C:\APPLICATION\TIccs2011\ccs\tools\compiler\ti-cgt-armllvm_4.0.3.LTS\lib\armv6m-ti-none-eabi\c\</path>
         <kind>archive</kind>
         <file>libc.a</file>
         <name>_ltoa.c.obj</name>
      </input_file>
      <input_file id="fl-54">
         <path>C:\APPLICATION\TIccs2011\ccs\tools\compiler\ti-cgt-armllvm_4.0.3.LTS\lib\armv6m-ti-none-eabi\c\</path>
         <kind>archive</kind>
         <file>libc.a</file>
         <name>args_main.c.obj</name>
      </input_file>
      <input_file id="fl-55">
         <path>C:\APPLICATION\TIccs2011\ccs\tools\compiler\ti-cgt-armllvm_4.0.3.LTS\lib\armv6m-ti-none-eabi\c\</path>
         <kind>archive</kind>
         <file>libc.a</file>
         <name>atoi.c.obj</name>
      </input_file>
      <input_file id="fl-56">
         <path>C:\APPLICATION\TIccs2011\ccs\tools\compiler\ti-cgt-armllvm_4.0.3.LTS\lib\armv6m-ti-none-eabi\c\</path>
         <kind>archive</kind>
         <file>libc.a</file>
         <name>memccpy.c.obj</name>
      </input_file>
      <input_file id="fl-57">
         <path>C:\APPLICATION\TIccs2011\ccs\tools\compiler\ti-cgt-armllvm_4.0.3.LTS\lib\armv6m-ti-none-eabi\c\</path>
         <kind>archive</kind>
         <file>libc.a</file>
         <name>fopen.c.obj</name>
      </input_file>
      <input_file id="fl-58">
         <path>C:\APPLICATION\TIccs2011\ccs\tools\compiler\ti-cgt-armllvm_4.0.3.LTS\lib\armv6m-ti-none-eabi\c\</path>
         <kind>archive</kind>
         <file>libc.a</file>
         <name>fseek.c.obj</name>
      </input_file>
      <input_file id="fl-59">
         <path>C:\APPLICATION\TIccs2011\ccs\tools\compiler\ti-cgt-armllvm_4.0.3.LTS\lib\armv6m-ti-none-eabi\c\</path>
         <kind>archive</kind>
         <file>libc.a</file>
         <name>aeabi_ctype.S.obj</name>
      </input_file>
      <input_file id="fl-5a">
         <path>C:\APPLICATION\TIccs2011\ccs\tools\compiler\ti-cgt-armllvm_4.0.3.LTS\lib\armv6m-ti-none-eabi\c\</path>
         <kind>archive</kind>
         <file>libc.a</file>
         <name>fclose.c.obj</name>
      </input_file>
      <input_file id="fl-fa">
         <path>C:\APPLICATION\TIccs2011\ccs\tools\compiler\ti-cgt-armllvm_4.0.3.LTS\lib\armv6m-ti-none-eabi\c\</path>
         <kind>archive</kind>
         <file>libsysbm.a</file>
         <name>hostexit.c.obj</name>
      </input_file>
      <input_file id="fl-fb">
         <path>C:\APPLICATION\TIccs2011\ccs\tools\compiler\ti-cgt-armllvm_4.0.3.LTS\lib\armv6m-ti-none-eabi\c\</path>
         <kind>archive</kind>
         <file>libsysbm.a</file>
         <name>write.c.obj</name>
      </input_file>
      <input_file id="fl-fc">
         <path>C:\APPLICATION\TIccs2011\ccs\tools\compiler\ti-cgt-armllvm_4.0.3.LTS\lib\armv6m-ti-none-eabi\c\</path>
         <kind>archive</kind>
         <file>libsysbm.a</file>
         <name>host_device.c.obj</name>
      </input_file>
      <input_file id="fl-fd">
         <path>C:\APPLICATION\TIccs2011\ccs\tools\compiler\ti-cgt-armllvm_4.0.3.LTS\lib\armv6m-ti-none-eabi\c\</path>
         <kind>archive</kind>
         <file>libsysbm.a</file>
         <name>remove.c.obj</name>
      </input_file>
      <input_file id="fl-fe">
         <path>C:\APPLICATION\TIccs2011\ccs\tools\compiler\ti-cgt-armllvm_4.0.3.LTS\lib\armv6m-ti-none-eabi\c\</path>
         <kind>archive</kind>
         <file>libsysbm.a</file>
         <name>open.c.obj</name>
      </input_file>
      <input_file id="fl-ff">
         <path>C:\APPLICATION\TIccs2011\ccs\tools\compiler\ti-cgt-armllvm_4.0.3.LTS\lib\armv6m-ti-none-eabi\c\</path>
         <kind>archive</kind>
         <file>libsysbm.a</file>
         <name>lseek.c.obj</name>
      </input_file>
      <input_file id="fl-100">
         <path>C:\APPLICATION\TIccs2011\ccs\tools\compiler\ti-cgt-armllvm_4.0.3.LTS\lib\armv6m-ti-none-eabi\c\</path>
         <kind>archive</kind>
         <file>libsysbm.a</file>
         <name>close.c.obj</name>
      </input_file>
      <input_file id="fl-101">
         <path>C:\APPLICATION\TIccs2011\ccs\tools\compiler\ti-cgt-armllvm_4.0.3.LTS\lib\armv6m-ti-none-eabi\c\</path>
         <kind>archive</kind>
         <file>libsysbm.a</file>
         <name>unlink.c.obj</name>
      </input_file>
      <input_file id="fl-102">
         <path>C:\APPLICATION\TIccs2011\ccs\tools\compiler\ti-cgt-armllvm_4.0.3.LTS\lib\armv6m-ti-none-eabi\c\</path>
         <kind>archive</kind>
         <file>libsysbm.a</file>
         <name>hostclose.c.obj</name>
      </input_file>
      <input_file id="fl-103">
         <path>C:\APPLICATION\TIccs2011\ccs\tools\compiler\ti-cgt-armllvm_4.0.3.LTS\lib\armv6m-ti-none-eabi\c\</path>
         <kind>archive</kind>
         <file>libsysbm.a</file>
         <name>hostlseek.c.obj</name>
      </input_file>
      <input_file id="fl-104">
         <path>C:\APPLICATION\TIccs2011\ccs\tools\compiler\ti-cgt-armllvm_4.0.3.LTS\lib\armv6m-ti-none-eabi\c\</path>
         <kind>archive</kind>
         <file>libsysbm.a</file>
         <name>hostopen.c.obj</name>
      </input_file>
      <input_file id="fl-105">
         <path>C:\APPLICATION\TIccs2011\ccs\tools\compiler\ti-cgt-armllvm_4.0.3.LTS\lib\armv6m-ti-none-eabi\c\</path>
         <kind>archive</kind>
         <file>libsysbm.a</file>
         <name>hostread.c.obj</name>
      </input_file>
      <input_file id="fl-106">
         <path>C:\APPLICATION\TIccs2011\ccs\tools\compiler\ti-cgt-armllvm_4.0.3.LTS\lib\armv6m-ti-none-eabi\c\</path>
         <kind>archive</kind>
         <file>libsysbm.a</file>
         <name>hostrename.c.obj</name>
      </input_file>
      <input_file id="fl-107">
         <path>C:\APPLICATION\TIccs2011\ccs\tools\compiler\ti-cgt-armllvm_4.0.3.LTS\lib\armv6m-ti-none-eabi\c\</path>
         <kind>archive</kind>
         <file>libsysbm.a</file>
         <name>hostunlink.c.obj</name>
      </input_file>
      <input_file id="fl-108">
         <path>C:\APPLICATION\TIccs2011\ccs\tools\compiler\ti-cgt-armllvm_4.0.3.LTS\lib\armv6m-ti-none-eabi\c\</path>
         <kind>archive</kind>
         <file>libsysbm.a</file>
         <name>hostwrite.c.obj</name>
      </input_file>
      <input_file id="fl-109">
         <path>C:\APPLICATION\TIccs2011\ccs\tools\compiler\ti-cgt-armllvm_4.0.3.LTS\lib\armv6m-ti-none-eabi\c\</path>
         <kind>archive</kind>
         <file>libsysbm.a</file>
         <name>trgmsg.c.obj</name>
      </input_file>
      <input_file id="fl-10a">
         <path>C:\APPLICATION\TIccs2011\ccs\tools\compiler\ti-cgt-armllvm_4.0.3.LTS\lib\armv6m-ti-none-eabi\</path>
         <kind>archive</kind>
         <file>libclang_rt.builtins.a</file>
         <name>addsf3.S.obj</name>
      </input_file>
      <input_file id="fl-10b">
         <path>C:\APPLICATION\TIccs2011\ccs\tools\compiler\ti-cgt-armllvm_4.0.3.LTS\lib\armv6m-ti-none-eabi\</path>
         <kind>archive</kind>
         <file>libclang_rt.builtins.a</file>
         <name>adddf3.S.obj</name>
      </input_file>
      <input_file id="fl-10c">
         <path>C:\APPLICATION\TIccs2011\ccs\tools\compiler\ti-cgt-armllvm_4.0.3.LTS\lib\armv6m-ti-none-eabi\</path>
         <kind>archive</kind>
         <file>libclang_rt.builtins.a</file>
         <name>muldf3.S.obj</name>
      </input_file>
      <input_file id="fl-10d">
         <path>C:\APPLICATION\TIccs2011\ccs\tools\compiler\ti-cgt-armllvm_4.0.3.LTS\lib\armv6m-ti-none-eabi\</path>
         <kind>archive</kind>
         <file>libclang_rt.builtins.a</file>
         <name>muldsi3.S.obj</name>
      </input_file>
      <input_file id="fl-10e">
         <path>C:\APPLICATION\TIccs2011\ccs\tools\compiler\ti-cgt-armllvm_4.0.3.LTS\lib\armv6m-ti-none-eabi\</path>
         <kind>archive</kind>
         <file>libclang_rt.builtins.a</file>
         <name>mulsf3.S.obj</name>
      </input_file>
      <input_file id="fl-10f">
         <path>C:\APPLICATION\TIccs2011\ccs\tools\compiler\ti-cgt-armllvm_4.0.3.LTS\lib\armv6m-ti-none-eabi\</path>
         <kind>archive</kind>
         <file>libclang_rt.builtins.a</file>
         <name>divsf3.S.obj</name>
      </input_file>
      <input_file id="fl-110">
         <path>C:\APPLICATION\TIccs2011\ccs\tools\compiler\ti-cgt-armllvm_4.0.3.LTS\lib\armv6m-ti-none-eabi\</path>
         <kind>archive</kind>
         <file>libclang_rt.builtins.a</file>
         <name>divdf3.S.obj</name>
      </input_file>
      <input_file id="fl-111">
         <path>C:\APPLICATION\TIccs2011\ccs\tools\compiler\ti-cgt-armllvm_4.0.3.LTS\lib\armv6m-ti-none-eabi\</path>
         <kind>archive</kind>
         <file>libclang_rt.builtins.a</file>
         <name>extendsfdf2.S.obj</name>
      </input_file>
      <input_file id="fl-112">
         <path>C:\APPLICATION\TIccs2011\ccs\tools\compiler\ti-cgt-armllvm_4.0.3.LTS\lib\armv6m-ti-none-eabi\</path>
         <kind>archive</kind>
         <file>libclang_rt.builtins.a</file>
         <name>fixdfsi.S.obj</name>
      </input_file>
      <input_file id="fl-113">
         <path>C:\APPLICATION\TIccs2011\ccs\tools\compiler\ti-cgt-armllvm_4.0.3.LTS\lib\armv6m-ti-none-eabi\</path>
         <kind>archive</kind>
         <file>libclang_rt.builtins.a</file>
         <name>fixsfsi.S.obj</name>
      </input_file>
      <input_file id="fl-114">
         <path>C:\APPLICATION\TIccs2011\ccs\tools\compiler\ti-cgt-armllvm_4.0.3.LTS\lib\armv6m-ti-none-eabi\</path>
         <kind>archive</kind>
         <file>libclang_rt.builtins.a</file>
         <name>fixunsdfsi.S.obj</name>
      </input_file>
      <input_file id="fl-115">
         <path>C:\APPLICATION\TIccs2011\ccs\tools\compiler\ti-cgt-armllvm_4.0.3.LTS\lib\armv6m-ti-none-eabi\</path>
         <kind>archive</kind>
         <file>libclang_rt.builtins.a</file>
         <name>floatsidf.S.obj</name>
      </input_file>
      <input_file id="fl-116">
         <path>C:\APPLICATION\TIccs2011\ccs\tools\compiler\ti-cgt-armllvm_4.0.3.LTS\lib\armv6m-ti-none-eabi\</path>
         <kind>archive</kind>
         <file>libclang_rt.builtins.a</file>
         <name>floatsisf.S.obj</name>
      </input_file>
      <input_file id="fl-117">
         <path>C:\APPLICATION\TIccs2011\ccs\tools\compiler\ti-cgt-armllvm_4.0.3.LTS\lib\armv6m-ti-none-eabi\</path>
         <kind>archive</kind>
         <file>libclang_rt.builtins.a</file>
         <name>floatunsidf.S.obj</name>
      </input_file>
      <input_file id="fl-118">
         <path>C:\APPLICATION\TIccs2011\ccs\tools\compiler\ti-cgt-armllvm_4.0.3.LTS\lib\armv6m-ti-none-eabi\</path>
         <kind>archive</kind>
         <file>libclang_rt.builtins.a</file>
         <name>floatunsisf.S.obj</name>
      </input_file>
      <input_file id="fl-119">
         <path>C:\APPLICATION\TIccs2011\ccs\tools\compiler\ti-cgt-armllvm_4.0.3.LTS\lib\armv6m-ti-none-eabi\</path>
         <kind>archive</kind>
         <file>libclang_rt.builtins.a</file>
         <name>muldi3.S.obj</name>
      </input_file>
      <input_file id="fl-11a">
         <path>C:\APPLICATION\TIccs2011\ccs\tools\compiler\ti-cgt-armllvm_4.0.3.LTS\lib\armv6m-ti-none-eabi\</path>
         <kind>archive</kind>
         <file>libclang_rt.builtins.a</file>
         <name>truncdfsf2.S.obj</name>
      </input_file>
      <input_file id="fl-11b">
         <path>C:\APPLICATION\TIccs2011\ccs\tools\compiler\ti-cgt-armllvm_4.0.3.LTS\lib\armv6m-ti-none-eabi\</path>
         <kind>archive</kind>
         <file>libclang_rt.builtins.a</file>
         <name>aeabi_dcmp.S.obj</name>
      </input_file>
      <input_file id="fl-11c">
         <path>C:\APPLICATION\TIccs2011\ccs\tools\compiler\ti-cgt-armllvm_4.0.3.LTS\lib\armv6m-ti-none-eabi\</path>
         <kind>archive</kind>
         <file>libclang_rt.builtins.a</file>
         <name>aeabi_fcmp.S.obj</name>
      </input_file>
      <input_file id="fl-11d">
         <path>C:\APPLICATION\TIccs2011\ccs\tools\compiler\ti-cgt-armllvm_4.0.3.LTS\lib\armv6m-ti-none-eabi\</path>
         <kind>archive</kind>
         <file>libclang_rt.builtins.a</file>
         <name>aeabi_idivmod.S.obj</name>
      </input_file>
      <input_file id="fl-11e">
         <path>C:\APPLICATION\TIccs2011\ccs\tools\compiler\ti-cgt-armllvm_4.0.3.LTS\lib\armv6m-ti-none-eabi\</path>
         <kind>archive</kind>
         <file>libclang_rt.builtins.a</file>
         <name>aeabi_ldivmod.S.obj</name>
      </input_file>
      <input_file id="fl-11f">
         <path>C:\APPLICATION\TIccs2011\ccs\tools\compiler\ti-cgt-armllvm_4.0.3.LTS\lib\armv6m-ti-none-eabi\</path>
         <kind>archive</kind>
         <file>libclang_rt.builtins.a</file>
         <name>aeabi_memcpy.S.obj</name>
      </input_file>
      <input_file id="fl-120">
         <path>C:\APPLICATION\TIccs2011\ccs\tools\compiler\ti-cgt-armllvm_4.0.3.LTS\lib\armv6m-ti-none-eabi\</path>
         <kind>archive</kind>
         <file>libclang_rt.builtins.a</file>
         <name>aeabi_memset.S.obj</name>
      </input_file>
      <input_file id="fl-121">
         <path>C:\APPLICATION\TIccs2011\ccs\tools\compiler\ti-cgt-armllvm_4.0.3.LTS\lib\armv6m-ti-none-eabi\</path>
         <kind>archive</kind>
         <file>libclang_rt.builtins.a</file>
         <name>aeabi_uidivmod.S.obj</name>
      </input_file>
      <input_file id="fl-122">
         <path>C:\APPLICATION\TIccs2011\ccs\tools\compiler\ti-cgt-armllvm_4.0.3.LTS\lib\armv6m-ti-none-eabi\</path>
         <kind>archive</kind>
         <file>libclang_rt.builtins.a</file>
         <name>aeabi_uldivmod.S.obj</name>
      </input_file>
      <input_file id="fl-123">
         <path>C:\APPLICATION\TIccs2011\ccs\tools\compiler\ti-cgt-armllvm_4.0.3.LTS\lib\armv6m-ti-none-eabi\</path>
         <kind>archive</kind>
         <file>libclang_rt.builtins.a</file>
         <name>comparesf2.S.obj</name>
      </input_file>
      <input_file id="fl-124">
         <path>C:\APPLICATION\TIccs2011\ccs\tools\compiler\ti-cgt-armllvm_4.0.3.LTS\lib\armv6m-ti-none-eabi\</path>
         <kind>archive</kind>
         <file>libclang_rt.builtins.a</file>
         <name>udivmoddi4.S.obj</name>
      </input_file>
      <input_file id="fl-125">
         <path>C:\APPLICATION\TIccs2011\ccs\tools\compiler\ti-cgt-armllvm_4.0.3.LTS\lib\armv6m-ti-none-eabi\</path>
         <kind>archive</kind>
         <file>libclang_rt.builtins.a</file>
         <name>ashldi3.S.obj</name>
      </input_file>
      <input_file id="fl-126">
         <path>C:\APPLICATION\TIccs2011\ccs\tools\compiler\ti-cgt-armllvm_4.0.3.LTS\lib\armv6m-ti-none-eabi\</path>
         <kind>archive</kind>
         <file>libclang_rt.builtins.a</file>
         <name>comparedf2.c.obj</name>
      </input_file>
      <input_file id="fl-127">
         <path>C:\APPLICATION\TIccs2011\ccs\tools\compiler\ti-cgt-armllvm_4.0.3.LTS\lib\armv6m-ti-none-eabi\</path>
         <kind>archive</kind>
         <file>libclang_rt.builtins.a</file>
         <name>divmoddi4.c.obj</name>
      </input_file>
      <input_file id="fl-128">
         <path>C:\APPLICATION\TIccs2011\ccs\tools\compiler\ti-cgt-armllvm_4.0.3.LTS\lib\armv6m-ti-none-eabi\</path>
         <kind>archive</kind>
         <file>libclang_rt.builtins.a</file>
         <name>aeabi_div0.c.obj</name>
      </input_file>
      <input_file id="fl-129">
         <path>C:\APPLICATION\TIccs2011\ccs\tools\compiler\ti-cgt-armllvm_4.0.3.LTS\lib\armv6m-ti-none-eabi\c\</path>
         <kind>archive</kind>
         <file>libc.a</file>
         <name>getdevice.c.obj</name>
      </input_file>
      <input_file id="fl-12a">
         <path>C:\APPLICATION\TIccs2011\ccs\tools\compiler\ti-cgt-armllvm_4.0.3.LTS\lib\armv6m-ti-none-eabi\c\</path>
         <kind>archive</kind>
         <file>libc.a</file>
         <name>memcpy16.S.obj</name>
      </input_file>
      <input_file id="fl-12b">
         <path>C:\APPLICATION\TIccs2011\ccs\tools\compiler\ti-cgt-armllvm_4.0.3.LTS\lib\armv6m-ti-none-eabi\c\</path>
         <kind>archive</kind>
         <file>libc.a</file>
         <name>memset16.S.obj</name>
      </input_file>
      <input_file id="fl-12c">
         <path>C:\APPLICATION\TIccs2011\ccs\tools\compiler\ti-cgt-armllvm_4.0.3.LTS\lib\armv6m-ti-none-eabi\c\</path>
         <kind>archive</kind>
         <file>libc.a</file>
         <name>strcmp-armv6m.S.obj</name>
      </input_file>
   </input_file_list>
   <object_component_list>
      <object_component id="oc-18">
         <name>.intvecs</name>
         <load_address>0x0</load_address>
         <readonly>true</readonly>
         <run_address>0x0</run_address>
         <size>0xc0</size>
         <alignment>0x4</alignment>
         <input_file_ref idref="fl-2"/>
      </object_component>
      <object_component id="oc-293">
         <name>.text:__TI_printfi</name>
         <load_address>0xc0</load_address>
         <readonly>true</readonly>
         <executable>true</executable>
         <run_address>0xc0</run_address>
         <size>0x9d0</size>
         <alignment>0x4</alignment>
         <input_file_ref idref="fl-49"/>
      </object_component>
      <object_component id="oc-c6">
         <name>.text.asin</name>
         <load_address>0xa90</load_address>
         <readonly>true</readonly>
         <executable>true</executable>
         <run_address>0xa90</run_address>
         <size>0x364</size>
         <alignment>0x4</alignment>
         <input_file_ref idref="fl-37"/>
      </object_component>
      <object_component id="oc-16b">
         <name>.text.atan</name>
         <load_address>0xdf4</load_address>
         <readonly>true</readonly>
         <executable>true</executable>
         <run_address>0xdf4</run_address>
         <size>0x2f8</size>
         <alignment>0x4</alignment>
         <input_file_ref idref="fl-3b"/>
      </object_component>
      <object_component id="oc-1a3">
         <name>.text.dmp_enable_feature</name>
         <load_address>0x10ec</load_address>
         <readonly>true</readonly>
         <executable>true</executable>
         <run_address>0x10ec</run_address>
         <size>0x278</size>
         <alignment>0x4</alignment>
         <input_file_ref idref="fl-4"/>
      </object_component>
      <object_component id="oc-103">
         <name>.text.Set_Duty</name>
         <load_address>0x1364</load_address>
         <readonly>true</readonly>
         <executable>true</executable>
         <run_address>0x1364</run_address>
         <size>0x264</size>
         <alignment>0x4</alignment>
         <input_file_ref idref="fl-a"/>
      </object_component>
      <object_component id="oc-7d">
         <name>.text.Read_Quad</name>
         <load_address>0x15c8</load_address>
         <readonly>true</readonly>
         <executable>true</executable>
         <run_address>0x15c8</run_address>
         <size>0x258</size>
         <alignment>0x4</alignment>
         <input_file_ref idref="fl-5"/>
      </object_component>
      <object_component id="oc-277">
         <name>.text.dmp_set_tap_thresh</name>
         <load_address>0x1820</load_address>
         <readonly>true</readonly>
         <executable>true</executable>
         <run_address>0x1820</run_address>
         <size>0x238</size>
         <alignment>0x4</alignment>
         <input_file_ref idref="fl-4"/>
      </object_component>
      <object_component id="oc-13e">
         <name>.text.mpu_reset_fifo</name>
         <load_address>0x1a58</load_address>
         <readonly>true</readonly>
         <executable>true</executable>
         <run_address>0x1a58</run_address>
         <size>0x22c</size>
         <alignment>0x4</alignment>
         <input_file_ref idref="fl-3"/>
      </object_component>
      <object_component id="oc-d8">
         <name>.text.fmod</name>
         <load_address>0x1c84</load_address>
         <readonly>true</readonly>
         <executable>true</executable>
         <run_address>0x1c84</run_address>
         <size>0x228</size>
         <alignment>0x4</alignment>
         <input_file_ref idref="fl-39"/>
      </object_component>
      <object_component id="oc-2f1">
         <name>.text._pconv_a</name>
         <load_address>0x1eac</load_address>
         <readonly>true</readonly>
         <executable>true</executable>
         <run_address>0x1eac</run_address>
         <size>0x220</size>
         <alignment>0x4</alignment>
         <input_file_ref idref="fl-49"/>
      </object_component>
      <object_component id="oc-9a">
         <name>.text.main</name>
         <load_address>0x20cc</load_address>
         <readonly>true</readonly>
         <executable>true</executable>
         <run_address>0x20cc</run_address>
         <size>0x204</size>
         <alignment>0x4</alignment>
         <input_file_ref idref="fl-c"/>
      </object_component>
      <object_component id="oc-ad">
         <name>.text.dmp_read_fifo</name>
         <load_address>0x22d0</load_address>
         <readonly>true</readonly>
         <executable>true</executable>
         <run_address>0x22d0</run_address>
         <size>0x1f4</size>
         <alignment>0x4</alignment>
         <input_file_ref idref="fl-4"/>
      </object_component>
      <object_component id="oc-180">
         <name>.text.SYSCFG_DL_GPIO_init</name>
         <load_address>0x24c4</load_address>
         <readonly>true</readonly>
         <executable>true</executable>
         <run_address>0x24c4</run_address>
         <size>0x1dc</size>
         <alignment>0x4</alignment>
         <input_file_ref idref="fl-1"/>
      </object_component>
      <object_component id="oc-2f2">
         <name>.text._pconv_g</name>
         <load_address>0x26a0</load_address>
         <readonly>true</readonly>
         <executable>true</executable>
         <run_address>0x26a0</run_address>
         <size>0x1dc</size>
         <alignment>0x4</alignment>
         <input_file_ref idref="fl-49"/>
      </object_component>
      <object_component id="oc-26e">
         <name>.text.mpu_set_bypass</name>
         <load_address>0x287c</load_address>
         <readonly>true</readonly>
         <executable>true</executable>
         <run_address>0x287c</run_address>
         <size>0x1a0</size>
         <alignment>0x4</alignment>
         <input_file_ref idref="fl-3"/>
      </object_component>
      <object_component id="oc-152">
         <name>.text.adddf3_subdf3</name>
         <load_address>0x2a1c</load_address>
         <readonly>true</readonly>
         <executable>true</executable>
         <run_address>0x2a1c</run_address>
         <size>0x192</size>
         <alignment>0x4</alignment>
         <input_file_ref idref="fl-10b"/>
      </object_component>
      <object_component id="oc-2ab">
         <name>.text.__aeabi_idiv0</name>
         <load_address>0x2bae</load_address>
         <readonly>true</readonly>
         <executable>true</executable>
         <run_address>0x2bae</run_address>
         <size>0x2</size>
         <alignment>0x2</alignment>
         <input_file_ref idref="fl-128"/>
      </object_component>
      <object_component id="oc-d4">
         <name>.text.atan2</name>
         <load_address>0x2bb0</load_address>
         <readonly>true</readonly>
         <executable>true</executable>
         <run_address>0x2bb0</run_address>
         <size>0x188</size>
         <alignment>0x4</alignment>
         <input_file_ref idref="fl-38"/>
      </object_component>
      <object_component id="oc-116">
         <name>.text.pid_controal</name>
         <load_address>0x2d38</load_address>
         <readonly>true</readonly>
         <executable>true</executable>
         <run_address>0x2d38</run_address>
         <size>0x180</size>
         <alignment>0x4</alignment>
         <input_file_ref idref="fl-b"/>
      </object_component>
      <object_component id="oc-1a0">
         <name>.text.dmp_set_orientation</name>
         <load_address>0x2eb8</load_address>
         <readonly>true</readonly>
         <executable>true</executable>
         <run_address>0x2eb8</run_address>
         <size>0x178</size>
         <alignment>0x4</alignment>
         <input_file_ref idref="fl-4"/>
      </object_component>
      <object_component id="oc-15c">
         <name>.text.sqrt</name>
         <load_address>0x3030</load_address>
         <readonly>true</readonly>
         <executable>true</executable>
         <run_address>0x3030</run_address>
         <size>0x170</size>
         <alignment>0x4</alignment>
         <input_file_ref idref="fl-3a"/>
      </object_component>
      <object_component id="oc-ff">
         <name>.text.MPU6050_Init</name>
         <load_address>0x31a0</load_address>
         <readonly>true</readonly>
         <executable>true</executable>
         <run_address>0x31a0</run_address>
         <size>0x148</size>
         <alignment>0x4</alignment>
         <input_file_ref idref="fl-5"/>
      </object_component>
      <object_component id="oc-320">
         <name>.text.fcvt</name>
         <load_address>0x32e8</load_address>
         <readonly>true</readonly>
         <executable>true</executable>
         <run_address>0x32e8</run_address>
         <size>0x13c</size>
         <alignment>0x4</alignment>
         <input_file_ref idref="fl-49"/>
      </object_component>
      <object_component id="oc-297">
         <name>.text.pid_cal</name>
         <load_address>0x3424</load_address>
         <readonly>true</readonly>
         <executable>true</executable>
         <run_address>0x3424</run_address>
         <size>0x138</size>
         <alignment>0x2</alignment>
         <input_file_ref idref="fl-b"/>
      </object_component>
      <object_component id="oc-1ed">
         <name>.text.mspm0_i2c_read</name>
         <load_address>0x355c</load_address>
         <readonly>true</readonly>
         <executable>true</executable>
         <run_address>0x355c</run_address>
         <size>0x134</size>
         <alignment>0x4</alignment>
         <input_file_ref idref="fl-6"/>
      </object_component>
      <object_component id="oc-198">
         <name>.text.mpu_set_sensors</name>
         <load_address>0x3690</load_address>
         <readonly>true</readonly>
         <executable>true</executable>
         <run_address>0x3690</run_address>
         <size>0x130</size>
         <alignment>0x4</alignment>
         <input_file_ref idref="fl-3"/>
      </object_component>
      <object_component id="oc-196">
         <name>.text.mpu_init</name>
         <load_address>0x37c0</load_address>
         <readonly>true</readonly>
         <executable>true</executable>
         <run_address>0x37c0</run_address>
         <size>0x128</size>
         <alignment>0x4</alignment>
         <input_file_ref idref="fl-3"/>
      </object_component>
      <object_component id="oc-272">
         <name>.text.mpu_load_firmware</name>
         <load_address>0x38e8</load_address>
         <readonly>true</readonly>
         <executable>true</executable>
         <run_address>0x38e8</run_address>
         <size>0x124</size>
         <alignment>0x4</alignment>
         <input_file_ref idref="fl-3"/>
      </object_component>
      <object_component id="oc-2f4">
         <name>.text._pconv_e</name>
         <load_address>0x3a0c</load_address>
         <readonly>true</readonly>
         <executable>true</executable>
         <run_address>0x3a0c</run_address>
         <size>0x120</size>
         <alignment>0x4</alignment>
         <input_file_ref idref="fl-49"/>
      </object_component>
      <object_component id="oc-163">
         <name>.text.__divdf3</name>
         <load_address>0x3b2c</load_address>
         <readonly>true</readonly>
         <executable>true</executable>
         <run_address>0x3b2c</run_address>
         <size>0x10c</size>
         <alignment>0x4</alignment>
         <input_file_ref idref="fl-110"/>
      </object_component>
      <object_component id="oc-139">
         <name>.text.mpu_read_fifo_stream</name>
         <load_address>0x3c38</load_address>
         <readonly>true</readonly>
         <executable>true</executable>
         <run_address>0x3c38</run_address>
         <size>0x108</size>
         <alignment>0x4</alignment>
         <input_file_ref idref="fl-3"/>
      </object_component>
      <object_component id="oc-238">
         <name>.text.DL_Timer_initFourCCPWMMode</name>
         <load_address>0x3d40</load_address>
         <readonly>true</readonly>
         <executable>true</executable>
         <run_address>0x3d40</run_address>
         <size>0x104</size>
         <alignment>0x4</alignment>
         <input_file_ref idref="fl-1d"/>
      </object_component>
      <object_component id="oc-271">
         <name>.text.mpu_lp_accel_mode</name>
         <load_address>0x3e44</load_address>
         <readonly>true</readonly>
         <executable>true</executable>
         <run_address>0x3e44</run_address>
         <size>0x100</size>
         <alignment>0x4</alignment>
         <input_file_ref idref="fl-3"/>
      </object_component>
      <object_component id="oc-19a">
         <name>.text.mpu_set_sample_rate</name>
         <load_address>0x3f44</load_address>
         <readonly>true</readonly>
         <executable>true</executable>
         <run_address>0x3f44</run_address>
         <size>0xec</size>
         <alignment>0x4</alignment>
         <input_file_ref idref="fl-3"/>
      </object_component>
      <object_component id="oc-240">
         <name>.text.DL_Timer_initTimerMode</name>
         <load_address>0x4030</load_address>
         <readonly>true</readonly>
         <executable>true</executable>
         <run_address>0x4030</run_address>
         <size>0xe8</size>
         <alignment>0x4</alignment>
         <input_file_ref idref="fl-1d"/>
      </object_component>
      <object_component id="oc-3d">
         <name>.text.GROUP1_IRQHandler</name>
         <load_address>0x4118</load_address>
         <readonly>true</readonly>
         <executable>true</executable>
         <run_address>0x4118</run_address>
         <size>0xe4</size>
         <alignment>0x4</alignment>
         <input_file_ref idref="fl-8"/>
      </object_component>
      <object_component id="oc-cc">
         <name>.text.__muldf3</name>
         <load_address>0x41fc</load_address>
         <readonly>true</readonly>
         <executable>true</executable>
         <run_address>0x41fc</run_address>
         <size>0xe4</size>
         <alignment>0x4</alignment>
         <input_file_ref idref="fl-10c"/>
      </object_component>
      <object_component id="oc-26c">
         <name>.text.mpu_set_accel_fsr</name>
         <load_address>0x42e0</load_address>
         <readonly>true</readonly>
         <executable>true</executable>
         <run_address>0x42e0</run_address>
         <size>0xe4</size>
         <alignment>0x4</alignment>
         <input_file_ref idref="fl-3"/>
      </object_component>
      <object_component id="oc-22d">
         <name>.text.DL_SYSCTL_configSYSPLL</name>
         <load_address>0x43c4</load_address>
         <readonly>true</readonly>
         <executable>true</executable>
         <run_address>0x43c4</run_address>
         <size>0xdc</size>
         <alignment>0x4</alignment>
         <input_file_ref idref="fl-1f"/>
      </object_component>
      <object_component id="oc-313">
         <name>.text.scalbn</name>
         <load_address>0x44a0</load_address>
         <readonly>true</readonly>
         <executable>true</executable>
         <run_address>0x44a0</run_address>
         <size>0xd8</size>
         <alignment>0x4</alignment>
         <input_file_ref idref="fl-4f"/>
      </object_component>
      <object_component id="oc-be">
         <name>.text</name>
         <load_address>0x4578</load_address>
         <readonly>true</readonly>
         <executable>true</executable>
         <run_address>0x4578</run_address>
         <size>0xd8</size>
         <alignment>0x4</alignment>
         <input_file_ref idref="fl-10a"/>
      </object_component>
      <object_component id="oc-270">
         <name>.text.set_int_enable</name>
         <load_address>0x4650</load_address>
         <readonly>true</readonly>
         <executable>true</executable>
         <run_address>0x4650</run_address>
         <size>0xd4</size>
         <alignment>0x4</alignment>
         <input_file_ref idref="fl-3"/>
      </object_component>
      <object_component id="oc-26d">
         <name>.text.mpu_set_lpf</name>
         <load_address>0x4724</load_address>
         <readonly>true</readonly>
         <executable>true</executable>
         <run_address>0x4724</run_address>
         <size>0xd0</size>
         <alignment>0x4</alignment>
         <input_file_ref idref="fl-3"/>
      </object_component>
      <object_component id="oc-26b">
         <name>.text.mpu_set_gyro_fsr</name>
         <load_address>0x47f4</load_address>
         <readonly>true</readonly>
         <executable>true</executable>
         <run_address>0x47f4</run_address>
         <size>0xc4</size>
         <alignment>0x4</alignment>
         <input_file_ref idref="fl-3"/>
      </object_component>
      <object_component id="oc-1f5">
         <name>.text.mspm0_i2c_write</name>
         <load_address>0x48b8</load_address>
         <readonly>true</readonly>
         <executable>true</executable>
         <run_address>0x48b8</run_address>
         <size>0xc4</size>
         <alignment>0x4</alignment>
         <input_file_ref idref="fl-6"/>
      </object_component>
      <object_component id="oc-199">
         <name>.text.mpu_configure_fifo</name>
         <load_address>0x497c</load_address>
         <readonly>true</readonly>
         <executable>true</executable>
         <run_address>0x497c</run_address>
         <size>0xbc</size>
         <alignment>0x4</alignment>
         <input_file_ref idref="fl-3"/>
      </object_component>
      <object_component id="oc-1a5">
         <name>.text.mpu_set_dmp_state</name>
         <load_address>0x4a38</load_address>
         <readonly>true</readonly>
         <executable>true</executable>
         <run_address>0x4a38</run_address>
         <size>0xb8</size>
         <alignment>0x4</alignment>
         <input_file_ref idref="fl-3"/>
      </object_component>
      <object_component id="oc-17f">
         <name>.text.SYSCFG_DL_initPower</name>
         <load_address>0x4af0</load_address>
         <readonly>true</readonly>
         <executable>true</executable>
         <run_address>0x4af0</run_address>
         <size>0xb0</size>
         <alignment>0x4</alignment>
         <input_file_ref idref="fl-1"/>
      </object_component>
      <object_component id="oc-2c9">
         <name>.text.mpu_read_mem</name>
         <load_address>0x4ba0</load_address>
         <readonly>true</readonly>
         <executable>true</executable>
         <run_address>0x4ba0</run_address>
         <size>0xac</size>
         <alignment>0x4</alignment>
         <input_file_ref idref="fl-3"/>
      </object_component>
      <object_component id="oc-275">
         <name>.text.mpu_write_mem</name>
         <load_address>0x4c4c</load_address>
         <readonly>true</readonly>
         <executable>true</executable>
         <run_address>0x4c4c</run_address>
         <size>0xac</size>
         <alignment>0x4</alignment>
         <input_file_ref idref="fl-3"/>
      </object_component>
      <object_component id="oc-30a">
         <name>.text</name>
         <load_address>0x4cf8</load_address>
         <readonly>true</readonly>
         <executable>true</executable>
         <run_address>0x4cf8</run_address>
         <size>0xa2</size>
         <alignment>0x4</alignment>
         <input_file_ref idref="fl-124"/>
      </object_component>
      <object_component id="oc-322">
         <name>.text.__aeabi_ldiv0</name>
         <load_address>0x4d9a</load_address>
         <readonly>true</readonly>
         <executable>true</executable>
         <run_address>0x4d9a</run_address>
         <size>0x2</size>
         <alignment>0x2</alignment>
         <input_file_ref idref="fl-128"/>
      </object_component>
      <object_component id="oc-26f">
         <name>.text.mpu_set_int_latched</name>
         <load_address>0x4d9c</load_address>
         <readonly>true</readonly>
         <executable>true</executable>
         <run_address>0x4d9c</run_address>
         <size>0x9c</size>
         <alignment>0x4</alignment>
         <input_file_ref idref="fl-3"/>
      </object_component>
      <object_component id="oc-1a4">
         <name>.text.dmp_set_fifo_rate</name>
         <load_address>0x4e38</load_address>
         <readonly>true</readonly>
         <executable>true</executable>
         <run_address>0x4e38</run_address>
         <size>0x98</size>
         <alignment>0x4</alignment>
         <input_file_ref idref="fl-4"/>
      </object_component>
      <object_component id="oc-274">
         <name>.text.inv_row_2_scale</name>
         <load_address>0x4ed0</load_address>
         <readonly>true</readonly>
         <executable>true</executable>
         <run_address>0x4ed0</run_address>
         <size>0x96</size>
         <alignment>0x2</alignment>
         <input_file_ref idref="fl-5"/>
      </object_component>
      <object_component id="oc-182">
         <name>.text.SYSCFG_DL_PWM_MOTOR_init</name>
         <load_address>0x4f68</load_address>
         <readonly>true</readonly>
         <executable>true</executable>
         <run_address>0x4f68</run_address>
         <size>0x94</size>
         <alignment>0x4</alignment>
         <input_file_ref idref="fl-1"/>
      </object_component>
      <object_component id="oc-ba">
         <name>.text.__mulsf3</name>
         <load_address>0x4ffc</load_address>
         <readonly>true</readonly>
         <executable>true</executable>
         <run_address>0x4ffc</run_address>
         <size>0x8c</size>
         <alignment>0x4</alignment>
         <input_file_ref idref="fl-10e"/>
      </object_component>
      <object_component id="oc-13f">
         <name>.text.decode_gesture</name>
         <load_address>0x5088</load_address>
         <readonly>true</readonly>
         <executable>true</executable>
         <run_address>0x5088</run_address>
         <size>0x8c</size>
         <alignment>0x4</alignment>
         <input_file_ref idref="fl-4"/>
      </object_component>
      <object_component id="oc-18f">
         <name>.text.__NVIC_SetPriority</name>
         <load_address>0x5114</load_address>
         <readonly>true</readonly>
         <executable>true</executable>
         <run_address>0x5114</run_address>
         <size>0x84</size>
         <alignment>0x4</alignment>
         <input_file_ref idref="fl-7"/>
      </object_component>
      <object_component id="oc-235">
         <name>.text.__NVIC_SetPriority</name>
         <load_address>0x5198</load_address>
         <readonly>true</readonly>
         <executable>true</executable>
         <run_address>0x5198</run_address>
         <size>0x84</size>
         <alignment>0x4</alignment>
         <input_file_ref idref="fl-1"/>
      </object_component>
      <object_component id="oc-b6">
         <name>.text.__divsf3</name>
         <load_address>0x521c</load_address>
         <readonly>true</readonly>
         <executable>true</executable>
         <run_address>0x521c</run_address>
         <size>0x82</size>
         <alignment>0x4</alignment>
         <input_file_ref idref="fl-10f"/>
      </object_component>
      <object_component id="oc-1c">
         <name>.text:decompress:lzss</name>
         <load_address>0x52a0</load_address>
         <readonly>true</readonly>
         <executable>true</executable>
         <run_address>0x52a0</run_address>
         <size>0x7c</size>
         <alignment>0x4</alignment>
         <input_file_ref idref="fl-48"/>
      </object_component>
      <object_component id="oc-203">
         <name>.text.__gedf2</name>
         <load_address>0x531c</load_address>
         <readonly>true</readonly>
         <executable>true</executable>
         <run_address>0x531c</run_address>
         <size>0x74</size>
         <alignment>0x4</alignment>
         <input_file_ref idref="fl-126"/>
      </object_component>
      <object_component id="oc-d0">
         <name>.text.__truncdfsf2</name>
         <load_address>0x5390</load_address>
         <readonly>true</readonly>
         <executable>true</executable>
         <run_address>0x5390</run_address>
         <size>0x74</size>
         <alignment>0x10</alignment>
         <input_file_ref idref="fl-11a"/>
      </object_component>
      <object_component id="oc-19d">
         <name>.text.mpu_get_accel_fsr</name>
         <load_address>0x5404</load_address>
         <readonly>true</readonly>
         <executable>true</executable>
         <run_address>0x5404</run_address>
         <size>0x74</size>
         <alignment>0x4</alignment>
         <input_file_ref idref="fl-3"/>
      </object_component>
      <object_component id="oc-1fd">
         <name>.text.__ledf2</name>
         <load_address>0x5478</load_address>
         <readonly>true</readonly>
         <executable>true</executable>
         <run_address>0x5478</run_address>
         <size>0x68</size>
         <alignment>0x4</alignment>
         <input_file_ref idref="fl-126"/>
      </object_component>
      <object_component id="oc-31f">
         <name>.text._mcpy</name>
         <load_address>0x54e0</load_address>
         <readonly>true</readonly>
         <executable>true</executable>
         <run_address>0x54e0</run_address>
         <size>0x66</size>
         <alignment>0x2</alignment>
         <input_file_ref idref="fl-49"/>
      </object_component>
      <object_component id="oc-278">
         <name>.text.dmp_set_tap_axes</name>
         <load_address>0x5546</load_address>
         <readonly>true</readonly>
         <executable>true</executable>
         <run_address>0x5546</run_address>
         <size>0x66</size>
         <alignment>0x2</alignment>
         <input_file_ref idref="fl-4"/>
      </object_component>
      <object_component id="oc-191">
         <name>.text.mpu6050_i2c_sda_unlock</name>
         <load_address>0x55ac</load_address>
         <readonly>true</readonly>
         <executable>true</executable>
         <run_address>0x55ac</run_address>
         <size>0x64</size>
         <alignment>0x4</alignment>
         <input_file_ref idref="fl-6"/>
      </object_component>
      <object_component id="oc-156">
         <name>.text.__aeabi_dcmp</name>
         <load_address>0x5610</load_address>
         <readonly>true</readonly>
         <executable>true</executable>
         <run_address>0x5610</run_address>
         <size>0x62</size>
         <alignment>0x4</alignment>
         <input_file_ref idref="fl-11b"/>
      </object_component>
      <object_component id="oc-1ab">
         <name>.text.__aeabi_fcmp</name>
         <load_address>0x5674</load_address>
         <readonly>true</readonly>
         <executable>true</executable>
         <run_address>0x5674</run_address>
         <size>0x62</size>
         <alignment>0x4</alignment>
         <input_file_ref idref="fl-11c"/>
      </object_component>
      <object_component id="oc-276">
         <name>.text.dmp_enable_gyro_cal</name>
         <load_address>0x56d8</load_address>
         <readonly>true</readonly>
         <executable>true</executable>
         <run_address>0x56d8</run_address>
         <size>0x60</size>
         <alignment>0x4</alignment>
         <input_file_ref idref="fl-4"/>
      </object_component>
      <object_component id="oc-2f5">
         <name>.text.get_angle_error</name>
         <load_address>0x5738</load_address>
         <readonly>true</readonly>
         <executable>true</executable>
         <run_address>0x5738</run_address>
         <size>0x60</size>
         <alignment>0x4</alignment>
         <input_file_ref idref="fl-b"/>
      </object_component>
      <object_component id="oc-19c">
         <name>.text.mpu_get_gyro_fsr</name>
         <load_address>0x5798</load_address>
         <readonly>true</readonly>
         <executable>true</executable>
         <run_address>0x5798</run_address>
         <size>0x60</size>
         <alignment>0x4</alignment>
         <input_file_ref idref="fl-3"/>
      </object_component>
      <object_component id="oc-2b4">
         <name>.text.DL_I2C_fillControllerTXFIFO</name>
         <load_address>0x57f8</load_address>
         <readonly>true</readonly>
         <executable>true</executable>
         <run_address>0x57f8</run_address>
         <size>0x5e</size>
         <alignment>0x2</alignment>
         <input_file_ref idref="fl-1c"/>
      </object_component>
      <object_component id="oc-30f">
         <name>.text.frexp</name>
         <load_address>0x5858</load_address>
         <readonly>true</readonly>
         <executable>true</executable>
         <run_address>0x5858</run_address>
         <size>0x5c</size>
         <alignment>0x4</alignment>
         <input_file_ref idref="fl-4e"/>
      </object_component>
      <object_component id="oc-268">
         <name>.text.mspm0_i2c_enable</name>
         <load_address>0x58b4</load_address>
         <readonly>true</readonly>
         <executable>true</executable>
         <run_address>0x58b4</run_address>
         <size>0x5c</size>
         <alignment>0x4</alignment>
         <input_file_ref idref="fl-6"/>
      </object_component>
      <object_component id="oc-186">
         <name>.text.SYSCFG_DL_I2C_MPU6050_init</name>
         <load_address>0x5910</load_address>
         <readonly>true</readonly>
         <executable>true</executable>
         <run_address>0x5910</run_address>
         <size>0x58</size>
         <alignment>0x4</alignment>
         <input_file_ref idref="fl-1"/>
      </object_component>
      <object_component id="oc-187">
         <name>.text.SYSCFG_DL_I2C_OLED_init</name>
         <load_address>0x5968</load_address>
         <readonly>true</readonly>
         <executable>true</executable>
         <run_address>0x5968</run_address>
         <size>0x58</size>
         <alignment>0x4</alignment>
         <input_file_ref idref="fl-1"/>
      </object_component>
      <object_component id="oc-317">
         <name>.text.__TI_ltoa</name>
         <load_address>0x59c0</load_address>
         <readonly>true</readonly>
         <executable>true</executable>
         <run_address>0x59c0</run_address>
         <size>0x58</size>
         <alignment>0x2</alignment>
         <input_file_ref idref="fl-53"/>
      </object_component>
      <object_component id="oc-2f3">
         <name>.text._pconv_f</name>
         <load_address>0x5a18</load_address>
         <readonly>true</readonly>
         <executable>true</executable>
         <run_address>0x5a18</run_address>
         <size>0x58</size>
         <alignment>0x2</alignment>
         <input_file_ref idref="fl-49"/>
      </object_component>
      <object_component id="oc-2d2">
         <name>.text.__aeabi_idivmod</name>
         <load_address>0x5a70</load_address>
         <readonly>true</readonly>
         <executable>true</executable>
         <run_address>0x5a70</run_address>
         <size>0x56</size>
         <alignment>0x4</alignment>
         <input_file_ref idref="fl-11d"/>
      </object_component>
      <object_component id="oc-31d">
         <name>.text._ecpy</name>
         <load_address>0x5ac6</load_address>
         <readonly>true</readonly>
         <executable>true</executable>
         <run_address>0x5ac6</run_address>
         <size>0x52</size>
         <alignment>0x2</alignment>
         <input_file_ref idref="fl-49"/>
      </object_component>
      <object_component id="oc-2a6">
         <name>.text.DL_I2C_startControllerTransfer</name>
         <load_address>0x5b18</load_address>
         <readonly>true</readonly>
         <executable>true</executable>
         <run_address>0x5b18</run_address>
         <size>0x50</size>
         <alignment>0x4</alignment>
         <input_file_ref idref="fl-6"/>
      </object_component>
      <object_component id="oc-18e">
         <name>.text.SysTick_Config</name>
         <load_address>0x5b68</load_address>
         <readonly>true</readonly>
         <executable>true</executable>
         <run_address>0x5b68</run_address>
         <size>0x50</size>
         <alignment>0x4</alignment>
         <input_file_ref idref="fl-7"/>
      </object_component>
      <object_component id="oc-260">
         <name>.text.DL_UART_setBaudRateDivisor</name>
         <load_address>0x5bb8</load_address>
         <readonly>true</readonly>
         <executable>true</executable>
         <run_address>0x5bb8</run_address>
         <size>0x4c</size>
         <alignment>0x4</alignment>
         <input_file_ref idref="fl-1"/>
      </object_component>
      <object_component id="oc-f6">
         <name>.text.SYSCFG_DL_init</name>
         <load_address>0x5c04</load_address>
         <readonly>true</readonly>
         <executable>true</executable>
         <run_address>0x5c04</run_address>
         <size>0x4c</size>
         <alignment>0x4</alignment>
         <input_file_ref idref="fl-1"/>
      </object_component>
      <object_component id="oc-1ce">
         <name>.text.__fixdfsi</name>
         <load_address>0x5c50</load_address>
         <readonly>true</readonly>
         <executable>true</executable>
         <run_address>0x5c50</run_address>
         <size>0x4a</size>
         <alignment>0x4</alignment>
         <input_file_ref idref="fl-112"/>
      </object_component>
      <object_component id="oc-25e">
         <name>.text.DL_UART_init</name>
         <load_address>0x5c9c</load_address>
         <readonly>true</readonly>
         <executable>true</executable>
         <run_address>0x5c9c</run_address>
         <size>0x48</size>
         <alignment>0x4</alignment>
         <input_file_ref idref="fl-1e"/>
      </object_component>
      <object_component id="oc-181">
         <name>.text.SYSCFG_DL_SYSCTL_init</name>
         <load_address>0x5ce4</load_address>
         <readonly>true</readonly>
         <executable>true</executable>
         <run_address>0x5ce4</run_address>
         <size>0x48</size>
         <alignment>0x4</alignment>
         <input_file_ref idref="fl-1"/>
      </object_component>
      <object_component id="oc-280">
         <name>.text.dmp_enable_6x_lp_quat</name>
         <load_address>0x5d2c</load_address>
         <readonly>true</readonly>
         <executable>true</executable>
         <run_address>0x5d2c</run_address>
         <size>0x48</size>
         <alignment>0x4</alignment>
         <input_file_ref idref="fl-4"/>
      </object_component>
      <object_component id="oc-27f">
         <name>.text.dmp_enable_lp_quat</name>
         <load_address>0x5d74</load_address>
         <readonly>true</readonly>
         <executable>true</executable>
         <run_address>0x5d74</run_address>
         <size>0x48</size>
         <alignment>0x4</alignment>
         <input_file_ref idref="fl-4"/>
      </object_component>
      <object_component id="oc-264">
         <name>.text.mspm0_i2c_disable</name>
         <load_address>0x5dbc</load_address>
         <readonly>true</readonly>
         <executable>true</executable>
         <run_address>0x5dbc</run_address>
         <size>0x48</size>
         <alignment>0x4</alignment>
         <input_file_ref idref="fl-6"/>
      </object_component>
      <object_component id="oc-234">
         <name>.text.DL_SYSCTL_switchMCLKfromSYSOSCtoHSCLK</name>
         <load_address>0x5e04</load_address>
         <readonly>true</readonly>
         <executable>true</executable>
         <run_address>0x5e04</run_address>
         <size>0x44</size>
         <alignment>0x4</alignment>
         <input_file_ref idref="fl-1f"/>
      </object_component>
      <object_component id="oc-27c">
         <name>.text.dmp_set_shake_reject_thresh</name>
         <load_address>0x5e48</load_address>
         <readonly>true</readonly>
         <executable>true</executable>
         <run_address>0x5e48</run_address>
         <size>0x44</size>
         <alignment>0x2</alignment>
         <input_file_ref idref="fl-4"/>
      </object_component>
      <object_component id="oc-279">
         <name>.text.dmp_set_tap_count</name>
         <load_address>0x5e8c</load_address>
         <readonly>true</readonly>
         <executable>true</executable>
         <run_address>0x5e8c</run_address>
         <size>0x44</size>
         <alignment>0x2</alignment>
         <input_file_ref idref="fl-4"/>
      </object_component>
      <object_component id="oc-1b3">
         <name>.text.__fixunsdfsi</name>
         <load_address>0x5ed0</load_address>
         <readonly>true</readonly>
         <executable>true</executable>
         <run_address>0x5ed0</run_address>
         <size>0x42</size>
         <alignment>0x4</alignment>
         <input_file_ref idref="fl-114"/>
      </object_component>
      <object_component id="oc-188">
         <name>.text.SYSCFG_DL_UART_PC_init</name>
         <load_address>0x5f14</load_address>
         <readonly>true</readonly>
         <executable>true</executable>
         <run_address>0x5f14</run_address>
         <size>0x40</size>
         <alignment>0x4</alignment>
         <input_file_ref idref="fl-1"/>
      </object_component>
      <object_component id="oc-4a">
         <name>.text.TIMG6_IRQHandler</name>
         <load_address>0x5f54</load_address>
         <readonly>true</readonly>
         <executable>true</executable>
         <run_address>0x5f54</run_address>
         <size>0x40</size>
         <alignment>0x4</alignment>
         <input_file_ref idref="fl-8"/>
      </object_component>
      <object_component id="oc-1ee">
         <name>.text.__aeabi_uidivmod</name>
         <load_address>0x5f94</load_address>
         <readonly>true</readonly>
         <executable>true</executable>
         <run_address>0x5f94</run_address>
         <size>0x40</size>
         <alignment>0x4</alignment>
         <input_file_ref idref="fl-121"/>
      </object_component>
      <object_component id="oc-c2">
         <name>.text.__extendsfdf2</name>
         <load_address>0x5fd4</load_address>
         <readonly>true</readonly>
         <executable>true</executable>
         <run_address>0x5fd4</run_address>
         <size>0x40</size>
         <alignment>0x4</alignment>
         <input_file_ref idref="fl-111"/>
      </object_component>
      <object_component id="oc-2e0">
         <name>.text.atoi</name>
         <load_address>0x6014</load_address>
         <readonly>true</readonly>
         <executable>true</executable>
         <run_address>0x6014</run_address>
         <size>0x40</size>
         <alignment>0x4</alignment>
         <input_file_ref idref="fl-55"/>
      </object_component>
      <object_component id="oc-19f">
         <name>.text.inv_orientation_matrix_to_scalar</name>
         <load_address>0x6054</load_address>
         <readonly>true</readonly>
         <executable>true</executable>
         <run_address>0x6054</run_address>
         <size>0x3e</size>
         <alignment>0x2</alignment>
         <input_file_ref idref="fl-5"/>
      </object_component>
      <object_component id="oc-2c6">
         <name>.text.DL_GPIO_initPeripheralInputFunctionFeatures</name>
         <load_address>0x6094</load_address>
         <readonly>true</readonly>
         <executable>true</executable>
         <run_address>0x6094</run_address>
         <size>0x3c</size>
         <alignment>0x4</alignment>
         <input_file_ref idref="fl-6"/>
      </object_component>
      <object_component id="oc-21e">
         <name>.text.DL_GPIO_initPeripheralInputFunctionFeatures</name>
         <load_address>0x60d0</load_address>
         <readonly>true</readonly>
         <executable>true</executable>
         <run_address>0x60d0</run_address>
         <size>0x3c</size>
         <alignment>0x4</alignment>
         <input_file_ref idref="fl-1"/>
      </object_component>
      <object_component id="oc-2aa">
         <name>.text.DL_I2C_flushControllerTXFIFO</name>
         <load_address>0x610c</load_address>
         <readonly>true</readonly>
         <executable>true</executable>
         <run_address>0x610c</run_address>
         <size>0x3c</size>
         <alignment>0x4</alignment>
         <input_file_ref idref="fl-1c"/>
      </object_component>
      <object_component id="oc-239">
         <name>.text.DL_Timer_setCounterControl</name>
         <load_address>0x6148</load_address>
         <readonly>true</readonly>
         <executable>true</executable>
         <run_address>0x6148</run_address>
         <size>0x3c</size>
         <alignment>0x4</alignment>
         <input_file_ref idref="fl-1"/>
      </object_component>
      <object_component id="oc-4c">
         <name>.text.TIMA1_IRQHandler</name>
         <load_address>0x6184</load_address>
         <readonly>true</readonly>
         <executable>true</executable>
         <run_address>0x6184</run_address>
         <size>0x3c</size>
         <alignment>0x4</alignment>
         <input_file_ref idref="fl-8"/>
      </object_component>
      <object_component id="oc-110">
         <name>.text.UART_sendString</name>
         <load_address>0x61c0</load_address>
         <readonly>true</readonly>
         <executable>true</executable>
         <run_address>0x61c0</run_address>
         <size>0x3c</size>
         <alignment>0x4</alignment>
         <input_file_ref idref="fl-d"/>
      </object_component>
      <object_component id="oc-b2">
         <name>.text.__floatsisf</name>
         <load_address>0x61fc</load_address>
         <readonly>true</readonly>
         <executable>true</executable>
         <run_address>0x61fc</run_address>
         <size>0x3c</size>
         <alignment>0x4</alignment>
         <input_file_ref idref="fl-116"/>
      </object_component>
      <object_component id="oc-286">
         <name>.text.__gtsf2</name>
         <load_address>0x6238</load_address>
         <readonly>true</readonly>
         <executable>true</executable>
         <run_address>0x6238</run_address>
         <size>0x3c</size>
         <alignment>0x4</alignment>
         <input_file_ref idref="fl-123"/>
      </object_component>
      <object_component id="oc-127">
         <name>.text:__TI_auto_init_nobinit_nopinit</name>
         <load_address>0x6274</load_address>
         <readonly>true</readonly>
         <executable>true</executable>
         <run_address>0x6274</run_address>
         <size>0x3c</size>
         <alignment>0x4</alignment>
         <input_file_ref idref="fl-43"/>
      </object_component>
      <object_component id="oc-281">
         <name>.text.__eqsf2</name>
         <load_address>0x62b0</load_address>
         <readonly>true</readonly>
         <executable>true</executable>
         <run_address>0x62b0</run_address>
         <size>0x3a</size>
         <alignment>0x4</alignment>
         <input_file_ref idref="fl-123"/>
      </object_component>
      <object_component id="oc-146">
         <name>.text.__muldsi3</name>
         <load_address>0x62ec</load_address>
         <readonly>true</readonly>
         <executable>true</executable>
         <run_address>0x62ec</run_address>
         <size>0x3a</size>
         <alignment>0x4</alignment>
         <input_file_ref idref="fl-10d"/>
      </object_component>
      <object_component id="oc-1d2">
         <name>.text.__fixsfsi</name>
         <load_address>0x6328</load_address>
         <readonly>true</readonly>
         <executable>true</executable>
         <run_address>0x6328</run_address>
         <size>0x38</size>
         <alignment>0x4</alignment>
         <input_file_ref idref="fl-113"/>
      </object_component>
      <object_component id="oc-10a">
         <name>.text.sprintf</name>
         <load_address>0x6360</load_address>
         <readonly>true</readonly>
         <executable>true</executable>
         <run_address>0x6360</run_address>
         <size>0x38</size>
         <alignment>0x4</alignment>
         <input_file_ref idref="fl-36"/>
      </object_component>
      <object_component id="oc-2c4">
         <name>.text.DL_GPIO_initDigitalInputFeatures</name>
         <load_address>0x6398</load_address>
         <readonly>true</readonly>
         <executable>true</executable>
         <run_address>0x6398</run_address>
         <size>0x34</size>
         <alignment>0x4</alignment>
         <input_file_ref idref="fl-6"/>
      </object_component>
      <object_component id="oc-221">
         <name>.text.DL_GPIO_initDigitalInputFeatures</name>
         <load_address>0x63cc</load_address>
         <readonly>true</readonly>
         <executable>true</executable>
         <run_address>0x63cc</run_address>
         <size>0x34</size>
         <alignment>0x4</alignment>
         <input_file_ref idref="fl-1"/>
      </object_component>
      <object_component id="oc-185">
         <name>.text.SYSCFG_DL_TIMER_GENERAL_init</name>
         <load_address>0x6400</load_address>
         <readonly>true</readonly>
         <executable>true</executable>
         <run_address>0x6400</run_address>
         <size>0x34</size>
         <alignment>0x4</alignment>
         <input_file_ref idref="fl-1"/>
      </object_component>
      <object_component id="oc-184">
         <name>.text.SYSCFG_DL_TIMER_INTOWHILE_init</name>
         <load_address>0x6434</load_address>
         <readonly>true</readonly>
         <executable>true</executable>
         <run_address>0x6434</run_address>
         <size>0x34</size>
         <alignment>0x4</alignment>
         <input_file_ref idref="fl-1"/>
      </object_component>
      <object_component id="oc-183">
         <name>.text.SYSCFG_DL_TIMER_PID_init</name>
         <load_address>0x6468</load_address>
         <readonly>true</readonly>
         <executable>true</executable>
         <run_address>0x6468</run_address>
         <size>0x34</size>
         <alignment>0x4</alignment>
         <input_file_ref idref="fl-1"/>
      </object_component>
      <object_component id="oc-19b">
         <name>.text.mpu_get_sample_rate</name>
         <load_address>0x649c</load_address>
         <readonly>true</readonly>
         <executable>true</executable>
         <run_address>0x649c</run_address>
         <size>0x34</size>
         <alignment>0x4</alignment>
         <input_file_ref idref="fl-3"/>
      </object_component>
      <object_component id="oc-27d">
         <name>.text.dmp_set_shake_reject_time</name>
         <load_address>0x64d0</load_address>
         <readonly>true</readonly>
         <executable>true</executable>
         <run_address>0x64d0</run_address>
         <size>0x32</size>
         <alignment>0x2</alignment>
         <input_file_ref idref="fl-4"/>
      </object_component>
      <object_component id="oc-27e">
         <name>.text.dmp_set_shake_reject_timeout</name>
         <load_address>0x6502</load_address>
         <readonly>true</readonly>
         <executable>true</executable>
         <run_address>0x6502</run_address>
         <size>0x32</size>
         <alignment>0x2</alignment>
         <input_file_ref idref="fl-4"/>
      </object_component>
      <object_component id="oc-222">
         <name>.text.DL_GPIO_initDigitalOutputFeatures</name>
         <load_address>0x6534</load_address>
         <readonly>true</readonly>
         <executable>true</executable>
         <run_address>0x6534</run_address>
         <size>0x30</size>
         <alignment>0x4</alignment>
         <input_file_ref idref="fl-1"/>
      </object_component>
      <object_component id="oc-31e">
         <name>.text._fcpy</name>
         <load_address>0x6564</load_address>
         <readonly>true</readonly>
         <executable>true</executable>
         <run_address>0x6564</run_address>
         <size>0x30</size>
         <alignment>0x2</alignment>
         <input_file_ref idref="fl-49"/>
      </object_component>
      <object_component id="oc-27a">
         <name>.text.dmp_set_tap_time</name>
         <load_address>0x6594</load_address>
         <readonly>true</readonly>
         <executable>true</executable>
         <run_address>0x6594</run_address>
         <size>0x30</size>
         <alignment>0x2</alignment>
         <input_file_ref idref="fl-4"/>
      </object_component>
      <object_component id="oc-27b">
         <name>.text.dmp_set_tap_time_multi</name>
         <load_address>0x65c4</load_address>
         <readonly>true</readonly>
         <executable>true</executable>
         <run_address>0x65c4</run_address>
         <size>0x30</size>
         <alignment>0x2</alignment>
         <input_file_ref idref="fl-4"/>
      </object_component>
      <object_component id="oc-1f6">
         <name>.text.mspm0_delay_ms</name>
         <load_address>0x65f4</load_address>
         <readonly>true</readonly>
         <executable>true</executable>
         <run_address>0x65f4</run_address>
         <size>0x30</size>
         <alignment>0x4</alignment>
         <input_file_ref idref="fl-7"/>
      </object_component>
      <object_component id="oc-115">
         <name>.text.reset_pid</name>
         <load_address>0x6624</load_address>
         <readonly>true</readonly>
         <executable>true</executable>
         <run_address>0x6624</run_address>
         <size>0x2e</size>
         <alignment>0x2</alignment>
         <input_file_ref idref="fl-b"/>
      </object_component>
      <object_component id="oc-fb">
         <name>.text.__NVIC_EnableIRQ</name>
         <load_address>0x6654</load_address>
         <readonly>true</readonly>
         <executable>true</executable>
         <run_address>0x6654</run_address>
         <size>0x2c</size>
         <alignment>0x4</alignment>
         <input_file_ref idref="fl-c"/>
      </object_component>
      <object_component id="oc-1a6">
         <name>.text.__NVIC_EnableIRQ</name>
         <load_address>0x6680</load_address>
         <readonly>true</readonly>
         <executable>true</executable>
         <run_address>0x6680</run_address>
         <size>0x2c</size>
[...]
      </symbol>
      <symbol id="sm-3b9">
         <name>DL_Timer_initTimerMode</name>
         <value>0x4031</value>
         <object_component_ref idref="oc-240"/>
      </symbol>
      <symbol id="sm-3ba">
         <name>DL_Timer_setCaptureCompareValue</name>
         <value>0x70d1</value>
         <object_component_ref idref="oc-1b7"/>
      </symbol>
      <symbol id="sm-3bb">
         <name>DL_Timer_setCaptCompUpdateMethod</name>
         <value>0x6b85</value>
         <object_component_ref idref="oc-23b"/>
      </symbol>
      <symbol id="sm-3bc">
         <name>DL_Timer_setCaptureCompareOutCtl</name>
         <value>0x6de9</value>
         <object_component_ref idref="oc-23a"/>
      </symbol>
      <symbol id="sm-3bd">
         <name>DL_Timer_initFourCCPWMMode</name>
         <value>0x3d41</value>
         <object_component_ref idref="oc-238"/>
      </symbol>
      <symbol id="sm-3ca">
         <name>DL_UART_init</name>
         <value>0x5c9d</value>
         <object_component_ref idref="oc-25e"/>
      </symbol>
      <symbol id="sm-3cb">
         <name>DL_UART_setClockConfig</name>
         <value>0x708b</value>
         <object_component_ref idref="oc-258"/>
      </symbol>
      <symbol id="sm-3d9">
         <name>DL_SYSCTL_configSYSPLL</name>
         <value>0x43c5</value>
         <object_component_ref idref="oc-22d"/>
      </symbol>
      <symbol id="sm-3da">
         <name>DL_SYSCTL_switchMCLKfromSYSOSCtoHSCLK</name>
         <value>0x5e05</value>
         <object_component_ref idref="oc-234"/>
      </symbol>
      <symbol id="sm-3eb">
         <name>sprintf</name>
         <value>0x6361</value>
         <object_component_ref idref="oc-10a"/>
      </symbol>
      <symbol id="sm-405">
         <name>asin</name>
         <value>0xa91</value>
         <object_component_ref idref="oc-c6"/>
      </symbol>
      <symbol id="sm-406">
         <name>asinl</name>
         <value>0xa91</value>
         <object_component_ref idref="oc-c6"/>
      </symbol>
      <symbol id="sm-414">
         <name>atan2</name>
         <value>0x2bb1</value>
         <object_component_ref idref="oc-d4"/>
      </symbol>
      <symbol id="sm-415">
         <name>atan2l</name>
         <value>0x2bb1</value>
         <object_component_ref idref="oc-d4"/>
      </symbol>
      <symbol id="sm-421">
         <name>fmod</name>
         <value>0x1c85</value>
         <object_component_ref idref="oc-d8"/>
      </symbol>
      <symbol id="sm-422">
         <name>fmodl</name>
         <value>0x1c85</value>
         <object_component_ref idref="oc-d8"/>
      </symbol>
      <symbol id="sm-42c">
         <name>sqrt</name>
         <value>0x3031</value>
         <object_component_ref idref="oc-15c"/>
      </symbol>
      <symbol id="sm-42d">
         <name>sqrtl</name>
         <value>0x3031</value>
         <object_component_ref idref="oc-15c"/>
      </symbol>
      <symbol id="sm-444">
         <name>atan</name>
         <value>0xdf5</value>
         <object_component_ref idref="oc-16b"/>
      </symbol>
      <symbol id="sm-445">
         <name>atanl</name>
         <value>0xdf5</value>
         <object_component_ref idref="oc-16b"/>
      </symbol>
      <symbol id="sm-450">
         <name>__aeabi_errno_addr</name>
         <value>0x71cd</value>
         <object_component_ref idref="oc-14d"/>
      </symbol>
      <symbol id="sm-451">
         <name>__aeabi_errno</name>
         <value>0x20200350</value>
         <object_component_ref idref="oc-1f8"/>
      </symbol>
      <symbol id="sm-45c">
         <name>memcmp</name>
         <value>0x69d5</value>
         <object_component_ref idref="oc-2ca"/>
      </symbol>
      <symbol id="sm-468">
         <name>_c_int00_noargs</name>
         <value>0x684d</value>
         <object_component_ref idref="oc-6f"/>
      </symbol>
      <symbol id="sm-469">
         <name>__stack</name>
         <value>0x20207e00</value>
         <object_component_ref idref="oc-1a"/>
      </symbol>
      <symbol id="sm-478">
         <name>__TI_auto_init_nobinit_nopinit</name>
         <value>0x6275</value>
         <object_component_ref idref="oc-127"/>
      </symbol>
      <symbol id="sm-480">
         <name>_system_pre_init</name>
         <value>0x727d</value>
         <object_component_ref idref="oc-96"/>
      </symbol>
      <symbol id="sm-48b">
         <name>__TI_zero_init_nomemset</name>
         <value>0x6f5f</value>
         <object_component_ref idref="oc-66"/>
      </symbol>
      <symbol id="sm-494">
         <name>__TI_decompress_none</name>
         <value>0x70af</value>
         <object_component_ref idref="oc-20"/>
      </symbol>
      <symbol id="sm-49f">
         <name>__TI_decompress_lzss</name>
         <value>0x52a1</value>
         <object_component_ref idref="oc-1c"/>
      </symbol>
      <symbol id="sm-4e8">
         <name>__TI_printfi</name>
         <value>0xc1</value>
         <object_component_ref idref="oc-293"/>
      </symbol>
      <symbol id="sm-4f6">
         <name>frexp</name>
         <value>0x5859</value>
         <object_component_ref idref="oc-30f"/>
      </symbol>
      <symbol id="sm-4f7">
         <name>frexpl</name>
         <value>0x5859</value>
         <object_component_ref idref="oc-30f"/>
      </symbol>
      <symbol id="sm-501">
         <name>scalbn</name>
         <value>0x44a1</value>
         <object_component_ref idref="oc-313"/>
      </symbol>
      <symbol id="sm-502">
         <name>ldexp</name>
         <value>0x44a1</value>
         <object_component_ref idref="oc-313"/>
      </symbol>
      <symbol id="sm-503">
         <name>scalbnl</name>
         <value>0x44a1</value>
         <object_component_ref idref="oc-313"/>
      </symbol>
      <symbol id="sm-504">
         <name>ldexpl</name>
         <value>0x44a1</value>
         <object_component_ref idref="oc-313"/>
      </symbol>
      <symbol id="sm-50d">
         <name>wcslen</name>
         <value>0x70f1</value>
         <object_component_ref idref="oc-2e4"/>
      </symbol>
      <symbol id="sm-517">
         <name>abort</name>
         <value>0x71fb</value>
         <object_component_ref idref="oc-120"/>
      </symbol>
      <symbol id="sm-521">
         <name>__TI_ltoa</name>
         <value>0x59c1</value>
         <object_component_ref idref="oc-317"/>
      </symbol>
      <symbol id="sm-52c">
         <name>atoi</name>
         <value>0x6015</value>
         <object_component_ref idref="oc-2e0"/>
      </symbol>
      <symbol id="sm-535">
         <name>memccpy</name>
         <value>0x6951</value>
         <object_component_ref idref="oc-2d9"/>
      </symbol>
      <symbol id="sm-538">
         <name>__aeabi_ctype_table_</name>
         <value>0x7e80</value>
         <object_component_ref idref="oc-302"/>
      </symbol>
      <symbol id="sm-539">
         <name>__aeabi_ctype_table_C</name>
         <value>0x7e80</value>
         <object_component_ref idref="oc-302"/>
      </symbol>
      <symbol id="sm-542">
         <name>HOSTexit</name>
         <value>0x721d</value>
         <object_component_ref idref="oc-1dd"/>
      </symbol>
      <symbol id="sm-543">
         <name>C$$EXIT</name>
         <value>0x721c</value>
         <object_component_ref idref="oc-1dd"/>
      </symbol>
      <symbol id="sm-558">
         <name>__aeabi_fadd</name>
         <value>0x4583</value>
         <object_component_ref idref="oc-be"/>
      </symbol>
      <symbol id="sm-559">
         <name>__addsf3</name>
         <value>0x4583</value>
         <object_component_ref idref="oc-be"/>
      </symbol>
      <symbol id="sm-55a">
         <name>__aeabi_fsub</name>
         <value>0x4579</value>
         <object_component_ref idref="oc-be"/>
      </symbol>
      <symbol id="sm-55b">
         <name>__subsf3</name>
         <value>0x4579</value>
         <object_component_ref idref="oc-be"/>
      </symbol>
      <symbol id="sm-561">
         <name>__aeabi_dadd</name>
         <value>0x2a27</value>
         <object_component_ref idref="oc-152"/>
      </symbol>
      <symbol id="sm-562">
         <name>__adddf3</name>
         <value>0x2a27</value>
         <object_component_ref idref="oc-152"/>
      </symbol>
      <symbol id="sm-563">
         <name>__aeabi_dsub</name>
         <value>0x2a1d</value>
         <object_component_ref idref="oc-152"/>
      </symbol>
      <symbol id="sm-564">
         <name>__subdf3</name>
         <value>0x2a1d</value>
         <object_component_ref idref="oc-152"/>
      </symbol>
      <symbol id="sm-570">
         <name>__aeabi_dmul</name>
         <value>0x41fd</value>
         <object_component_ref idref="oc-cc"/>
      </symbol>
      <symbol id="sm-571">
         <name>__muldf3</name>
         <value>0x41fd</value>
         <object_component_ref idref="oc-cc"/>
      </symbol>
      <symbol id="sm-57a">
         <name>__muldsi3</name>
         <value>0x62ed</value>
         <object_component_ref idref="oc-146"/>
      </symbol>
      <symbol id="sm-580">
         <name>__aeabi_fmul</name>
         <value>0x4ffd</value>
         <object_component_ref idref="oc-ba"/>
      </symbol>
      <symbol id="sm-581">
         <name>__mulsf3</name>
         <value>0x4ffd</value>
         <object_component_ref idref="oc-ba"/>
      </symbol>
      <symbol id="sm-587">
         <name>__aeabi_fdiv</name>
         <value>0x521d</value>
         <object_component_ref idref="oc-b6"/>
      </symbol>
      <symbol id="sm-588">
         <name>__divsf3</name>
         <value>0x521d</value>
         <object_component_ref idref="oc-b6"/>
      </symbol>
      <symbol id="sm-58e">
         <name>__aeabi_ddiv</name>
         <value>0x3b2d</value>
         <object_component_ref idref="oc-163"/>
      </symbol>
      <symbol id="sm-58f">
         <name>__divdf3</name>
         <value>0x3b2d</value>
         <object_component_ref idref="oc-163"/>
      </symbol>
      <symbol id="sm-598">
         <name>__aeabi_f2d</name>
         <value>0x5fd5</value>
         <object_component_ref idref="oc-c2"/>
      </symbol>
      <symbol id="sm-599">
         <name>__extendsfdf2</name>
         <value>0x5fd5</value>
         <object_component_ref idref="oc-c2"/>
      </symbol>
      <symbol id="sm-59f">
         <name>__aeabi_d2iz</name>
         <value>0x5c51</value>
         <object_component_ref idref="oc-1ce"/>
      </symbol>
      <symbol id="sm-5a0">
         <name>__fixdfsi</name>
         <value>0x5c51</value>
         <object_component_ref idref="oc-1ce"/>
      </symbol>
      <symbol id="sm-5a6">
         <name>__aeabi_f2iz</name>
         <value>0x6329</value>
         <object_component_ref idref="oc-1d2"/>
      </symbol>
      <symbol id="sm-5a7">
         <name>__fixsfsi</name>
         <value>0x6329</value>
         <object_component_ref idref="oc-1d2"/>
      </symbol>
      <symbol id="sm-5ad">
         <name>__aeabi_d2uiz</name>
         <value>0x5ed1</value>
         <object_component_ref idref="oc-1b3"/>
      </symbol>
      <symbol id="sm-5ae">
         <name>__fixunsdfsi</name>
         <value>0x5ed1</value>
         <object_component_ref idref="oc-1b3"/>
      </symbol>
      <symbol id="sm-5b4">
         <name>__aeabi_i2d</name>
         <value>0x66ad</value>
         <object_component_ref idref="oc-1ca"/>
      </symbol>
      <symbol id="sm-5b5">
         <name>__floatsidf</name>
         <value>0x66ad</value>
         <object_component_ref idref="oc-1ca"/>
      </symbol>
      <symbol id="sm-5bb">
         <name>__aeabi_i2f</name>
         <value>0x61fd</value>
         <object_component_ref idref="oc-b2"/>
      </symbol>
      <symbol id="sm-5bc">
         <name>__floatsisf</name>
         <value>0x61fd</value>
         <object_component_ref idref="oc-b2"/>
      </symbol>
      <symbol id="sm-5c2">
         <name>__aeabi_ui2d</name>
         <value>0x6909</value>
         <object_component_ref idref="oc-1af"/>
      </symbol>
      <symbol id="sm-5c3">
         <name>__floatunsidf</name>
         <value>0x6909</value>
         <object_component_ref idref="oc-1af"/>
      </symbol>
      <symbol id="sm-5c9">
         <name>__aeabi_ui2f</name>
         <value>0x6825</value>
         <object_component_ref idref="oc-2ce"/>
      </symbol>
      <symbol id="sm-5ca">
         <name>__floatunsisf</name>
         <value>0x6825</value>
         <object_component_ref idref="oc-2ce"/>
      </symbol>
      <symbol id="sm-5d0">
         <name>__aeabi_lmul</name>
         <value>0x692d</value>
         <object_component_ref idref="oc-2e8"/>
      </symbol>
      <symbol id="sm-5d1">
         <name>__muldi3</name>
         <value>0x692d</value>
         <object_component_ref idref="oc-2e8"/>
      </symbol>
      <symbol id="sm-5d8">
         <name>__aeabi_d2f</name>
         <value>0x5391</value>
         <object_component_ref idref="oc-d0"/>
      </symbol>
      <symbol id="sm-5d9">
         <name>__truncdfsf2</name>
         <value>0x5391</value>
         <object_component_ref idref="oc-d0"/>
      </symbol>
      <symbol id="sm-5df">
         <name>__aeabi_dcmpeq</name>
         <value>0x5611</value>
         <object_component_ref idref="oc-156"/>
      </symbol>
      <symbol id="sm-5e0">
         <name>__aeabi_dcmplt</name>
         <value>0x5625</value>
         <object_component_ref idref="oc-156"/>
      </symbol>
      <symbol id="sm-5e1">
         <name>__aeabi_dcmple</name>
         <value>0x5639</value>
         <object_component_ref idref="oc-156"/>
      </symbol>
      <symbol id="sm-5e2">
         <name>__aeabi_dcmpge</name>
         <value>0x564d</value>
         <object_component_ref idref="oc-156"/>
      </symbol>
      <symbol id="sm-5e3">
         <name>__aeabi_dcmpgt</name>
         <value>0x5661</value>
         <object_component_ref idref="oc-156"/>
      </symbol>
      <symbol id="sm-5e9">
         <name>__aeabi_fcmpeq</name>
         <value>0x5675</value>
         <object_component_ref idref="oc-1ab"/>
      </symbol>
      <symbol id="sm-5ea">
         <name>__aeabi_fcmplt</name>
         <value>0x5689</value>
         <object_component_ref idref="oc-1ab"/>
      </symbol>
      <symbol id="sm-5eb">
         <name>__aeabi_fcmple</name>
         <value>0x569d</value>
         <object_component_ref idref="oc-1ab"/>
      </symbol>
      <symbol id="sm-5ec">
         <name>__aeabi_fcmpge</name>
         <value>0x56b1</value>
         <object_component_ref idref="oc-1ab"/>
      </symbol>
      <symbol id="sm-5ed">
         <name>__aeabi_fcmpgt</name>
         <value>0x56c5</value>
         <object_component_ref idref="oc-1ab"/>
      </symbol>
      <symbol id="sm-5f3">
         <name>__aeabi_idiv</name>
         <value>0x5a71</value>
         <object_component_ref idref="oc-2d2"/>
      </symbol>
      <symbol id="sm-5f4">
         <name>__aeabi_idivmod</name>
         <value>0x5a71</value>
         <object_component_ref idref="oc-2d2"/>
      </symbol>
      <symbol id="sm-5fa">
         <name>__aeabi_memcpy</name>
         <value>0x71d5</value>
         <object_component_ref idref="oc-5f"/>
      </symbol>
      <symbol id="sm-5fb">
         <name>__aeabi_memcpy4</name>
         <value>0x71d5</value>
         <object_component_ref idref="oc-5f"/>
      </symbol>
      <symbol id="sm-5fc">
         <name>__aeabi_memcpy8</name>
         <value>0x71d5</value>
         <object_component_ref idref="oc-5f"/>
      </symbol>
      <symbol id="sm-603">
         <name>__aeabi_memset</name>
         <value>0x7101</value>
         <object_component_ref idref="oc-2d8"/>
      </symbol>
      <symbol id="sm-604">
         <name>__aeabi_memset4</name>
         <value>0x7101</value>
         <object_component_ref idref="oc-2d8"/>
      </symbol>
      <symbol id="sm-605">
         <name>__aeabi_memset8</name>
         <value>0x7101</value>
         <object_component_ref idref="oc-2d8"/>
      </symbol>
      <symbol id="sm-60b">
         <name>__aeabi_uidiv</name>
         <value>0x5f95</value>
         <object_component_ref idref="oc-1ee"/>
      </symbol>
      <symbol id="sm-60c">
         <name>__aeabi_uidivmod</name>
         <value>0x5f95</value>
         <object_component_ref idref="oc-1ee"/>
      </symbol>
      <symbol id="sm-612">
         <name>__aeabi_uldivmod</name>
         <value>0x7029</value>
         <object_component_ref idref="oc-2ed"/>
      </symbol>
      <symbol id="sm-61b">
         <name>__eqsf2</name>
         <value>0x62b1</value>
         <object_component_ref idref="oc-281"/>
      </symbol>
      <symbol id="sm-61c">
         <name>__lesf2</name>
         <value>0x62b1</value>
         <object_component_ref idref="oc-281"/>
      </symbol>
      <symbol id="sm-61d">
         <name>__ltsf2</name>
         <value>0x62b1</value>
         <object_component_ref idref="oc-281"/>
      </symbol>
      <symbol id="sm-61e">
         <name>__nesf2</name>
         <value>0x62b1</value>
         <object_component_ref idref="oc-281"/>
      </symbol>
      <symbol id="sm-61f">
         <name>__cmpsf2</name>
         <value>0x62b1</value>
         <object_component_ref idref="oc-281"/>
      </symbol>
      <symbol id="sm-620">
         <name>__gtsf2</name>
         <value>0x6239</value>
         <object_component_ref idref="oc-286"/>
      </symbol>
      <symbol id="sm-621">
         <name>__gesf2</name>
         <value>0x6239</value>
         <object_component_ref idref="oc-286"/>
      </symbol>
      <symbol id="sm-627">
         <name>__udivmoddi4</name>
         <value>0x4cf9</value>
         <object_component_ref idref="oc-30a"/>
      </symbol>
      <symbol id="sm-62d">
         <name>__aeabi_llsl</name>
         <value>0x6a15</value>
         <object_component_ref idref="oc-323"/>
      </symbol>
      <symbol id="sm-62e">
         <name>__ashldi3</name>
         <value>0x6a15</value>
         <object_component_ref idref="oc-323"/>
      </symbol>
      <symbol id="sm-63c">
         <name>__ledf2</name>
         <value>0x5479</value>
         <object_component_ref idref="oc-1fd"/>
      </symbol>
      <symbol id="sm-63d">
         <name>__gedf2</name>
         <value>0x531d</value>
         <object_component_ref idref="oc-203"/>
      </symbol>
      <symbol id="sm-63e">
         <name>__cmpdf2</name>
         <value>0x5479</value>
         <object_component_ref idref="oc-1fd"/>
      </symbol>
      <symbol id="sm-63f">
         <name>__eqdf2</name>
         <value>0x5479</value>
         <object_component_ref idref="oc-1fd"/>
      </symbol>
      <symbol id="sm-640">
         <name>__ltdf2</name>
         <value>0x5479</value>
         <object_component_ref idref="oc-1fd"/>
      </symbol>
      <symbol id="sm-641">
         <name>__nedf2</name>
         <value>0x5479</value>
         <object_component_ref idref="oc-1fd"/>
      </symbol>
      <symbol id="sm-642">
         <name>__gtdf2</name>
         <value>0x531d</value>
         <object_component_ref idref="oc-203"/>
      </symbol>
      <symbol id="sm-64f">
         <name>__aeabi_idiv0</name>
         <value>0x2baf</value>
         <object_component_ref idref="oc-2ab"/>
      </symbol>
      <symbol id="sm-650">
         <name>__aeabi_ldiv0</name>
         <value>0x4d9b</value>
         <object_component_ref idref="oc-322"/>
      </symbol>
      <symbol id="sm-65a">
         <name>TI_memcpy_small</name>
         <value>0x709d</value>
         <object_component_ref idref="oc-ec"/>
      </symbol>
      <symbol id="sm-663">
         <name>TI_memset_small</name>
         <value>0x712b</value>
         <object_component_ref idref="oc-179"/>
      </symbol>
      <symbol id="sm-664">
         <name>__TI_static_base__</name>
         <value>0x0</value>
      </symbol>
      <symbol id="sm-668">
         <name>__mpu_init</name>
         <value>0x0</value>
      </symbol>
      <symbol id="sm-669">
         <name>_system_post_cinit</name>
         <value>0x0</value>
      </symbol>
   </symbol_table>
   <title>Link successful</title>
</link_info>
