******************************************************************************
            TI ARM Clang Linker PC v4.0.3                      
******************************************************************************
>> Linked Thu Jun 19 15:37:04 2025

OUTPUT FILE NAME:   <empty_LP_MSPM0G3507_nortos_ticlang.out>
ENTRY POINT SYMBOL: "_c_int00_noargs"  address: 00001b51


MEMORY CONFIGURATION

         name            origin    length      used     unused   attr    fill
----------------------  --------  ---------  --------  --------  ----  --------
  FLASH                 00000000   00020000  00002588  0001da78  R  X
  SRAM                  20200000   00008000  00000400  00007c00  RW X
  BCR_CONFIG            41c00000   000000ff  00000000  000000ff  R   
  BSL_CONFIG            41c00100   00000080  00000000  00000080  R   


SEGMENT ALLOCATION MAP

run origin  load origin   length   init length attrs members
----------  ----------- ---------- ----------- ----- -------
00000000    00000000    00002588   00002588    r-x
  00000000    00000000    000000c0   000000c0    r-- .intvecs
  000000c0    000000c0    00001c20   00001c20    r-x .text
  00001ce0    00001ce0    00000878   00000878    r-- .rodata
  00002558    00002558    00000030   00000030    r-- .cinit
20200000    20200000    00000200   00000000    rw-
  20200000    20200000    000001e8   00000000    rw- .bss
  202001e8    202001e8    00000018   00000000    rw- .data
20207e00    20207e00    00000200   00000000    rw-
  20207e00    20207e00    00000200   00000000    rw- .stack


SECTION ALLOCATION MAP

 output                                  attributes/
section   page    origin      length       input sections
--------  ----  ----------  ----------   ----------------
.intvecs   0    00000000    000000c0     
                  00000000    000000c0     startup_mspm0g350x_ticlang.o (.intvecs)

.text      0    000000c0    00001c20     
                  000000c0    000002c0     oled_hardware_i2c.o (.text.OLED_Init)
                  00000380    00000192     libclang_rt.builtins.a : adddf3.S.obj (.text.adddf3_subdf3)
                  00000512    00000002     startup_mspm0g350x_ticlang.o (.text.Default_Handler)
                  00000514    00000140     motor.o (.text.Set_Duty)
                  00000654    00000138     oled_hardware_i2c.o (.text.OLED_WR_Byte)
                  0000078c    0000011c     interrupt.o (.text.TIMA1_IRQHandler)
                  000008a8    0000010c     libclang_rt.builtins.a : divdf3.S.obj (.text.__divdf3)
                  000009b4    00000104     driverlib.a : dl_timer.o (.text.DL_Timer_initFourCCPWMMode)
                  00000ab8    000000f8     pid.o (.text.pid_cal)
                  00000bb0    000000ec     ti_msp_dl_config.o (.text.SYSCFG_DL_GPIO_init)
                  00000c9c    000000e8     driverlib.a : dl_timer.o (.text.DL_Timer_initTimerMode)
                  00000d84    000000e4     libclang_rt.builtins.a : muldf3.S.obj (.text.__muldf3)
                  00000e68    000000dc     driverlib.a : dl_sysctl_mspm0g1x0x_g3x0x.o (.text.DL_SYSCTL_configSYSPLL)
                  00000f44    000000dc     oled_hardware_i2c.o (.text.OLED_ShowChar)
                  00001020    000000d8     libclang_rt.builtins.a : addsf3.S.obj (.text)
                  000010f8    000000c8     main.o (.text.main)
                  000011c0    0000009c     ti_msp_dl_config.o (.text.SYSCFG_DL_PWM_MOTOR_init)
                  0000125c    0000009a     libc.a : memcpy16.S.obj (.text:memcpy)
                  000012f6    00000002     libclang_rt.builtins.a : aeabi_div0.c.obj (.text.__aeabi_idiv0)
                  000012f8    0000008c                            : mulsf3.S.obj (.text.__mulsf3)
                  00001384    0000007c     libc.a : copy_decompress_lzss.c.obj (.text:decompress:lzss)
                  00001400    0000007a     oled_hardware_i2c.o (.text.OLED_ShowString)
                  0000147a    00000006     libc.a : exit.c.obj (.text:abort)
                  00001480    00000074     libclang_rt.builtins.a : truncdfsf2.S.obj (.text.__truncdfsf2)
                  000014f4    00000070     ti_msp_dl_config.o (.text.SYSCFG_DL_SYSCTL_init)
                  00001564    00000062     libclang_rt.builtins.a : aeabi_fcmp.S.obj (.text.__aeabi_fcmp)
                  000015c6    00000002     --HOLE-- [fill = 0]
                  000015c8    00000060     ti_msp_dl_config.o (.text.SYSCFG_DL_UART_PC_init)
                  00001628    00000060     ti_msp_dl_config.o (.text.SYSCFG_DL_initPower)
                  00001688    0000005e     driverlib.a : dl_i2c.o (.text.DL_I2C_fillControllerTXFIFO)
                  000016e6    00000002     --HOLE-- [fill = 0]
                  000016e8    00000054     ti_msp_dl_config.o (.text.SYSCFG_DL_I2C_MPU6050_init)
                  0000173c    00000054     ti_msp_dl_config.o (.text.SYSCFG_DL_I2C_OLED_init)
                  00001790    00000048     driverlib.a : dl_uart.o (.text.DL_UART_init)
                  000017d8    00000044                 : dl_sysctl_mspm0g1x0x_g3x0x.o (.text.DL_SYSCTL_switchMCLKfromSYSOSCtoHSCLK)
                  0000181c    00000044     interrupt.o (.text.GROUP1_IRQHandler)
                  00001860    00000042     libclang_rt.builtins.a : fixunsdfsi.S.obj (.text.__fixunsdfsi)
                  000018a2    00000002     --HOLE-- [fill = 0]
                  000018a4    00000040                            : aeabi_uidivmod.S.obj (.text.__aeabi_uidivmod)
                  000018e4    0000003c                            : floatsisf.S.obj (.text.__floatsisf)
                  00001920    0000003c                            : comparesf2.S.obj (.text.__gtsf2)
                  0000195c    0000003c     libc.a : autoinit.c.obj (.text:__TI_auto_init_nobinit_nopinit)
                  00001998    0000003a     libclang_rt.builtins.a : comparesf2.S.obj (.text.__eqsf2)
                  000019d2    00000002     --HOLE-- [fill = 0]
                  000019d4    0000003a                            : muldsi3.S.obj (.text.__muldsi3)
                  00001a0e    00000002     --HOLE-- [fill = 0]
                  00001a10    00000038     ti_msp_dl_config.o (.text.SYSCFG_DL_TIMER_PID_init)
                  00001a48    00000038     ti_msp_dl_config.o (.text.SYSCFG_DL_init)
                  00001a80    00000038     clock.o (.text.SysTick_Init)
                  00001ab8    00000038     libclang_rt.builtins.a : fixsfsi.S.obj (.text.__fixsfsi)
                  00001af0    00000034     clock.o (.text.mspm0_delay_ms)
                  00001b24    0000002c     libclang_rt.builtins.a : floatsidf.S.obj (.text.__floatsidf)
                  00001b50    00000028     libc.a : boot_cortex_m.c.obj (.text:_c_int00_noargs)
                  00001b78    00000026     driverlib.a : dl_i2c.o (.text.DL_I2C_setClockConfig)
                  00001b9e    00000020     pid.o (.text.pid_calculate)
                  00001bbe    00000002     --HOLE-- [fill = 0]
                  00001bc0    0000001c     driverlib.a : dl_timer.o (.text.DL_Timer_setCaptCompUpdateMethod)
                  00001bdc    0000001c                 : dl_timer.o (.text.DL_Timer_setClockConfig)
                  00001bf8    00000018                 : dl_timer.o (.text.DL_Timer_setCaptureCompareOutCtl)
                  00001c10    00000018     clock.o (.text.mspm0_get_clock_ms)
                  00001c28    00000016     libc.a : copy_zero_init.c.obj (.text:decompress:ZI:__TI_zero_init_nomemset)
                  00001c3e    00000002     --HOLE-- [fill = 0]
                  00001c40    00000014     motor.o (.text.Motor_Off)
                  00001c54    00000014     motor.o (.text.Motor_On)
                  00001c68    00000012     driverlib.a : dl_uart.o (.text.DL_UART_setClockConfig)
                  00001c7a    00000012     libc.a : copy_decompress_none.c.obj (.text:decompress:none)
                  00001c8c    00000010     driverlib.a : dl_timer.o (.text.DL_Timer_setCaptureCompareValue)
                  00001c9c    00000010     interrupt.o (.text.SysTick_Handler)
                  00001cac    0000000c     pid.o (.text.pid_init)
                  00001cb8    0000000a     driverlib.a : dl_common.o (.text.DL_Common_delayCycles)
                  00001cc2    00000002     --HOLE-- [fill = 0]
                  00001cc4    00000008     libclang_rt.builtins.a : aeabi_memcpy.S.obj (.text.__aeabi_memcpy)
                  00001ccc    00000004     libsysbm.a : hostexit.c.obj (.text.HOSTexit)
                  00001cd0    00000004     startup_mspm0g350x_ticlang.o (.text.Reset_Handler)
                  00001cd4    00000004     libc.a : pre_init.c.obj (.text._system_pre_init)
                  00001cd8    00000008     --HOLE-- [fill = 0]

.cinit     0    00002558    00000030     
                  00002558    0000000c     (__TI_handler_table)
                  00002564    0000000b     (.cinit..data.load) [load image, compression = lzss]
                  0000256f    00000001     --HOLE-- [fill = 0]
                  00002570    00000008     (.cinit..bss.load) [load image, compression = zero_init]
                  00002578    00000010     (__TI_cinit_table)

.rodata    0    00001ce0    00000878     
                  00001ce0    000005f0     oled_hardware_i2c.o (.rodata.asc2_1608)
                  000022d0    00000228     oled_hardware_i2c.o (.rodata.asc2_0806)
                  000024f8    00000028     ti_msp_dl_config.o (.rodata.gSYSPLLConfig)
                  00002520    00000014     ti_msp_dl_config.o (.rodata.gTIMER_PIDTimerConfig)
                  00002534    0000000a     ti_msp_dl_config.o (.rodata.gUART_PCConfig)
                  0000253e    00000002     ti_msp_dl_config.o (.rodata.gI2C_MPU6050ClockConfig)
                  00002540    00000008     ti_msp_dl_config.o (.rodata.gPWM_MOTORConfig)
                  00002548    00000006     main.o (.rodata.str1.15159059442110792349.1)
                  0000254e    00000003     ti_msp_dl_config.o (.rodata.gPWM_MOTORClockConfig)
                  00002551    00000003     ti_msp_dl_config.o (.rodata.gTIMER_PIDClockConfig)
                  00002554    00000002     ti_msp_dl_config.o (.rodata.gI2C_OLEDClockConfig)
                  00002556    00000002     ti_msp_dl_config.o (.rodata.gUART_PCClockConfig)

.init_array 
*          0    00000000    00000000     UNINITIALIZED

.binit     0    00000000    00000000     

.bss       0    20200000    000001e8     UNINITIALIZED
                  20200000    000000bc     (.common:gPWM_MOTORBackup)
                  202000bc    000000bc     (.common:gTIMER_PIDBackup)
                  20200178    00000034     (.common:pid_motor_left)
                  202001ac    00000034     (.common:pid_motor_right)
                  202001e0    00000004     (.common:start_time)
                  202001e4    00000004     (.common:tick_ms)

.data      0    202001e8    00000018     UNINITIALIZED
                  202001e8    00000004     main.o (.data.encode_cnt_left)
                  202001ec    00000004     main.o (.data.encode_cnt_right)
                  202001f0    00000004     main.o (.data.now_speed_left)
                  202001f4    00000004     main.o (.data.now_speed_right)
                  202001f8    00000004     main.o (.data.target_speed_left)
                  202001fc    00000004     main.o (.data.target_speed_right)

.stack     0    20207e00    00000200     UNINITIALIZED
                  20207e00    00000004     libc.a : boot_cortex_m.c.obj (.stack)
                  20207e04    000001fc     --HOLE--

__llvm_prf_cnts 
*          0    20200000    00000000     UNINITIALIZED

__llvm_prf_bits 
*          0    20200000    00000000     UNINITIALIZED

MODULE SUMMARY

       Module                         code   ro data   rw data
       ------                         ----   -------   -------
    .\
       ti_msp_dl_config.o             976    90        376    
       startup_mspm0g350x_ticlang.o   6      192       0      
    +--+------------------------------+------+---------+---------+
       Total:                         982    282       376    
                                                              
    .\MSPM0\
       interrupt.o                    368    0         104    
       clock.o                        132    0         8      
    +--+------------------------------+------+---------+---------+
       Total:                         500    0         112    
                                                              
    .\OLED_Hardware_I2C\
       oled_hardware_i2c.o            1358   2072      0      
    +--+------------------------------+------+---------+---------+
       Total:                         1358   2072      0      
                                                              
    .\motor\
       motor.o                        360    0         0      
       pid.o                          292    0         0      
    +--+------------------------------+------+---------+---------+
       Total:                         652    0         0      
                                                              
    .\user\
       main.o                         200    6         24     
    +--+------------------------------+------+---------+---------+
       Total:                         200    6         24     
                                                              
    C:/APPLICATION/ti_SDK/mspm0_sdk_2_04_00_06/source/ti/driverlib/lib/ticlang/m0p/mspm0g1x0x_g3x0x/driverlib.a
       dl_timer.o                     588    0         0      
       dl_sysctl_mspm0g1x0x_g3x0x.o   288    0         0      
       dl_i2c.o                       132    0         0      
       dl_uart.o                      90     0         0      
       dl_common.o                    10     0         0      
    +--+------------------------------+------+---------+---------+
       Total:                         1108   0         0      
                                                              
    C:\APPLICATION\TIccs2011\ccs\tools\compiler\ti-cgt-armllvm_4.0.3.LTS\lib\armv6m-ti-none-eabi/c/libc.a
       memcpy16.S.obj                 154    0         0      
       copy_decompress_lzss.c.obj     124    0         0      
       autoinit.c.obj                 60     0         0      
       boot_cortex_m.c.obj            40     0         0      
       copy_zero_init.c.obj           22     0         0      
       copy_decompress_none.c.obj     18     0         0      
       exit.c.obj                     6      0         0      
       pre_init.c.obj                 4      0         0      
    +--+------------------------------+------+---------+---------+
       Total:                         428    0         0      
                                                              
    C:\APPLICATION\TIccs2011\ccs\tools\compiler\ti-cgt-armllvm_4.0.3.LTS\lib\armv6m-ti-none-eabi/c/libsysbm.a
       hostexit.c.obj                 4      0         0      
    +--+------------------------------+------+---------+---------+
       Total:                         4      0         0      
                                                              
    C:\APPLICATION\TIccs2011\ccs\tools\compiler\ti-cgt-armllvm_4.0.3.LTS\lib\armv6m-ti-none-eabi/libclang_rt.builtins.a
       adddf3.S.obj                   402    0         0      
       divdf3.S.obj                   268    0         0      
       muldf3.S.obj                   228    0         0      
       addsf3.S.obj                   216    0         0      
       mulsf3.S.obj                   140    0         0      
       comparesf2.S.obj               118    0         0      
       truncdfsf2.S.obj               116    0         0      
       aeabi_fcmp.S.obj               98     0         0      
       fixunsdfsi.S.obj               66     0         0      
       aeabi_uidivmod.S.obj           64     0         0      
       floatsisf.S.obj                60     0         0      
       muldsi3.S.obj                  58     0         0      
       fixsfsi.S.obj                  56     0         0      
       floatsidf.S.obj                44     0         0      
       aeabi_memcpy.S.obj             8      0         0      
       aeabi_div0.c.obj               2      0         0      
    +--+------------------------------+------+---------+---------+
       Total:                         1944   0         0      
                                                              
       Stack:                         0      0         512    
       Linker Generated:              0      47        0      
    +--+------------------------------+------+---------+---------+
       Grand Total:                   7176   2407      1024   


LINKER GENERATED COPY TABLES

__TI_cinit_table @ 00002578 records: 2, size/record: 8, table size: 16
	.data: load addr=00002564, load size=0000000b bytes, run addr=202001e8, run size=00000018 bytes, compression=lzss
	.bss: load addr=00002570, load size=00000008 bytes, run addr=20200000, run size=000001e8 bytes, compression=zero_init


LINKER GENERATED HANDLER TABLE

__TI_handler_table @ 00002558 records: 3, size/record: 4, table size: 12
	index: 0, handler: __TI_decompress_lzss
	index: 1, handler: __TI_decompress_none
	index: 2, handler: __TI_zero_init


GLOBAL SYMBOLS: SORTED ALPHABETICALLY BY Name 

address   name                                 
-------   ----                                 
00000513  ADC0_IRQHandler                      
00000513  ADC1_IRQHandler                      
00000513  AES_IRQHandler                       
00001ccc  C$$EXIT                              
00000513  CANFD0_IRQHandler                    
00000513  DAC0_IRQHandler                      
00001cb9  DL_Common_delayCycles                
00001689  DL_I2C_fillControllerTXFIFO          
00001b79  DL_I2C_setClockConfig                
00000e69  DL_SYSCTL_configSYSPLL               
000017d9  DL_SYSCTL_switchMCLKfromSYSOSCtoHSCLK
000009b5  DL_Timer_initFourCCPWMMode           
00000c9d  DL_Timer_initTimerMode               
00001bc1  DL_Timer_setCaptCompUpdateMethod     
00001bf9  DL_Timer_setCaptureCompareOutCtl     
00001c8d  DL_Timer_setCaptureCompareValue      
00001bdd  DL_Timer_setClockConfig              
00001791  DL_UART_init                         
00001c69  DL_UART_setClockConfig               
00000513  DMA_IRQHandler                       
00000513  Default_Handler                      
00000513  GROUP0_IRQHandler                    
0000181d  GROUP1_IRQHandler                    
00001ccd  HOSTexit                             
00000513  HardFault_Handler                    
00000513  I2C0_IRQHandler                      
00000513  I2C1_IRQHandler                      
00001c41  Motor_Off                            
00001c55  Motor_On                             
00000513  NMI_Handler                          
000000c1  OLED_Init                            
00000f45  OLED_ShowChar                        
00001401  OLED_ShowString                      
00000655  OLED_WR_Byte                         
00000513  PendSV_Handler                       
00000513  RTC_IRQHandler                       
00001cd1  Reset_Handler                        
00000513  SPI0_IRQHandler                      
00000513  SPI1_IRQHandler                      
00000513  SVC_Handler                          
00000bb1  SYSCFG_DL_GPIO_init                  
000016e9  SYSCFG_DL_I2C_MPU6050_init           
0000173d  SYSCFG_DL_I2C_OLED_init              
000011c1  SYSCFG_DL_PWM_MOTOR_init             
000014f5  SYSCFG_DL_SYSCTL_init                
00001a11  SYSCFG_DL_TIMER_PID_init             
000015c9  SYSCFG_DL_UART_PC_init               
00001a49  SYSCFG_DL_init                       
00001629  SYSCFG_DL_initPower                  
00000515  Set_Duty                             
00001c9d  SysTick_Handler                      
00001a81  SysTick_Init                         
00000513  TIMA0_IRQHandler                     
0000078d  TIMA1_IRQHandler                     
00000513  TIMG0_IRQHandler                     
00000513  TIMG12_IRQHandler                    
00000513  TIMG6_IRQHandler                     
00000513  TIMG7_IRQHandler                     
00000513  TIMG8_IRQHandler                     
00000513  UART0_IRQHandler                     
00000513  UART1_IRQHandler                     
00000513  UART2_IRQHandler                     
00000513  UART3_IRQHandler                     
20208000  __STACK_END                          
00000200  __STACK_SIZE                         
00000000  __TI_ATRegion0_region_sz             
00000000  __TI_ATRegion0_src_addr              
00000000  __TI_ATRegion0_trg_addr              
00000000  __TI_ATRegion1_region_sz             
00000000  __TI_ATRegion1_src_addr              
00000000  __TI_ATRegion1_trg_addr              
00000000  __TI_ATRegion2_region_sz             
00000000  __TI_ATRegion2_src_addr              
00000000  __TI_ATRegion2_trg_addr              
00002578  __TI_CINIT_Base                      
00002588  __TI_CINIT_Limit                     
00002588  __TI_CINIT_Warm                      
00002558  __TI_Handler_Table_Base              
00002564  __TI_Handler_Table_Limit             
0000195d  __TI_auto_init_nobinit_nopinit       
00001385  __TI_decompress_lzss                 
00001c7b  __TI_decompress_none                 
ffffffff  __TI_pprof_out_hndl                  
ffffffff  __TI_prof_data_size                  
ffffffff  __TI_prof_data_start                 
00000000  __TI_static_base__                   
00001c29  __TI_zero_init_nomemset              
0000038b  __adddf3                             
0000102b  __addsf3                             
00001481  __aeabi_d2f                          
00001861  __aeabi_d2uiz                        
0000038b  __aeabi_dadd                         
000008a9  __aeabi_ddiv                         
00000d85  __aeabi_dmul                         
00000381  __aeabi_dsub                         
00001ab9  __aeabi_f2iz                         
0000102b  __aeabi_fadd                         
00001565  __aeabi_fcmpeq                       
000015a1  __aeabi_fcmpge                       
000015b5  __aeabi_fcmpgt                       
0000158d  __aeabi_fcmple                       
00001579  __aeabi_fcmplt                       
000012f9  __aeabi_fmul                         
00001021  __aeabi_fsub                         
00001b25  __aeabi_i2d                          
000018e5  __aeabi_i2f                          
000012f7  __aeabi_idiv0                        
00001cc5  __aeabi_memcpy                       
00001cc5  __aeabi_memcpy4                      
00001cc5  __aeabi_memcpy8                      
000018a5  __aeabi_uidiv                        
000018a5  __aeabi_uidivmod                     
ffffffff  __binit__                            
00001999  __cmpsf2                             
000008a9  __divdf3                             
00001999  __eqsf2                              
00001ab9  __fixsfsi                            
00001861  __fixunsdfsi                         
00001b25  __floatsidf                          
000018e5  __floatsisf                          
00001921  __gesf2                              
00001921  __gtsf2                              
00001999  __lesf2                              
00001999  __ltsf2                              
UNDEFED   __mpu_init                           
00000d85  __muldf3                             
000019d5  __muldsi3                            
000012f9  __mulsf3                             
00001999  __nesf2                              
20207e00  __stack                              
20200000  __start___llvm_prf_bits              
20200000  __start___llvm_prf_cnts              
20200000  __stop___llvm_prf_bits               
20200000  __stop___llvm_prf_cnts               
00000381  __subdf3                             
00001021  __subsf3                             
00001481  __truncdfsf2                         
00001b51  _c_int00_noargs                      
UNDEFED   _system_post_cinit                   
00001cd5  _system_pre_init                     
0000147b  abort                                
000022d0  asc2_0806                            
00001ce0  asc2_1608                            
ffffffff  binit                                
202001e8  encode_cnt_left                      
202001ec  encode_cnt_right                     
20200000  gPWM_MOTORBackup                     
202000bc  gTIMER_PIDBackup                     
00000000  interruptVectors                     
000010f9  main                                 
0000125d  memcpy                               
00001af1  mspm0_delay_ms                       
00001c11  mspm0_get_clock_ms                   
202001f0  now_speed_left                       
202001f4  now_speed_right                      
00000ab9  pid_cal                              
00001b9f  pid_calculate                        
00001cad  pid_init                             
20200178  pid_motor_left                       
202001ac  pid_motor_right                      
202001e0  start_time                           
202001f8  target_speed_left                    
202001fc  target_speed_right                   
202001e4  tick_ms                              


GLOBAL SYMBOLS: SORTED BY Symbol Address 

address   name                                 
-------   ----                                 
00000000  __TI_ATRegion0_region_sz             
00000000  __TI_ATRegion0_src_addr              
00000000  __TI_ATRegion0_trg_addr              
00000000  __TI_ATRegion1_region_sz             
00000000  __TI_ATRegion1_src_addr              
00000000  __TI_ATRegion1_trg_addr              
00000000  __TI_ATRegion2_region_sz             
00000000  __TI_ATRegion2_src_addr              
00000000  __TI_ATRegion2_trg_addr              
00000000  __TI_static_base__                   
00000000  interruptVectors                     
000000c1  OLED_Init                            
00000200  __STACK_SIZE                         
00000381  __aeabi_dsub                         
00000381  __subdf3                             
0000038b  __adddf3                             
0000038b  __aeabi_dadd                         
00000513  ADC0_IRQHandler                      
00000513  ADC1_IRQHandler                      
00000513  AES_IRQHandler                       
00000513  CANFD0_IRQHandler                    
00000513  DAC0_IRQHandler                      
00000513  DMA_IRQHandler                       
00000513  Default_Handler                      
00000513  GROUP0_IRQHandler                    
00000513  HardFault_Handler                    
00000513  I2C0_IRQHandler                      
00000513  I2C1_IRQHandler                      
00000513  NMI_Handler                          
00000513  PendSV_Handler                       
00000513  RTC_IRQHandler                       
00000513  SPI0_IRQHandler                      
00000513  SPI1_IRQHandler                      
00000513  SVC_Handler                          
00000513  TIMA0_IRQHandler                     
00000513  TIMG0_IRQHandler                     
00000513  TIMG12_IRQHandler                    
00000513  TIMG6_IRQHandler                     
00000513  TIMG7_IRQHandler                     
00000513  TIMG8_IRQHandler                     
00000513  UART0_IRQHandler                     
00000513  UART1_IRQHandler                     
00000513  UART2_IRQHandler                     
00000513  UART3_IRQHandler                     
00000515  Set_Duty                             
00000655  OLED_WR_Byte                         
0000078d  TIMA1_IRQHandler                     
000008a9  __aeabi_ddiv                         
000008a9  __divdf3                             
000009b5  DL_Timer_initFourCCPWMMode           
00000ab9  pid_cal                              
00000bb1  SYSCFG_DL_GPIO_init                  
00000c9d  DL_Timer_initTimerMode               
00000d85  __aeabi_dmul                         
00000d85  __muldf3                             
00000e69  DL_SYSCTL_configSYSPLL               
00000f45  OLED_ShowChar                        
00001021  __aeabi_fsub                         
00001021  __subsf3                             
0000102b  __addsf3                             
0000102b  __aeabi_fadd                         
000010f9  main                                 
000011c1  SYSCFG_DL_PWM_MOTOR_init             
0000125d  memcpy                               
000012f7  __aeabi_idiv0                        
000012f9  __aeabi_fmul                         
000012f9  __mulsf3                             
00001385  __TI_decompress_lzss                 
00001401  OLED_ShowString                      
0000147b  abort                                
00001481  __aeabi_d2f                          
00001481  __truncdfsf2                         
000014f5  SYSCFG_DL_SYSCTL_init                
00001565  __aeabi_fcmpeq                       
00001579  __aeabi_fcmplt                       
0000158d  __aeabi_fcmple                       
000015a1  __aeabi_fcmpge                       
000015b5  __aeabi_fcmpgt                       
000015c9  SYSCFG_DL_UART_PC_init               
00001629  SYSCFG_DL_initPower                  
00001689  DL_I2C_fillControllerTXFIFO          
000016e9  SYSCFG_DL_I2C_MPU6050_init           
0000173d  SYSCFG_DL_I2C_OLED_init              
00001791  DL_UART_init                         
000017d9  DL_SYSCTL_switchMCLKfromSYSOSCtoHSCLK
0000181d  GROUP1_IRQHandler                    
00001861  __aeabi_d2uiz                        
00001861  __fixunsdfsi                         
000018a5  __aeabi_uidiv                        
000018a5  __aeabi_uidivmod                     
000018e5  __aeabi_i2f                          
000018e5  __floatsisf                          
00001921  __gesf2                              
00001921  __gtsf2                              
0000195d  __TI_auto_init_nobinit_nopinit       
00001999  __cmpsf2                             
00001999  __eqsf2                              
00001999  __lesf2                              
00001999  __ltsf2                              
00001999  __nesf2                              
000019d5  __muldsi3                            
00001a11  SYSCFG_DL_TIMER_PID_init             
00001a49  SYSCFG_DL_init                       
00001a81  SysTick_Init                         
00001ab9  __aeabi_f2iz                         
00001ab9  __fixsfsi                            
00001af1  mspm0_delay_ms                       
00001b25  __aeabi_i2d                          
00001b25  __floatsidf                          
00001b51  _c_int00_noargs                      
00001b79  DL_I2C_setClockConfig                
00001b9f  pid_calculate                        
00001bc1  DL_Timer_setCaptCompUpdateMethod     
00001bdd  DL_Timer_setClockConfig              
00001bf9  DL_Timer_setCaptureCompareOutCtl     
00001c11  mspm0_get_clock_ms                   
00001c29  __TI_zero_init_nomemset              
00001c41  Motor_Off                            
00001c55  Motor_On                             
00001c69  DL_UART_setClockConfig               
00001c7b  __TI_decompress_none                 
00001c8d  DL_Timer_setCaptureCompareValue      
00001c9d  SysTick_Handler                      
00001cad  pid_init                             
00001cb9  DL_Common_delayCycles                
00001cc5  __aeabi_memcpy                       
00001cc5  __aeabi_memcpy4                      
00001cc5  __aeabi_memcpy8                      
00001ccc  C$$EXIT                              
00001ccd  HOSTexit                             
00001cd1  Reset_Handler                        
00001cd5  _system_pre_init                     
00001ce0  asc2_1608                            
000022d0  asc2_0806                            
00002558  __TI_Handler_Table_Base              
00002564  __TI_Handler_Table_Limit             
00002578  __TI_CINIT_Base                      
00002588  __TI_CINIT_Limit                     
00002588  __TI_CINIT_Warm                      
20200000  __start___llvm_prf_bits              
20200000  __start___llvm_prf_cnts              
20200000  __stop___llvm_prf_bits               
20200000  __stop___llvm_prf_cnts               
20200000  gPWM_MOTORBackup                     
202000bc  gTIMER_PIDBackup                     
20200178  pid_motor_left                       
202001ac  pid_motor_right                      
202001e0  start_time                           
202001e4  tick_ms                              
202001e8  encode_cnt_left                      
202001ec  encode_cnt_right                     
202001f0  now_speed_left                       
202001f4  now_speed_right                      
202001f8  target_speed_left                    
202001fc  target_speed_right                   
20207e00  __stack                              
20208000  __STACK_END                          
ffffffff  __TI_pprof_out_hndl                  
ffffffff  __TI_prof_data_size                  
ffffffff  __TI_prof_data_start                 
ffffffff  __binit__                            
ffffffff  binit                                
UNDEFED   __mpu_init                           
UNDEFED   _system_post_cinit                   

[164 symbols]
