<?xml version="1.0" encoding="ISO-8859-1" ?>
<link_info>
   <banner>TI ARM Clang Linker PC v4.0.3.LTS</banner>
   <copyright>Copyright (c) 1996-2018 Texas Instruments Incorporated</copyright>
   <command_line>C:\APPLICATION\TIccs2011\ccs\tools\compiler\ti-cgt-armllvm_4.0.3.LTS\bin\tiarmlnk -IC:\APPLICATION\TIccs2011\ccs\tools\compiler\ti-cgt-armllvm_4.0.3.LTS\lib -o empty_LP_MSPM0G3507_nortos_ticlang.out -mempty_LP_MSPM0G3507_nortos_ticlang.map -iC:/APPLICATION/ti_SDK/mspm0_sdk_2_04_00_06/source -iC:/Users/Xe-131/workspace_ccstheia/empty_LP_MSPM0G3507_nortos_ticlang -iC:/Users/Xe-131/workspace_ccstheia/empty_LP_MSPM0G3507_nortos_ticlang/Debug/syscfg -iC:/APPLICATION/TIccs2011/ccs/tools/compiler/ti-cgt-armllvm_4.0.3.LTS/lib --diag_wrap=off --display_error_number --warn_sections --xml_link_info=empty_LP_MSPM0G3507_nortos_ticlang_linkInfo.xml --rom_model ./empty.o ./ti_msp_dl_config.o ./startup_mspm0g350x_ticlang.o ./MSPM0/clock.o ./MSPM0/interrupt.o ./OLED_Hardware_I2C/oled_hardware_i2c.o ./motor/motor.o ./motor/pid.o ./user/user.o -l./device_linker.cmd -ldevice.cmd.genlibs -llibc.a --start-group -llibc++.a -llibc++abi.a -llibc.a -llibsys.a -llibsysbm.a -llibclang_rt.builtins.a -llibclang_rt.profile.a --end-group --cg_opt_level=2</command_line>
   <link_time>0x6852d03a</link_time>
   <link_errors>0x0</link_errors>
   <output_file>C:\Users\Xe-131\workspace_ccstheia\empty_LP_MSPM0G3507_nortos_ticlang\Debug\empty_LP_MSPM0G3507_nortos_ticlang.out</output_file>
   <entry_point>
      <name>_c_int00_noargs</name>
      <address>0x3331</address>
   </entry_point>
   <input_file_list>
      <input_file id="fl-1">
         <path>C:\Users\Xe-131\workspace_ccstheia\empty_LP_MSPM0G3507_nortos_ticlang\Debug\.\</path>
         <kind>object</kind>
         <file>empty.o</file>
         <name>empty.o</name>
      </input_file>
      <input_file id="fl-2">
         <path>C:\Users\Xe-131\workspace_ccstheia\empty_LP_MSPM0G3507_nortos_ticlang\Debug\.\</path>
         <kind>object</kind>
         <file>ti_msp_dl_config.o</file>
         <name>ti_msp_dl_config.o</name>
      </input_file>
      <input_file id="fl-3">
         <path>C:\Users\Xe-131\workspace_ccstheia\empty_LP_MSPM0G3507_nortos_ticlang\Debug\.\</path>
         <kind>object</kind>
         <file>startup_mspm0g350x_ticlang.o</file>
         <name>startup_mspm0g350x_ticlang.o</name>
      </input_file>
      <input_file id="fl-4">
         <path>C:\Users\Xe-131\workspace_ccstheia\empty_LP_MSPM0G3507_nortos_ticlang\Debug\.\MSPM0\</path>
         <kind>object</kind>
         <file>clock.o</file>
         <name>clock.o</name>
      </input_file>
      <input_file id="fl-5">
         <path>C:\Users\Xe-131\workspace_ccstheia\empty_LP_MSPM0G3507_nortos_ticlang\Debug\.\MSPM0\</path>
         <kind>object</kind>
         <file>interrupt.o</file>
         <name>interrupt.o</name>
      </input_file>
      <input_file id="fl-6">
         <path>C:\Users\Xe-131\workspace_ccstheia\empty_LP_MSPM0G3507_nortos_ticlang\Debug\.\OLED_Hardware_I2C\</path>
         <kind>object</kind>
         <file>oled_hardware_i2c.o</file>
         <name>oled_hardware_i2c.o</name>
      </input_file>
      <input_file id="fl-7">
         <path>C:\Users\Xe-131\workspace_ccstheia\empty_LP_MSPM0G3507_nortos_ticlang\Debug\.\motor\</path>
         <kind>object</kind>
         <file>motor.o</file>
         <name>motor.o</name>
      </input_file>
      <input_file id="fl-8">
         <path>C:\Users\Xe-131\workspace_ccstheia\empty_LP_MSPM0G3507_nortos_ticlang\Debug\.\motor\</path>
         <kind>object</kind>
         <file>pid.o</file>
         <name>pid.o</name>
      </input_file>
      <input_file id="fl-9">
         <path>C:\Users\Xe-131\workspace_ccstheia\empty_LP_MSPM0G3507_nortos_ticlang\Debug\.\user\</path>
         <kind>object</kind>
         <file>user.o</file>
         <name>user.o</name>
      </input_file>
      <input_file id="fl-16">
         <path>C:\Users\Xe-131\workspace_ccstheia\empty_LP_MSPM0G3507_nortos_ticlang\Debug\</path>
         <kind>object</kind>
         <file>&lt;internal&gt;</file>
         <name>&lt;internal&gt;</name>
      </input_file>
      <input_file id="fl-17">
         <path>C:\APPLICATION\ti_SDK\mspm0_sdk_2_04_00_06\source\ti\driverlib\lib\ticlang\m0p\mspm0g1x0x_g3x0x\</path>
         <kind>archive</kind>
         <file>driverlib.a</file>
         <name>dl_common.o</name>
      </input_file>
      <input_file id="fl-18">
         <path>C:\APPLICATION\ti_SDK\mspm0_sdk_2_04_00_06\source\ti\driverlib\lib\ticlang\m0p\mspm0g1x0x_g3x0x\</path>
         <kind>archive</kind>
         <file>driverlib.a</file>
         <name>dl_i2c.o</name>
      </input_file>
      <input_file id="fl-19">
         <path>C:\APPLICATION\ti_SDK\mspm0_sdk_2_04_00_06\source\ti\driverlib\lib\ticlang\m0p\mspm0g1x0x_g3x0x\</path>
         <kind>archive</kind>
         <file>driverlib.a</file>
         <name>dl_timer.o</name>
      </input_file>
      <input_file id="fl-1a">
         <path>C:\APPLICATION\ti_SDK\mspm0_sdk_2_04_00_06\source\ti\driverlib\lib\ticlang\m0p\mspm0g1x0x_g3x0x\</path>
         <kind>archive</kind>
         <file>driverlib.a</file>
         <name>dl_uart.o</name>
      </input_file>
      <input_file id="fl-1b">
         <path>C:\APPLICATION\ti_SDK\mspm0_sdk_2_04_00_06\source\ti\driverlib\lib\ticlang\m0p\mspm0g1x0x_g3x0x\</path>
         <kind>archive</kind>
         <file>driverlib.a</file>
         <name>dl_sysctl_mspm0g1x0x_g3x0x.o</name>
      </input_file>
      <input_file id="fl-32">
         <path>C:\APPLICATION\TIccs2011\ccs\tools\compiler\ti-cgt-armllvm_4.0.3.LTS\lib\armv6m-ti-none-eabi\c\</path>
         <kind>archive</kind>
         <file>libc.a</file>
         <name>sprintf.c.obj</name>
      </input_file>
      <input_file id="fl-33">
         <path>C:\APPLICATION\TIccs2011\ccs\tools\compiler\ti-cgt-armllvm_4.0.3.LTS\lib\armv6m-ti-none-eabi\c\</path>
         <kind>archive</kind>
         <file>libc.a</file>
         <name>boot_cortex_m.c.obj</name>
      </input_file>
      <input_file id="fl-34">
         <path>C:\APPLICATION\TIccs2011\ccs\tools\compiler\ti-cgt-armllvm_4.0.3.LTS\lib\armv6m-ti-none-eabi\c\</path>
         <kind>archive</kind>
         <file>libc.a</file>
         <name>mathacl_init.c.obj</name>
      </input_file>
      <input_file id="fl-35">
         <path>C:\APPLICATION\TIccs2011\ccs\tools\compiler\ti-cgt-armllvm_4.0.3.LTS\lib\armv6m-ti-none-eabi\c\</path>
         <kind>archive</kind>
         <file>libc.a</file>
         <name>autoinit.c.obj</name>
      </input_file>
      <input_file id="fl-36">
         <path>C:\APPLICATION\TIccs2011\ccs\tools\compiler\ti-cgt-armllvm_4.0.3.LTS\lib\armv6m-ti-none-eabi\c\</path>
         <kind>archive</kind>
         <file>libc.a</file>
         <name>pre_init.c.obj</name>
      </input_file>
      <input_file id="fl-37">
         <path>C:\APPLICATION\TIccs2011\ccs\tools\compiler\ti-cgt-armllvm_4.0.3.LTS\lib\armv6m-ti-none-eabi\c\</path>
         <kind>archive</kind>
         <file>libc.a</file>
         <name>cpy_tbl.c.obj</name>
      </input_file>
      <input_file id="fl-38">
         <path>C:\APPLICATION\TIccs2011\ccs\tools\compiler\ti-cgt-armllvm_4.0.3.LTS\lib\armv6m-ti-none-eabi\c\</path>
         <kind>archive</kind>
         <file>libc.a</file>
         <name>copy_zero_init.c.obj</name>
      </input_file>
      <input_file id="fl-39">
         <path>C:\APPLICATION\TIccs2011\ccs\tools\compiler\ti-cgt-armllvm_4.0.3.LTS\lib\armv6m-ti-none-eabi\c\</path>
         <kind>archive</kind>
         <file>libc.a</file>
         <name>copy_decompress_none.c.obj</name>
      </input_file>
      <input_file id="fl-3a">
         <path>C:\APPLICATION\TIccs2011\ccs\tools\compiler\ti-cgt-armllvm_4.0.3.LTS\lib\armv6m-ti-none-eabi\c\</path>
         <kind>archive</kind>
         <file>libc.a</file>
         <name>copy_decompress_lzss.c.obj</name>
      </input_file>
      <input_file id="fl-3b">
         <path>C:\APPLICATION\TIccs2011\ccs\tools\compiler\ti-cgt-armllvm_4.0.3.LTS\lib\armv6m-ti-none-eabi\c\</path>
         <kind>archive</kind>
         <file>libc.a</file>
         <name>_printfi.c.obj</name>
      </input_file>
      <input_file id="fl-3c">
         <path>C:\APPLICATION\TIccs2011\ccs\tools\compiler\ti-cgt-armllvm_4.0.3.LTS\lib\armv6m-ti-none-eabi\c\</path>
         <kind>archive</kind>
         <file>libc.a</file>
         <name>s_frexp.c.obj</name>
      </input_file>
      <input_file id="fl-3d">
         <path>C:\APPLICATION\TIccs2011\ccs\tools\compiler\ti-cgt-armllvm_4.0.3.LTS\lib\armv6m-ti-none-eabi\c\</path>
         <kind>archive</kind>
         <file>libc.a</file>
         <name>s_scalbn.c.obj</name>
      </input_file>
      <input_file id="fl-3e">
         <path>C:\APPLICATION\TIccs2011\ccs\tools\compiler\ti-cgt-armllvm_4.0.3.LTS\lib\armv6m-ti-none-eabi\c\</path>
         <kind>archive</kind>
         <file>libc.a</file>
         <name>wcslen.c.obj</name>
      </input_file>
      <input_file id="fl-3f">
         <path>C:\APPLICATION\TIccs2011\ccs\tools\compiler\ti-cgt-armllvm_4.0.3.LTS\lib\armv6m-ti-none-eabi\c\</path>
         <kind>archive</kind>
         <file>libc.a</file>
         <name>aeabi_portable.c.obj</name>
      </input_file>
      <input_file id="fl-40">
         <path>C:\APPLICATION\TIccs2011\ccs\tools\compiler\ti-cgt-armllvm_4.0.3.LTS\lib\armv6m-ti-none-eabi\c\</path>
         <kind>archive</kind>
         <file>libc.a</file>
         <name>exit.c.obj</name>
      </input_file>
      <input_file id="fl-41">
         <path>C:\APPLICATION\TIccs2011\ccs\tools\compiler\ti-cgt-armllvm_4.0.3.LTS\lib\armv6m-ti-none-eabi\c\</path>
         <kind>archive</kind>
         <file>libc.a</file>
         <name>_lock.c.obj</name>
      </input_file>
      <input_file id="fl-42">
         <path>C:\APPLICATION\TIccs2011\ccs\tools\compiler\ti-cgt-armllvm_4.0.3.LTS\lib\armv6m-ti-none-eabi\c\</path>
         <kind>archive</kind>
         <file>libc.a</file>
         <name>_ltoa.c.obj</name>
      </input_file>
      <input_file id="fl-43">
         <path>C:\APPLICATION\TIccs2011\ccs\tools\compiler\ti-cgt-armllvm_4.0.3.LTS\lib\armv6m-ti-none-eabi\c\</path>
         <kind>archive</kind>
         <file>libc.a</file>
         <name>args_main.c.obj</name>
      </input_file>
      <input_file id="fl-44">
         <path>C:\APPLICATION\TIccs2011\ccs\tools\compiler\ti-cgt-armllvm_4.0.3.LTS\lib\armv6m-ti-none-eabi\c\</path>
         <kind>archive</kind>
         <file>libc.a</file>
         <name>assert.c.obj</name>
      </input_file>
      <input_file id="fl-45">
         <path>C:\APPLICATION\TIccs2011\ccs\tools\compiler\ti-cgt-armllvm_4.0.3.LTS\lib\armv6m-ti-none-eabi\c\</path>
         <kind>archive</kind>
         <file>libc.a</file>
         <name>atoi.c.obj</name>
      </input_file>
      <input_file id="fl-46">
         <path>C:\APPLICATION\TIccs2011\ccs\tools\compiler\ti-cgt-armllvm_4.0.3.LTS\lib\armv6m-ti-none-eabi\c\</path>
         <kind>archive</kind>
         <file>libc.a</file>
         <name>defs.c.obj</name>
      </input_file>
      <input_file id="fl-47">
         <path>C:\APPLICATION\TIccs2011\ccs\tools\compiler\ti-cgt-armllvm_4.0.3.LTS\lib\armv6m-ti-none-eabi\c\</path>
         <kind>archive</kind>
         <file>libc.a</file>
         <name>memccpy.c.obj</name>
      </input_file>
      <input_file id="fl-48">
         <path>C:\APPLICATION\TIccs2011\ccs\tools\compiler\ti-cgt-armllvm_4.0.3.LTS\lib\armv6m-ti-none-eabi\c\</path>
         <kind>archive</kind>
         <file>libc.a</file>
         <name>memory.c.obj</name>
      </input_file>
      <input_file id="fl-49">
         <path>C:\APPLICATION\TIccs2011\ccs\tools\compiler\ti-cgt-armllvm_4.0.3.LTS\lib\armv6m-ti-none-eabi\c\</path>
         <kind>archive</kind>
         <file>libc.a</file>
         <name>fflush.c.obj</name>
      </input_file>
      <input_file id="fl-4a">
         <path>C:\APPLICATION\TIccs2011\ccs\tools\compiler\ti-cgt-armllvm_4.0.3.LTS\lib\armv6m-ti-none-eabi\c\</path>
         <kind>archive</kind>
         <file>libc.a</file>
         <name>fputs.c.obj</name>
      </input_file>
      <input_file id="fl-4b">
         <path>C:\APPLICATION\TIccs2011\ccs\tools\compiler\ti-cgt-armllvm_4.0.3.LTS\lib\armv6m-ti-none-eabi\c\</path>
         <kind>archive</kind>
         <file>libc.a</file>
         <name>_io_perm.c.obj</name>
      </input_file>
      <input_file id="fl-4c">
         <path>C:\APPLICATION\TIccs2011\ccs\tools\compiler\ti-cgt-armllvm_4.0.3.LTS\lib\armv6m-ti-none-eabi\c\</path>
         <kind>archive</kind>
         <file>libc.a</file>
         <name>setvbuf.c.obj</name>
      </input_file>
      <input_file id="fl-4d">
         <path>C:\APPLICATION\TIccs2011\ccs\tools\compiler\ti-cgt-armllvm_4.0.3.LTS\lib\armv6m-ti-none-eabi\c\</path>
         <kind>archive</kind>
         <file>libc.a</file>
         <name>aeabi_ctype.S.obj</name>
      </input_file>
      <input_file id="fl-4e">
         <path>C:\APPLICATION\TIccs2011\ccs\tools\compiler\ti-cgt-armllvm_4.0.3.LTS\lib\armv6m-ti-none-eabi\c\</path>
         <kind>archive</kind>
         <file>libc.a</file>
         <name>fopen.c.obj</name>
      </input_file>
      <input_file id="fl-4f">
         <path>C:\APPLICATION\TIccs2011\ccs\tools\compiler\ti-cgt-armllvm_4.0.3.LTS\lib\armv6m-ti-none-eabi\c\</path>
         <kind>archive</kind>
         <file>libc.a</file>
         <name>fseek.c.obj</name>
      </input_file>
      <input_file id="fl-50">
         <path>C:\APPLICATION\TIccs2011\ccs\tools\compiler\ti-cgt-armllvm_4.0.3.LTS\lib\armv6m-ti-none-eabi\c\</path>
         <kind>archive</kind>
         <file>libc.a</file>
         <name>fclose.c.obj</name>
      </input_file>
      <input_file id="fl-f0">
         <path>C:\APPLICATION\TIccs2011\ccs\tools\compiler\ti-cgt-armllvm_4.0.3.LTS\lib\armv6m-ti-none-eabi\c\</path>
         <kind>archive</kind>
         <file>libsysbm.a</file>
         <name>hostexit.c.obj</name>
      </input_file>
      <input_file id="fl-f1">
         <path>C:\APPLICATION\TIccs2011\ccs\tools\compiler\ti-cgt-armllvm_4.0.3.LTS\lib\armv6m-ti-none-eabi\c\</path>
         <kind>archive</kind>
         <file>libsysbm.a</file>
         <name>write.c.obj</name>
      </input_file>
      <input_file id="fl-f2">
         <path>C:\APPLICATION\TIccs2011\ccs\tools\compiler\ti-cgt-armllvm_4.0.3.LTS\lib\armv6m-ti-none-eabi\c\</path>
         <kind>archive</kind>
         <file>libsysbm.a</file>
         <name>host_device.c.obj</name>
      </input_file>
      <input_file id="fl-f3">
         <path>C:\APPLICATION\TIccs2011\ccs\tools\compiler\ti-cgt-armllvm_4.0.3.LTS\lib\armv6m-ti-none-eabi\c\</path>
         <kind>archive</kind>
         <file>libsysbm.a</file>
         <name>remove.c.obj</name>
      </input_file>
      <input_file id="fl-f4">
         <path>C:\APPLICATION\TIccs2011\ccs\tools\compiler\ti-cgt-armllvm_4.0.3.LTS\lib\armv6m-ti-none-eabi\c\</path>
         <kind>archive</kind>
         <file>libsysbm.a</file>
         <name>open.c.obj</name>
      </input_file>
      <input_file id="fl-f5">
         <path>C:\APPLICATION\TIccs2011\ccs\tools\compiler\ti-cgt-armllvm_4.0.3.LTS\lib\armv6m-ti-none-eabi\c\</path>
         <kind>archive</kind>
         <file>libsysbm.a</file>
         <name>lseek.c.obj</name>
      </input_file>
      <input_file id="fl-f6">
         <path>C:\APPLICATION\TIccs2011\ccs\tools\compiler\ti-cgt-armllvm_4.0.3.LTS\lib\armv6m-ti-none-eabi\c\</path>
         <kind>archive</kind>
         <file>libsysbm.a</file>
         <name>close.c.obj</name>
      </input_file>
      <input_file id="fl-f7">
         <path>C:\APPLICATION\TIccs2011\ccs\tools\compiler\ti-cgt-armllvm_4.0.3.LTS\lib\armv6m-ti-none-eabi\c\</path>
         <kind>archive</kind>
         <file>libsysbm.a</file>
         <name>unlink.c.obj</name>
      </input_file>
      <input_file id="fl-f8">
         <path>C:\APPLICATION\TIccs2011\ccs\tools\compiler\ti-cgt-armllvm_4.0.3.LTS\lib\armv6m-ti-none-eabi\c\</path>
         <kind>archive</kind>
         <file>libsysbm.a</file>
         <name>hostclose.c.obj</name>
      </input_file>
      <input_file id="fl-f9">
         <path>C:\APPLICATION\TIccs2011\ccs\tools\compiler\ti-cgt-armllvm_4.0.3.LTS\lib\armv6m-ti-none-eabi\c\</path>
         <kind>archive</kind>
         <file>libsysbm.a</file>
         <name>hostlseek.c.obj</name>
      </input_file>
      <input_file id="fl-fa">
         <path>C:\APPLICATION\TIccs2011\ccs\tools\compiler\ti-cgt-armllvm_4.0.3.LTS\lib\armv6m-ti-none-eabi\c\</path>
         <kind>archive</kind>
         <file>libsysbm.a</file>
         <name>hostopen.c.obj</name>
      </input_file>
      <input_file id="fl-fb">
         <path>C:\APPLICATION\TIccs2011\ccs\tools\compiler\ti-cgt-armllvm_4.0.3.LTS\lib\armv6m-ti-none-eabi\c\</path>
         <kind>archive</kind>
         <file>libsysbm.a</file>
         <name>hostread.c.obj</name>
      </input_file>
      <input_file id="fl-fc">
         <path>C:\APPLICATION\TIccs2011\ccs\tools\compiler\ti-cgt-armllvm_4.0.3.LTS\lib\armv6m-ti-none-eabi\c\</path>
         <kind>archive</kind>
         <file>libsysbm.a</file>
         <name>hostrename.c.obj</name>
      </input_file>
      <input_file id="fl-fd">
         <path>C:\APPLICATION\TIccs2011\ccs\tools\compiler\ti-cgt-armllvm_4.0.3.LTS\lib\armv6m-ti-none-eabi\c\</path>
         <kind>archive</kind>
         <file>libsysbm.a</file>
         <name>hostunlink.c.obj</name>
      </input_file>
      <input_file id="fl-fe">
         <path>C:\APPLICATION\TIccs2011\ccs\tools\compiler\ti-cgt-armllvm_4.0.3.LTS\lib\armv6m-ti-none-eabi\c\</path>
         <kind>archive</kind>
         <file>libsysbm.a</file>
         <name>hostwrite.c.obj</name>
      </input_file>
      <input_file id="fl-ff">
         <path>C:\APPLICATION\TIccs2011\ccs\tools\compiler\ti-cgt-armllvm_4.0.3.LTS\lib\armv6m-ti-none-eabi\c\</path>
         <kind>archive</kind>
         <file>libsysbm.a</file>
         <name>trgmsg.c.obj</name>
      </input_file>
      <input_file id="fl-100">
         <path>C:\APPLICATION\TIccs2011\ccs\tools\compiler\ti-cgt-armllvm_4.0.3.LTS\lib\armv6m-ti-none-eabi\</path>
         <kind>archive</kind>
         <file>libclang_rt.builtins.a</file>
         <name>addsf3.S.obj</name>
      </input_file>
      <input_file id="fl-101">
         <path>C:\APPLICATION\TIccs2011\ccs\tools\compiler\ti-cgt-armllvm_4.0.3.LTS\lib\armv6m-ti-none-eabi\</path>
         <kind>archive</kind>
         <file>libclang_rt.builtins.a</file>
         <name>adddf3.S.obj</name>
      </input_file>
      <input_file id="fl-102">
         <path>C:\APPLICATION\TIccs2011\ccs\tools\compiler\ti-cgt-armllvm_4.0.3.LTS\lib\armv6m-ti-none-eabi\</path>
         <kind>archive</kind>
         <file>libclang_rt.builtins.a</file>
         <name>muldf3.S.obj</name>
      </input_file>
      <input_file id="fl-103">
         <path>C:\APPLICATION\TIccs2011\ccs\tools\compiler\ti-cgt-armllvm_4.0.3.LTS\lib\armv6m-ti-none-eabi\</path>
         <kind>archive</kind>
         <file>libclang_rt.builtins.a</file>
         <name>muldsi3.S.obj</name>
      </input_file>
      <input_file id="fl-104">
         <path>C:\APPLICATION\TIccs2011\ccs\tools\compiler\ti-cgt-armllvm_4.0.3.LTS\lib\armv6m-ti-none-eabi\</path>
         <kind>archive</kind>
         <file>libclang_rt.builtins.a</file>
         <name>mulsf3.S.obj</name>
      </input_file>
      <input_file id="fl-105">
         <path>C:\APPLICATION\TIccs2011\ccs\tools\compiler\ti-cgt-armllvm_4.0.3.LTS\lib\armv6m-ti-none-eabi\</path>
         <kind>archive</kind>
         <file>libclang_rt.builtins.a</file>
         <name>divdf3.S.obj</name>
      </input_file>
      <input_file id="fl-106">
         <path>C:\APPLICATION\TIccs2011\ccs\tools\compiler\ti-cgt-armllvm_4.0.3.LTS\lib\armv6m-ti-none-eabi\</path>
         <kind>archive</kind>
         <file>libclang_rt.builtins.a</file>
         <name>extendsfdf2.S.obj</name>
      </input_file>
      <input_file id="fl-107">
         <path>C:\APPLICATION\TIccs2011\ccs\tools\compiler\ti-cgt-armllvm_4.0.3.LTS\lib\armv6m-ti-none-eabi\</path>
         <kind>archive</kind>
         <file>libclang_rt.builtins.a</file>
         <name>fixdfsi.S.obj</name>
      </input_file>
      <input_file id="fl-108">
         <path>C:\APPLICATION\TIccs2011\ccs\tools\compiler\ti-cgt-armllvm_4.0.3.LTS\lib\armv6m-ti-none-eabi\</path>
         <kind>archive</kind>
         <file>libclang_rt.builtins.a</file>
         <name>fixsfsi.S.obj</name>
      </input_file>
      <input_file id="fl-109">
         <path>C:\APPLICATION\TIccs2011\ccs\tools\compiler\ti-cgt-armllvm_4.0.3.LTS\lib\armv6m-ti-none-eabi\</path>
         <kind>archive</kind>
         <file>libclang_rt.builtins.a</file>
         <name>fixunsdfsi.S.obj</name>
      </input_file>
      <input_file id="fl-10a">
         <path>C:\APPLICATION\TIccs2011\ccs\tools\compiler\ti-cgt-armllvm_4.0.3.LTS\lib\armv6m-ti-none-eabi\</path>
         <kind>archive</kind>
         <file>libclang_rt.builtins.a</file>
         <name>floatsidf.S.obj</name>
      </input_file>
      <input_file id="fl-10b">
         <path>C:\APPLICATION\TIccs2011\ccs\tools\compiler\ti-cgt-armllvm_4.0.3.LTS\lib\armv6m-ti-none-eabi\</path>
         <kind>archive</kind>
         <file>libclang_rt.builtins.a</file>
         <name>floatsisf.S.obj</name>
      </input_file>
      <input_file id="fl-10c">
         <path>C:\APPLICATION\TIccs2011\ccs\tools\compiler\ti-cgt-armllvm_4.0.3.LTS\lib\armv6m-ti-none-eabi\</path>
         <kind>archive</kind>
         <file>libclang_rt.builtins.a</file>
         <name>muldi3.S.obj</name>
      </input_file>
      <input_file id="fl-10d">
         <path>C:\APPLICATION\TIccs2011\ccs\tools\compiler\ti-cgt-armllvm_4.0.3.LTS\lib\armv6m-ti-none-eabi\</path>
         <kind>archive</kind>
         <file>libclang_rt.builtins.a</file>
         <name>truncdfsf2.S.obj</name>
      </input_file>
      <input_file id="fl-10e">
         <path>C:\APPLICATION\TIccs2011\ccs\tools\compiler\ti-cgt-armllvm_4.0.3.LTS\lib\armv6m-ti-none-eabi\</path>
         <kind>archive</kind>
         <file>libclang_rt.builtins.a</file>
         <name>aeabi_dcmp.S.obj</name>
      </input_file>
      <input_file id="fl-10f">
         <path>C:\APPLICATION\TIccs2011\ccs\tools\compiler\ti-cgt-armllvm_4.0.3.LTS\lib\armv6m-ti-none-eabi\</path>
         <kind>archive</kind>
         <file>libclang_rt.builtins.a</file>
         <name>aeabi_fcmp.S.obj</name>
      </input_file>
      <input_file id="fl-110">
         <path>C:\APPLICATION\TIccs2011\ccs\tools\compiler\ti-cgt-armllvm_4.0.3.LTS\lib\armv6m-ti-none-eabi\</path>
         <kind>archive</kind>
         <file>libclang_rt.builtins.a</file>
         <name>aeabi_idivmod.S.obj</name>
      </input_file>
      <input_file id="fl-111">
         <path>C:\APPLICATION\TIccs2011\ccs\tools\compiler\ti-cgt-armllvm_4.0.3.LTS\lib\armv6m-ti-none-eabi\</path>
         <kind>archive</kind>
         <file>libclang_rt.builtins.a</file>
         <name>aeabi_memcpy.S.obj</name>
      </input_file>
      <input_file id="fl-112">
         <path>C:\APPLICATION\TIccs2011\ccs\tools\compiler\ti-cgt-armllvm_4.0.3.LTS\lib\armv6m-ti-none-eabi\</path>
         <kind>archive</kind>
         <file>libclang_rt.builtins.a</file>
         <name>aeabi_memset.S.obj</name>
      </input_file>
      <input_file id="fl-113">
         <path>C:\APPLICATION\TIccs2011\ccs\tools\compiler\ti-cgt-armllvm_4.0.3.LTS\lib\armv6m-ti-none-eabi\</path>
         <kind>archive</kind>
         <file>libclang_rt.builtins.a</file>
         <name>aeabi_uidivmod.S.obj</name>
      </input_file>
      <input_file id="fl-114">
         <path>C:\APPLICATION\TIccs2011\ccs\tools\compiler\ti-cgt-armllvm_4.0.3.LTS\lib\armv6m-ti-none-eabi\</path>
         <kind>archive</kind>
         <file>libclang_rt.builtins.a</file>
         <name>aeabi_uldivmod.S.obj</name>
      </input_file>
      <input_file id="fl-115">
         <path>C:\APPLICATION\TIccs2011\ccs\tools\compiler\ti-cgt-armllvm_4.0.3.LTS\lib\armv6m-ti-none-eabi\</path>
         <kind>archive</kind>
         <file>libclang_rt.builtins.a</file>
         <name>comparesf2.S.obj</name>
      </input_file>
      <input_file id="fl-116">
         <path>C:\APPLICATION\TIccs2011\ccs\tools\compiler\ti-cgt-armllvm_4.0.3.LTS\lib\armv6m-ti-none-eabi\</path>
         <kind>archive</kind>
         <file>libclang_rt.builtins.a</file>
         <name>udivmoddi4.S.obj</name>
      </input_file>
      <input_file id="fl-117">
         <path>C:\APPLICATION\TIccs2011\ccs\tools\compiler\ti-cgt-armllvm_4.0.3.LTS\lib\armv6m-ti-none-eabi\</path>
         <kind>archive</kind>
         <file>libclang_rt.builtins.a</file>
         <name>ashldi3.S.obj</name>
      </input_file>
      <input_file id="fl-118">
         <path>C:\APPLICATION\TIccs2011\ccs\tools\compiler\ti-cgt-armllvm_4.0.3.LTS\lib\armv6m-ti-none-eabi\</path>
         <kind>archive</kind>
         <file>libclang_rt.builtins.a</file>
         <name>comparedf2.c.obj</name>
      </input_file>
      <input_file id="fl-119">
         <path>C:\APPLICATION\TIccs2011\ccs\tools\compiler\ti-cgt-armllvm_4.0.3.LTS\lib\armv6m-ti-none-eabi\</path>
         <kind>archive</kind>
         <file>libclang_rt.builtins.a</file>
         <name>aeabi_div0.c.obj</name>
      </input_file>
      <input_file id="fl-11a">
         <path>C:\APPLICATION\TIccs2011\ccs\tools\compiler\ti-cgt-armllvm_4.0.3.LTS\lib\armv6m-ti-none-eabi\c\</path>
         <kind>archive</kind>
         <file>libc.a</file>
         <name>getdevice.c.obj</name>
      </input_file>
      <input_file id="fl-11b">
         <path>C:\APPLICATION\TIccs2011\ccs\tools\compiler\ti-cgt-armllvm_4.0.3.LTS\lib\armv6m-ti-none-eabi\c\</path>
         <kind>archive</kind>
         <file>libc.a</file>
         <name>memcpy16.S.obj</name>
      </input_file>
      <input_file id="fl-11c">
         <path>C:\APPLICATION\TIccs2011\ccs\tools\compiler\ti-cgt-armllvm_4.0.3.LTS\lib\armv6m-ti-none-eabi\c\</path>
         <kind>archive</kind>
         <file>libc.a</file>
         <name>memset16.S.obj</name>
      </input_file>
      <input_file id="fl-11d">
         <path>C:\APPLICATION\TIccs2011\ccs\tools\compiler\ti-cgt-armllvm_4.0.3.LTS\lib\armv6m-ti-none-eabi\c\</path>
         <kind>archive</kind>
         <file>libc.a</file>
         <name>strcmp-armv6m.S.obj</name>
      </input_file>
   </input_file_list>
   <object_component_list>
      <object_component id="oc-18">
         <name>.intvecs</name>
         <load_address>0x0</load_address>
         <readonly>true</readonly>
         <run_address>0x0</run_address>
         <size>0xc0</size>
         <alignment>0x4</alignment>
         <input_file_ref idref="fl-3"/>
      </object_component>
      <object_component id="oc-13d">
         <name>.text:__TI_printfi</name>
         <load_address>0xc0</load_address>
         <readonly>true</readonly>
         <executable>true</executable>
         <run_address>0xc0</run_address>
         <size>0x9d0</size>
         <alignment>0x4</alignment>
         <input_file_ref idref="fl-3b"/>
      </object_component>
      <object_component id="oc-f7">
         <name>.text.OLED_Init</name>
         <load_address>0xa90</load_address>
         <readonly>true</readonly>
         <executable>true</executable>
         <run_address>0xa90</run_address>
         <size>0x2c0</size>
         <alignment>0x4</alignment>
         <input_file_ref idref="fl-6"/>
      </object_component>
      <object_component id="oc-196">
         <name>.text._pconv_a</name>
         <load_address>0xd50</load_address>
         <readonly>true</readonly>
         <executable>true</executable>
         <run_address>0xd50</run_address>
         <size>0x220</size>
         <alignment>0x4</alignment>
         <input_file_ref idref="fl-3b"/>
      </object_component>
      <object_component id="oc-19b">
         <name>.text._pconv_g</name>
         <load_address>0xf70</load_address>
         <readonly>true</readonly>
         <executable>true</executable>
         <run_address>0xf70</run_address>
         <size>0x1dc</size>
         <alignment>0x4</alignment>
         <input_file_ref idref="fl-3b"/>
      </object_component>
      <object_component id="oc-cd">
         <name>.text.adddf3_subdf3</name>
         <load_address>0x114c</load_address>
         <readonly>true</readonly>
         <executable>true</executable>
         <run_address>0x114c</run_address>
         <size>0x192</size>
         <alignment>0x4</alignment>
         <input_file_ref idref="fl-101"/>
      </object_component>
      <object_component id="oc-33">
         <name>.text.Default_Handler</name>
         <load_address>0x12de</load_address>
         <readonly>true</readonly>
         <executable>true</executable>
         <run_address>0x12de</run_address>
         <size>0x2</size>
         <alignment>0x2</alignment>
         <input_file_ref idref="fl-3"/>
      </object_component>
      <object_component id="oc-3d">
         <name>.text.TIMA1_IRQHandler</name>
         <load_address>0x12e0</load_address>
         <readonly>true</readonly>
         <executable>true</executable>
         <run_address>0x12e0</run_address>
         <size>0x15c</size>
         <alignment>0x4</alignment>
         <input_file_ref idref="fl-1"/>
      </object_component>
      <object_component id="oc-82">
         <name>.text.Set_Duty</name>
         <load_address>0x143c</load_address>
         <readonly>true</readonly>
         <executable>true</executable>
         <run_address>0x143c</run_address>
         <size>0x140</size>
         <alignment>0x4</alignment>
         <input_file_ref idref="fl-7"/>
      </object_component>
      <object_component id="oc-209">
         <name>.text.fcvt</name>
         <load_address>0x157c</load_address>
         <readonly>true</readonly>
         <executable>true</executable>
         <run_address>0x157c</run_address>
         <size>0x13c</size>
         <alignment>0x4</alignment>
         <input_file_ref idref="fl-3b"/>
      </object_component>
      <object_component id="oc-153">
         <name>.text.OLED_WR_Byte</name>
         <load_address>0x16b8</load_address>
         <readonly>true</readonly>
         <executable>true</executable>
         <run_address>0x16b8</run_address>
         <size>0x138</size>
         <alignment>0x4</alignment>
         <input_file_ref idref="fl-6"/>
      </object_component>
      <object_component id="oc-ad">
         <name>.text.main</name>
         <load_address>0x17f0</load_address>
         <readonly>true</readonly>
         <executable>true</executable>
         <run_address>0x17f0</run_address>
         <size>0x124</size>
         <alignment>0x4</alignment>
         <input_file_ref idref="fl-1"/>
      </object_component>
      <object_component id="oc-19d">
         <name>.text._pconv_e</name>
         <load_address>0x1914</load_address>
         <readonly>true</readonly>
         <executable>true</executable>
         <run_address>0x1914</run_address>
         <size>0x120</size>
         <alignment>0x4</alignment>
         <input_file_ref idref="fl-3b"/>
      </object_component>
      <object_component id="oc-6c">
         <name>.text.__divdf3</name>
         <load_address>0x1a34</load_address>
         <readonly>true</readonly>
         <executable>true</executable>
         <run_address>0x1a34</run_address>
         <size>0x10c</size>
         <alignment>0x4</alignment>
         <input_file_ref idref="fl-105"/>
      </object_component>
      <object_component id="oc-1a8">
         <name>.text.DL_Timer_initFourCCPWMMode</name>
         <load_address>0x1b40</load_address>
         <readonly>true</readonly>
         <executable>true</executable>
         <run_address>0x1b40</run_address>
         <size>0x104</size>
         <alignment>0x4</alignment>
         <input_file_ref idref="fl-19"/>
      </object_component>
      <object_component id="oc-ca">
         <name>.text.pid_cal</name>
         <load_address>0x1c44</load_address>
         <readonly>true</readonly>
         <executable>true</executable>
         <run_address>0x1c44</run_address>
         <size>0xf8</size>
         <alignment>0x4</alignment>
         <input_file_ref idref="fl-8"/>
      </object_component>
      <object_component id="oc-146">
         <name>.text.SYSCFG_DL_GPIO_init</name>
         <load_address>0x1d3c</load_address>
         <readonly>true</readonly>
         <executable>true</executable>
         <run_address>0x1d3c</run_address>
         <size>0xec</size>
         <alignment>0x4</alignment>
         <input_file_ref idref="fl-2"/>
      </object_component>
      <object_component id="oc-1ad">
         <name>.text.DL_Timer_initTimerMode</name>
         <load_address>0x1e28</load_address>
         <readonly>true</readonly>
         <executable>true</executable>
         <run_address>0x1e28</run_address>
         <size>0xe8</size>
         <alignment>0x4</alignment>
         <input_file_ref idref="fl-19"/>
      </object_component>
      <object_component id="oc-70">
         <name>.text.__muldf3</name>
         <load_address>0x1f10</load_address>
         <readonly>true</readonly>
         <executable>true</executable>
         <run_address>0x1f10</run_address>
         <size>0xe4</size>
         <alignment>0x4</alignment>
         <input_file_ref idref="fl-102"/>
      </object_component>
      <object_component id="oc-19f">
         <name>.text.DL_SYSCTL_configSYSPLL</name>
         <load_address>0x1ff4</load_address>
         <readonly>true</readonly>
         <executable>true</executable>
         <run_address>0x1ff4</run_address>
         <size>0xdc</size>
         <alignment>0x4</alignment>
         <input_file_ref idref="fl-1b"/>
      </object_component>
      <object_component id="oc-156">
         <name>.text.OLED_ShowChar</name>
         <load_address>0x20d0</load_address>
         <readonly>true</readonly>
         <executable>true</executable>
         <run_address>0x20d0</run_address>
         <size>0xdc</size>
         <alignment>0x4</alignment>
         <input_file_ref idref="fl-6"/>
      </object_component>
      <object_component id="oc-1f0">
         <name>.text.scalbn</name>
         <load_address>0x21ac</load_address>
         <readonly>true</readonly>
         <executable>true</executable>
         <run_address>0x21ac</run_address>
         <size>0xd8</size>
         <alignment>0x4</alignment>
         <input_file_ref idref="fl-3d"/>
      </object_component>
      <object_component id="oc-126">
         <name>.text</name>
         <load_address>0x2284</load_address>
         <readonly>true</readonly>
         <executable>true</executable>
         <run_address>0x2284</run_address>
         <size>0xd8</size>
         <alignment>0x4</alignment>
         <input_file_ref idref="fl-100"/>
      </object_component>
      <object_component id="oc-1e7">
         <name>.text</name>
         <load_address>0x235c</load_address>
         <readonly>true</readonly>
         <executable>true</executable>
         <run_address>0x235c</run_address>
         <size>0xa2</size>
         <alignment>0x4</alignment>
         <input_file_ref idref="fl-116"/>
      </object_component>
      <object_component id="oc-1d5">
         <name>.text.__aeabi_idiv0</name>
         <load_address>0x23fe</load_address>
         <readonly>true</readonly>
         <executable>true</executable>
         <run_address>0x23fe</run_address>
         <size>0x2</size>
         <alignment>0x2</alignment>
         <input_file_ref idref="fl-119"/>
      </object_component>
      <object_component id="oc-149">
         <name>.text.SYSCFG_DL_PWM_MOTOR_init</name>
         <load_address>0x2400</load_address>
         <readonly>true</readonly>
         <executable>true</executable>
         <run_address>0x2400</run_address>
         <size>0x9c</size>
         <alignment>0x4</alignment>
         <input_file_ref idref="fl-2"/>
      </object_component>
      <object_component id="oc-eb">
         <name>.text:memcpy</name>
         <load_address>0x249c</load_address>
         <readonly>true</readonly>
         <executable>true</executable>
         <run_address>0x249c</run_address>
         <size>0x9a</size>
         <alignment>0x1</alignment>
         <input_file_ref idref="fl-11b"/>
      </object_component>
      <object_component id="oc-214">
         <name>.text.__aeabi_ldiv0</name>
         <load_address>0x2536</load_address>
         <readonly>true</readonly>
         <executable>true</executable>
         <run_address>0x2536</run_address>
         <size>0x2</size>
         <alignment>0x2</alignment>
         <input_file_ref idref="fl-119"/>
      </object_component>
      <object_component id="oc-12a">
         <name>.text.__mulsf3</name>
         <load_address>0x2538</load_address>
         <readonly>true</readonly>
         <executable>true</executable>
         <run_address>0x2538</run_address>
         <size>0x8c</size>
         <alignment>0x4</alignment>
         <input_file_ref idref="fl-104"/>
      </object_component>
      <object_component id="oc-88">
         <name>.text.datavision_send</name>
         <load_address>0x25c4</load_address>
         <readonly>true</readonly>
         <executable>true</executable>
         <run_address>0x25c4</run_address>
         <size>0x7c</size>
         <alignment>0x4</alignment>
         <input_file_ref idref="fl-9"/>
      </object_component>
      <object_component id="oc-1c">
         <name>.text:decompress:lzss</name>
         <load_address>0x2640</load_address>
         <readonly>true</readonly>
         <executable>true</executable>
         <run_address>0x2640</run_address>
         <size>0x7c</size>
         <alignment>0x4</alignment>
         <input_file_ref idref="fl-3a"/>
      </object_component>
      <object_component id="oc-fd">
         <name>.text.OLED_ShowString</name>
         <load_address>0x26bc</load_address>
         <readonly>true</readonly>
         <executable>true</executable>
         <run_address>0x26bc</run_address>
         <size>0x7a</size>
         <alignment>0x2</alignment>
         <input_file_ref idref="fl-6"/>
      </object_component>
      <object_component id="oc-207">
         <name>.text.__gedf2</name>
         <load_address>0x2738</load_address>
         <readonly>true</readonly>
         <executable>true</executable>
         <run_address>0x2738</run_address>
         <size>0x74</size>
         <alignment>0x4</alignment>
         <input_file_ref idref="fl-118"/>
      </object_component>
      <object_component id="oc-15a">
         <name>.text.HOSTexit</name>
         <load_address>0x27ac</load_address>
         <readonly>true</readonly>
         <executable>true</executable>
         <run_address>0x27ac</run_address>
         <size>0x4</size>
         <alignment>0x2</alignment>
         <input_file_ref idref="fl-f0"/>
      </object_component>
      <object_component id="oc-74">
         <name>.text.__truncdfsf2</name>
         <load_address>0x27b0</load_address>
         <readonly>true</readonly>
         <executable>true</executable>
         <run_address>0x27b0</run_address>
         <size>0x74</size>
         <alignment>0x10</alignment>
         <input_file_ref idref="fl-10d"/>
      </object_component>
      <object_component id="oc-147">
         <name>.text.SYSCFG_DL_SYSCTL_init</name>
         <load_address>0x2824</load_address>
         <readonly>true</readonly>
         <executable>true</executable>
         <run_address>0x2824</run_address>
         <size>0x70</size>
         <alignment>0x4</alignment>
         <input_file_ref idref="fl-2"/>
      </object_component>
      <object_component id="oc-201">
         <name>.text.__ledf2</name>
         <load_address>0x2894</load_address>
         <readonly>true</readonly>
         <executable>true</executable>
         <run_address>0x2894</run_address>
         <size>0x68</size>
         <alignment>0x4</alignment>
         <input_file_ref idref="fl-118"/>
      </object_component>
      <object_component id="oc-200">
         <name>.text._mcpy</name>
         <load_address>0x28fc</load_address>
         <readonly>true</readonly>
         <executable>true</executable>
         <run_address>0x28fc</run_address>
         <size>0x66</size>
         <alignment>0x2</alignment>
         <input_file_ref idref="fl-3b"/>
      </object_component>
      <object_component id="oc-197">
         <name>.text.__aeabi_dcmp</name>
         <load_address>0x2964</load_address>
         <readonly>true</readonly>
         <executable>true</executable>
         <run_address>0x2964</run_address>
         <size>0x62</size>
         <alignment>0x4</alignment>
         <input_file_ref idref="fl-10e"/>
      </object_component>
      <object_component id="oc-12e">
         <name>.text.__aeabi_fcmp</name>
         <load_address>0x29c8</load_address>
         <readonly>true</readonly>
         <executable>true</executable>
         <run_address>0x29c8</run_address>
         <size>0x62</size>
         <alignment>0x4</alignment>
         <input_file_ref idref="fl-10f"/>
      </object_component>
      <object_component id="oc-144">
         <name>.text:memset</name>
         <load_address>0x2a2a</load_address>
         <readonly>true</readonly>
         <executable>true</executable>
         <run_address>0x2a2a</run_address>
         <size>0x62</size>
         <alignment>0x1</alignment>
         <input_file_ref idref="fl-11c"/>
      </object_component>
      <object_component id="oc-14d">
         <name>.text.SYSCFG_DL_UART_PC_init</name>
         <load_address>0x2a8c</load_address>
         <readonly>true</readonly>
         <executable>true</executable>
         <run_address>0x2a8c</run_address>
         <size>0x60</size>
         <alignment>0x4</alignment>
         <input_file_ref idref="fl-2"/>
      </object_component>
      <object_component id="oc-145">
         <name>.text.SYSCFG_DL_initPower</name>
         <load_address>0x2aec</load_address>
         <readonly>true</readonly>
         <executable>true</executable>
         <run_address>0x2aec</run_address>
         <size>0x60</size>
         <alignment>0x4</alignment>
         <input_file_ref idref="fl-2"/>
      </object_component>
      <object_component id="oc-1c3">
         <name>.text.DL_I2C_fillControllerTXFIFO</name>
         <load_address>0x2b4c</load_address>
         <readonly>true</readonly>
         <executable>true</executable>
         <run_address>0x2b4c</run_address>
         <size>0x5e</size>
         <alignment>0x2</alignment>
         <input_file_ref idref="fl-18"/>
      </object_component>
      <object_component id="oc-1ec">
         <name>.text.frexp</name>
         <load_address>0x2bac</load_address>
         <readonly>true</readonly>
         <executable>true</executable>
         <run_address>0x2bac</run_address>
         <size>0x5c</size>
         <alignment>0x4</alignment>
         <input_file_ref idref="fl-3c"/>
      </object_component>
      <object_component id="oc-1f8">
         <name>.text.__TI_ltoa</name>
         <load_address>0x2c08</load_address>
         <readonly>true</readonly>
         <executable>true</executable>
         <run_address>0x2c08</run_address>
         <size>0x58</size>
         <alignment>0x2</alignment>
         <input_file_ref idref="fl-42"/>
      </object_component>
      <object_component id="oc-19c">
         <name>.text._pconv_f</name>
         <load_address>0x2c60</load_address>
         <readonly>true</readonly>
         <executable>true</executable>
         <run_address>0x2c60</run_address>
         <size>0x58</size>
         <alignment>0x2</alignment>
         <input_file_ref idref="fl-3b"/>
      </object_component>
      <object_component id="oc-221">
         <name>.text.__aeabi_idivmod</name>
         <load_address>0x2cb8</load_address>
         <readonly>true</readonly>
         <executable>true</executable>
         <run_address>0x2cb8</run_address>
         <size>0x56</size>
         <alignment>0x4</alignment>
         <input_file_ref idref="fl-110"/>
      </object_component>
      <object_component id="oc-14b">
         <name>.text.SYSCFG_DL_I2C_MPU6050_init</name>
         <load_address>0x2d10</load_address>
         <readonly>true</readonly>
         <executable>true</executable>
         <run_address>0x2d10</run_address>
         <size>0x54</size>
         <alignment>0x4</alignment>
         <input_file_ref idref="fl-2"/>
      </object_component>
      <object_component id="oc-14c">
         <name>.text.SYSCFG_DL_I2C_OLED_init</name>
         <load_address>0x2d64</load_address>
         <readonly>true</readonly>
         <executable>true</executable>
         <run_address>0x2d64</run_address>
         <size>0x54</size>
         <alignment>0x4</alignment>
         <input_file_ref idref="fl-2"/>
      </object_component>
      <object_component id="oc-1fe">
         <name>.text._ecpy</name>
         <load_address>0x2db8</load_address>
         <readonly>true</readonly>
         <executable>true</executable>
         <run_address>0x2db8</run_address>
         <size>0x52</size>
         <alignment>0x2</alignment>
         <input_file_ref idref="fl-3b"/>
      </object_component>
      <object_component id="oc-1f4">
         <name>.text.__fixdfsi</name>
         <load_address>0x2e0c</load_address>
         <readonly>true</readonly>
         <executable>true</executable>
         <run_address>0x2e0c</run_address>
         <size>0x4a</size>
         <alignment>0x4</alignment>
         <input_file_ref idref="fl-107"/>
      </object_component>
      <object_component id="oc-1be">
         <name>.text.DL_UART_init</name>
         <load_address>0x2e58</load_address>
         <readonly>true</readonly>
         <executable>true</executable>
         <run_address>0x2e58</run_address>
         <size>0x48</size>
         <alignment>0x4</alignment>
         <input_file_ref idref="fl-1a"/>
      </object_component>
      <object_component id="oc-1a5">
         <name>.text.DL_SYSCTL_switchMCLKfromSYSOSCtoHSCLK</name>
         <load_address>0x2ea0</load_address>
         <readonly>true</readonly>
         <executable>true</executable>
         <run_address>0x2ea0</run_address>
         <size>0x44</size>
         <alignment>0x4</alignment>
         <input_file_ref idref="fl-1b"/>
      </object_component>
      <object_component id="oc-38">
         <name>.text.GROUP1_IRQHandler</name>
         <load_address>0x2ee4</load_address>
         <readonly>true</readonly>
         <executable>true</executable>
         <run_address>0x2ee4</run_address>
         <size>0x44</size>
         <alignment>0x4</alignment>
         <input_file_ref idref="fl-1"/>
      </object_component>
      <object_component id="oc-d1">
         <name>.text.__fixunsdfsi</name>
         <load_address>0x2f28</load_address>
         <readonly>true</readonly>
         <executable>true</executable>
         <run_address>0x2f28</run_address>
         <size>0x42</size>
         <alignment>0x4</alignment>
         <input_file_ref idref="fl-109"/>
      </object_component>
      <object_component id="oc-17a">
         <name>.text.__aeabi_uidivmod</name>
         <load_address>0x2f6c</load_address>
         <readonly>true</readonly>
         <executable>true</executable>
         <run_address>0x2f6c</run_address>
         <size>0x40</size>
         <alignment>0x4</alignment>
         <input_file_ref idref="fl-113"/>
      </object_component>
      <object_component id="oc-8e">
         <name>.text.__extendsfdf2</name>
         <load_address>0x2fac</load_address>
         <readonly>true</readonly>
         <executable>true</executable>
         <run_address>0x2fac</run_address>
         <size>0x40</size>
         <alignment>0x4</alignment>
         <input_file_ref idref="fl-106"/>
      </object_component>
      <object_component id="oc-180">
         <name>.text.atoi</name>
         <load_address>0x2fec</load_address>
         <readonly>true</readonly>
         <executable>true</executable>
         <run_address>0x2fec</run_address>
         <size>0x40</size>
         <alignment>0x4</alignment>
         <input_file_ref idref="fl-45"/>
      </object_component>
      <object_component id="oc-c6">
         <name>.text.__floatsisf</name>
         <load_address>0x302c</load_address>
         <readonly>true</readonly>
         <executable>true</executable>
         <run_address>0x302c</run_address>
         <size>0x3c</size>
         <alignment>0x4</alignment>
         <input_file_ref idref="fl-10b"/>
      </object_component>
      <object_component id="oc-171">
         <name>.text.__gtsf2</name>
         <load_address>0x3068</load_address>
         <readonly>true</readonly>
         <executable>true</executable>
         <run_address>0x3068</run_address>
         <size>0x3c</size>
         <alignment>0x4</alignment>
         <input_file_ref idref="fl-115"/>
      </object_component>
      <object_component id="oc-112">
         <name>.text:__TI_auto_init_nobinit_nopinit</name>
         <load_address>0x30a4</load_address>
         <readonly>true</readonly>
         <executable>true</executable>
         <run_address>0x30a4</run_address>
         <size>0x3c</size>
         <alignment>0x4</alignment>
         <input_file_ref idref="fl-35"/>
      </object_component>
      <object_component id="oc-16c">
         <name>.text.__eqsf2</name>
         <load_address>0x30e0</load_address>
         <readonly>true</readonly>
         <executable>true</executable>
         <run_address>0x30e0</run_address>
         <size>0x3a</size>
         <alignment>0x4</alignment>
         <input_file_ref idref="fl-115"/>
      </object_component>
      <object_component id="oc-bf">
         <name>.text.__muldsi3</name>
         <load_address>0x311c</load_address>
         <readonly>true</readonly>
         <executable>true</executable>
         <run_address>0x311c</run_address>
         <size>0x3a</size>
         <alignment>0x4</alignment>
         <input_file_ref idref="fl-103"/>
      </object_component>
      <object_component id="oc-14a">
         <name>.text.SYSCFG_DL_TIMER_PID_init</name>
         <load_address>0x3158</load_address>
         <readonly>true</readonly>
         <executable>true</executable>
         <run_address>0x3158</run_address>
         <size>0x38</size>
         <alignment>0x4</alignment>
         <input_file_ref idref="fl-2"/>
      </object_component>
      <object_component id="oc-f0">
         <name>.text.SYSCFG_DL_init</name>
         <load_address>0x3190</load_address>
         <readonly>true</readonly>
         <executable>true</executable>
         <run_address>0x3190</run_address>
         <size>0x38</size>
         <alignment>0x4</alignment>
         <input_file_ref idref="fl-2"/>
      </object_component>
      <object_component id="oc-f5">
         <name>.text.SysTick_Init</name>
         <load_address>0x31c8</load_address>
         <readonly>true</readonly>
         <executable>true</executable>
         <run_address>0x31c8</run_address>
         <size>0x38</size>
         <alignment>0x4</alignment>
         <input_file_ref idref="fl-4"/>
      </object_component>
      <object_component id="oc-78">
         <name>.text.__fixsfsi</name>
         <load_address>0x3200</load_address>
         <readonly>true</readonly>
         <executable>true</executable>
         <run_address>0x3200</run_address>
         <size>0x38</size>
         <alignment>0x4</alignment>
         <input_file_ref idref="fl-108"/>
      </object_component>
      <object_component id="oc-92">
         <name>.text.sprintf</name>
         <load_address>0x3238</load_address>
         <readonly>true</readonly>
         <executable>true</executable>
         <run_address>0x3238</run_address>
         <size>0x38</size>
         <alignment>0x4</alignment>
         <input_file_ref idref="fl-32"/>
      </object_component>
      <object_component id="oc-152">
         <name>.text.mspm0_delay_ms</name>
         <load_address>0x3270</load_address>
         <readonly>true</readonly>
         <executable>true</executable>
         <run_address>0x3270</run_address>
         <size>0x34</size>
         <alignment>0x4</alignment>
         <input_file_ref idref="fl-4"/>
      </object_component>
      <object_component id="oc-98">
         <name>.text.UART_sendString</name>
         <load_address>0x32a4</load_address>
         <readonly>true</readonly>
         <executable>true</executable>
         <run_address>0x32a4</run_address>
         <size>0x30</size>
         <alignment>0x4</alignment>
         <input_file_ref idref="fl-9"/>
      </object_component>
      <object_component id="oc-1ff">
         <name>.text._fcpy</name>
         <load_address>0x32d4</load_address>
         <readonly>true</readonly>
         <executable>true</executable>
         <run_address>0x32d4</run_address>
         <size>0x30</size>
         <alignment>0x2</alignment>
         <input_file_ref idref="fl-3b"/>
      </object_component>
      <object_component id="oc-68">
         <name>.text.__floatsidf</name>
         <load_address>0x3304</load_address>
         <readonly>true</readonly>
         <executable>true</executable>
         <run_address>0x3304</run_address>
         <size>0x2c</size>
         <alignment>0x4</alignment>
         <input_file_ref idref="fl-10a"/>
      </object_component>
      <object_component id="oc-59">
         <name>.text:_c_int00_noargs</name>
         <load_address>0x3330</load_address>
         <readonly>true</readonly>
         <executable>true</executable>
         <run_address>0x3330</run_address>
         <size>0x28</size>
         <alignment>0x4</alignment>
         <input_file_ref idref="fl-33"/>
      </object_component>
      <object_component id="oc-1b0">
         <name>.text.DL_I2C_setClockConfig</name>
         <load_address>0x3358</load_address>
         <readonly>true</readonly>
         <executable>true</executable>
         <run_address>0x3358</run_address>
         <size>0x26</size>
         <alignment>0x2</alignment>
         <input_file_ref idref="fl-18"/>
      </object_component>
      <object_component id="oc-18d">
         <name>.text.__muldi3</name>
         <load_address>0x3380</load_address>
         <readonly>true</readonly>
         <executable>true</executable>
         <run_address>0x3380</run_address>
         <size>0x24</size>
         <alignment>0x4</alignment>
         <input_file_ref idref="fl-10c"/>
      </object_component>
      <object_component id="oc-175">
         <name>.text.memccpy</name>
         <load_address>0x33a4</load_address>
         <readonly>true</readonly>
         <executable>true</executable>
         <run_address>0x33a4</run_address>
         <size>0x22</size>
         <alignment>0x2</alignment>
         <input_file_ref idref="fl-47"/>
      </object_component>
      <object_component id="oc-7c">
         <name>.text.pid_calculate</name>
         <load_address>0x33c6</load_address>
         <readonly>true</readonly>
         <executable>true</executable>
         <run_address>0x33c6</run_address>
         <size>0x20</size>
         <alignment>0x2</alignment>
         <input_file_ref idref="fl-8"/>
      </object_component>
      <object_component id="oc-215">
         <name>.text.__ashldi3</name>
         <load_address>0x33e8</load_address>
         <readonly>true</readonly>
         <executable>true</executable>
         <run_address>0x33e8</run_address>
         <size>0x1e</size>
         <alignment>0x4</alignment>
         <input_file_ref idref="fl-117"/>
      </object_component>
      <object_component id="oc-1aa">
         <name>.text.DL_Timer_setCaptCompUpdateMethod</name>
         <load_address>0x3408</load_address>
         <readonly>true</readonly>
         <executable>true</executable>
         <run_address>0x3408</run_address>
         <size>0x1c</size>
         <alignment>0x4</alignment>
         <input_file_ref idref="fl-19"/>
      </object_component>
      <object_component id="oc-1a7">
         <name>.text.DL_Timer_setClockConfig</name>
         <load_address>0x3424</load_address>
         <readonly>true</readonly>
         <executable>true</executable>
         <run_address>0x3424</run_address>
         <size>0x1c</size>
         <alignment>0x4</alignment>
         <input_file_ref idref="fl-19"/>
      </object_component>
      <object_component id="oc-1a9">
         <name>.text.DL_Timer_setCaptureCompareOutCtl</name>
         <load_address>0x3440</load_address>
         <readonly>true</readonly>
         <executable>true</executable>
         <run_address>0x3440</run_address>
         <size>0x18</size>
         <alignment>0x4</alignment>
         <input_file_ref idref="fl-19"/>
      </object_component>
      <object_component id="oc-e2">
         <name>.text._outs</name>
         <load_address>0x3458</load_address>
         <readonly>true</readonly>
         <executable>true</executable>
         <run_address>0x3458</run_address>
         <size>0x18</size>
         <alignment>0x2</alignment>
         <input_file_ref idref="fl-32"/>
      </object_component>
      <object_component id="oc-1c2">
         <name>.text.mspm0_get_clock_ms</name>
         <load_address>0x3470</load_address>
         <readonly>true</readonly>
         <executable>true</executable>
         <run_address>0x3470</run_address>
         <size>0x18</size>
         <alignment>0x4</alignment>
         <input_file_ref idref="fl-4"/>
      </object_component>
      <object_component id="oc-50">
         <name>.text:decompress:ZI:__TI_zero_init_nomemset</name>
         <load_address>0x3488</load_address>
         <readonly>true</readonly>
         <executable>true</executable>
         <run_address>0x3488</run_address>
         <size>0x16</size>
         <alignment>0x2</alignment>
         <input_file_ref idref="fl-38"/>
      </object_component>
      <object_component id="oc-104">
         <name>.text.Motor_Off</name>
         <load_address>0x34a0</load_address>
         <readonly>true</readonly>
         <executable>true</executable>
         <run_address>0x34a0</run_address>
         <size>0x14</size>
         <alignment>0x4</alignment>
         <input_file_ref idref="fl-7"/>
      </object_component>
      <object_component id="oc-103">
         <name>.text.Motor_On</name>
         <load_address>0x34b4</load_address>
         <readonly>true</readonly>
         <executable>true</executable>
         <run_address>0x34b4</run_address>
         <size>0x14</size>
         <alignment>0x4</alignment>
         <input_file_ref idref="fl-7"/>
      </object_component>
      <object_component id="oc-192">
         <name>.text.__aeabi_uldivmod</name>
         <load_address>0x34c8</load_address>
         <readonly>true</readonly>
         <executable>true</executable>
         <run_address>0x34c8</run_address>
         <size>0x14</size>
         <alignment>0x4</alignment>
         <input_file_ref idref="fl-114"/>
      </object_component>
      <object_component id="oc-1fd">
         <name>.text.strchr</name>
         <load_address>0x34dc</load_address>
         <readonly>true</readonly>
         <executable>true</executable>
         <run_address>0x34dc</run_address>
         <size>0x14</size>
         <alignment>0x2</alignment>
         <input_file_ref idref="fl-3b"/>
      </object_component>
      <object_component id="oc-1b8">
         <name>.text.DL_UART_setClockConfig</name>
         <load_address>0x34f0</load_address>
         <readonly>true</readonly>
         <executable>true</executable>
         <run_address>0x34f0</run_address>
         <size>0x12</size>
         <alignment>0x2</alignment>
         <input_file_ref idref="fl-1a"/>
      </object_component>
      <object_component id="oc-20">
         <name>.text:decompress:none</name>
         <load_address>0x3502</load_address>
         <readonly>true</readonly>
         <executable>true</executable>
         <run_address>0x3502</run_address>
         <size>0x12</size>
         <alignment>0x2</alignment>
         <input_file_ref idref="fl-39"/>
      </object_component>
      <object_component id="oc-d5">
         <name>.text.DL_Timer_setCaptureCompareValue</name>
         <load_address>0x3514</load_address>
         <readonly>true</readonly>
         <executable>true</executable>
         <run_address>0x3514</run_address>
         <size>0x10</size>
         <alignment>0x4</alignment>
         <input_file_ref idref="fl-19"/>
      </object_component>
      <object_component id="oc-34">
         <name>.text.SysTick_Handler</name>
         <load_address>0x3524</load_address>
         <readonly>true</readonly>
         <executable>true</executable>
         <run_address>0x3524</run_address>
         <size>0x10</size>
         <alignment>0x4</alignment>
         <input_file_ref idref="fl-5"/>
      </object_component>
      <object_component id="oc-184">
         <name>.text.wcslen</name>
         <load_address>0x3534</load_address>
         <readonly>true</readonly>
         <executable>true</executable>
         <run_address>0x3534</run_address>
         <size>0x10</size>
         <alignment>0x2</alignment>
         <input_file_ref idref="fl-3e"/>
      </object_component>
      <object_component id="oc-174">
         <name>.text.__aeabi_memset</name>
         <load_address>0x3544</load_address>
         <readonly>true</readonly>
         <executable>true</executable>
         <run_address>0x3544</run_address>
         <size>0xe</size>
         <alignment>0x4</alignment>
         <input_file_ref idref="fl-112"/>
      </object_component>
      <object_component id="oc-173">
         <name>.text.strlen</name>
         <load_address>0x3552</load_address>
         <readonly>true</readonly>
         <executable>true</executable>
         <run_address>0x3552</run_address>
         <size>0xe</size>
         <alignment>0x2</alignment>
         <input_file_ref idref="fl-3b"/>
      </object_component>
      <object_component id="oc-fe">
         <name>.text.pid_init</name>
         <load_address>0x3560</load_address>
         <readonly>true</readonly>
         <executable>true</executable>
         <run_address>0x3560</run_address>
         <size>0xc</size>
         <alignment>0x2</alignment>
         <input_file_ref idref="fl-8"/>
      </object_component>
      <object_component id="oc-ff">
         <name>.text.DL_Common_delayCycles</name>
         <load_address>0x356c</load_address>
         <readonly>true</readonly>
         <executable>true</executable>
         <run_address>0x356c</run_address>
         <size>0xa</size>
         <alignment>0x2</alignment>
         <input_file_ref idref="fl-17"/>
      </object_component>
      <object_component id="oc-1fc">
         <name>.text.OUTLINED_FUNCTION_0</name>
         <load_address>0x3576</load_address>
         <readonly>true</readonly>
         <executable>true</executable>
         <run_address>0x3576</run_address>
         <size>0xa</size>
         <alignment>0x2</alignment>
         <input_file_ref idref="fl-3b"/>
      </object_component>
      <object_component id="oc-273">
         <name>.tramp.__aeabi_dsub.1</name>
         <load_address>0x3580</load_address>
         <readonly>true</readonly>
         <executable>true</executable>
         <run_address>0x3580</run_address>
         <size>0x10</size>
         <alignment>0x4</alignment>
         <input_file_ref idref="fl-101"/>
      </object_component>
      <object_component id="oc-20a">
         <name>.text.OUTLINED_FUNCTION_1</name>
         <load_address>0x3590</load_address>
         <readonly>true</readonly>
         <executable>true</executable>
         <run_address>0x3590</run_address>
         <size>0xa</size>
         <alignment>0x2</alignment>
         <input_file_ref idref="fl-3b"/>
      </object_component>
      <object_component id="oc-e3">
         <name>.text._outc</name>
         <load_address>0x359a</load_address>
         <readonly>true</readonly>
         <executable>true</executable>
         <run_address>0x359a</run_address>
         <size>0xa</size>
         <alignment>0x2</alignment>
         <input_file_ref idref="fl-32"/>
      </object_component>
      <object_component id="oc-188">
         <name>.text.__aeabi_errno_addr</name>
         <load_address>0x35a4</load_address>
         <readonly>true</readonly>
         <executable>true</executable>
         <run_address>0x35a4</run_address>
         <size>0x8</size>
         <alignment>0x4</alignment>
         <input_file_ref idref="fl-3f"/>
      </object_component>
      <object_component id="oc-49">
         <name>.text.__aeabi_memcpy</name>
         <load_address>0x35ac</load_address>
         <readonly>true</readonly>
         <executable>true</executable>
         <run_address>0x35ac</run_address>
         <size>0x8</size>
         <alignment>0x4</alignment>
         <input_file_ref idref="fl-111"/>
      </object_component>
      <object_component id="oc-10b">
         <name>.text:abort</name>
         <load_address>0x35b4</load_address>
         <readonly>true</readonly>
         <executable>true</executable>
         <run_address>0x35b4</run_address>
         <size>0x6</size>
         <alignment>0x2</alignment>
         <input_file_ref idref="fl-40"/>
      </object_component>
      <object_component id="oc-2f">
         <name>.text.Reset_Handler</name>
         <load_address>0x35ba</load_address>
         <readonly>true</readonly>
         <executable>true</executable>
         <run_address>0x35ba</run_address>
         <size>0x4</size>
         <alignment>0x2</alignment>
         <input_file_ref idref="fl-3"/>
      </object_component>
      <object_component id="oc-a9">
         <name>.text._system_pre_init</name>
         <load_address>0x35be</load_address>
         <readonly>true</readonly>
         <executable>true</executable>
         <run_address>0x35be</run_address>
         <size>0x4</size>
         <alignment>0x2</alignment>
         <input_file_ref idref="fl-36"/>
      </object_component>
      <object_component id="oc-26f">
         <name>.cinit..data.load</name>
         <load_address>0x3fd0</load_address>
         <readonly>true</readonly>
         <run_address>0x3fd0</run_address>
         <size>0xc</size>
         <alignment>0x1</alignment>
      </object_component>
      <object_component id="oc-26d">
         <name>__TI_handler_table</name>
         <load_address>0x3fdc</load_address>
         <readonly>true</readonly>
         <run_address>0x3fdc</run_address>
         <size>0xc</size>
         <alignment>0x4</alignment>
      </object_component>
      <object_component id="oc-270">
         <name>.cinit..bss.load</name>
         <load_address>0x3fe8</load_address>
         <readonly>true</readonly>
         <run_address>0x3fe8</run_address>
         <size>0x8</size>
         <alignment>0x4</alignment>
      </object_component>
      <object_component id="oc-26e">
         <name>__TI_cinit_table</name>
         <load_address>0x3ff0</load_address>
         <readonly>true</readonly>
         <run_address>0x3ff0</run_address>
         <size>0x10</size>
         <alignment>0x4</alignment>
      </object_component>
      <object_component id="oc-1c4">
         <name>.rodata.asc2_1608</name>
         <load_address>0x35d0</load_address>
         <readonly>true</readonly>
         <run_address>0x35d0</run_address>
         <size>0x5f0</size>
         <alignment>0x1</alignment>
         <input_file_ref idref="fl-6"/>
      </object_component>
      <object_component id="oc-1c5">
         <name>.rodata.asc2_0806</name>
         <load_address>0x3bc0</load_address>
         <readonly>true</readonly>
         <run_address>0x3bc0</run_address>
         <size>0x228</size>
         <alignment>0x1</alignment>
         <input_file_ref idref="fl-6"/>
      </object_component>
      <object_component id="oc-1ac">
         <name>.rodata.gPWM_MOTORConfig</name>
         <load_address>0x3de8</load_address>
         <readonly>true</readonly>
         <run_address>0x3de8</run_address>
         <size>0x8</size>
         <alignment>0x4</alignment>
         <input_file_ref idref="fl-2"/>
      </object_component>
      <object_component id="oc-1db">
         <name>.rodata:__aeabi_ctype_table_</name>
         <load_address>0x3df0</load_address>
         <readonly>true</readonly>
         <run_address>0x3df0</run_address>
         <size>0x101</size>
         <alignment>0x10</alignment>
         <input_file_ref idref="fl-4d"/>
      </object_component>
      <object_component id="oc-1ab">
         <name>.rodata.gPWM_MOTORClockConfig</name>
         <load_address>0x3ef1</load_address>
         <readonly>true</readonly>
         <run_address>0x3ef1</run_address>
         <size>0x3</size>
         <alignment>0x1</alignment>
         <input_file_ref idref="fl-2"/>
      </object_component>
      <object_component id="oc-1a6">
         <name>.rodata.gSYSPLLConfig</name>
         <load_address>0x3ef4</load_address>
         <readonly>true</readonly>
         <run_address>0x3ef4</run_address>
         <size>0x28</size>
         <alignment>0x4</alignment>
         <input_file_ref idref="fl-2"/>
      </object_component>
      <object_component id="oc-9f">
         <name>.rodata.str1.16704889451495720520.1</name>
         <load_address>0x3f1c</load_address>
         <readonly>true</readonly>
         <run_address>0x3f1c</run_address>
         <size>0x19</size>
         <alignment>0x1</alignment>
         <input_file_ref idref="fl-1"/>
      </object_component>
      <object_component id="oc-dd">
         <name>.rodata.str1.17812846006744588262.1</name>
         <load_address>0x3f35</load_address>
         <readonly>true</readonly>
         <run_address>0x3f35</run_address>
         <size>0x18</size>
         <alignment>0x1</alignment>
         <input_file_ref idref="fl-9"/>
      </object_component>
      <object_component id="oc-1ae">
         <name>.rodata.gTIMER_PIDClockConfig</name>
         <load_address>0x3f4d</load_address>
         <readonly>true</readonly>
         <run_address>0x3f4d</run_address>
         <size>0x3</size>
         <alignment>0x1</alignment>
         <input_file_ref idref="fl-2"/>
      </object_component>
      <object_component id="oc-1af">
         <name>.rodata.gTIMER_PIDTimerConfig</name>
         <load_address>0x3f50</load_address>
         <readonly>true</readonly>
         <run_address>0x3f50</run_address>
         <size>0x14</size>
         <alignment>0x4</alignment>
         <input_file_ref idref="fl-2"/>
      </object_component>
      <object_component id="oc-191">
         <name>.rodata.str1.10348868589481759720.1</name>
         <load_address>0x3f64</load_address>
         <readonly>true</readonly>
         <run_address>0x3f64</run_address>
         <size>0x11</size>
         <alignment>0x1</alignment>
         <input_file_ref idref="fl-3b"/>
      </object_component>
      <object_component id="oc-179">
         <name>.rodata.str1.15363888844622738466.1</name>
         <load_address>0x3f75</load_address>
         <readonly>true</readonly>
         <run_address>0x3f75</run_address>
         <size>0x11</size>
         <alignment>0x1</alignment>
         <input_file_ref idref="fl-3b"/>
      </object_component>
      <object_component id="oc-105">
         <name>.rodata.str1.9517790425240694019.1</name>
         <load_address>0x3f86</load_address>
         <readonly>true</readonly>
         <run_address>0x3f86</run_address>
         <size>0xd</size>
         <alignment>0x1</alignment>
         <input_file_ref idref="fl-1"/>
      </object_component>
      <object_component id="oc-1c0">
         <name>.rodata.gUART_PCConfig</name>
         <load_address>0x3f94</load_address>
         <readonly>true</readonly>
         <run_address>0x3f94</run_address>
         <size>0xa</size>
         <alignment>0x2</alignment>
         <input_file_ref idref="fl-2"/>
      </object_component>
      <object_component id="oc-109">
         <name>.rodata.str1.11898133897667081452.1</name>
         <load_address>0x3f9e</load_address>
         <readonly>true</readonly>
         <run_address>0x3f9e</run_address>
         <size>0x6</size>
         <alignment>0x1</alignment>
         <input_file_ref idref="fl-1"/>
      </object_component>
      <object_component id="oc-107">
         <name>.rodata.str1.14685083708502177989.1</name>
         <load_address>0x3fa4</load_address>
         <readonly>true</readonly>
         <run_address>0x3fa4</run_address>
         <size>0x6</size>
         <alignment>0x1</alignment>
         <input_file_ref idref="fl-1"/>
      </object_component>
      <object_component id="oc-108">
         <name>.rodata.str1.17669528882079347314.1</name>
         <load_address>0x3faa</load_address>
         <readonly>true</readonly>
         <run_address>0x3faa</run_address>
         <size>0x6</size>
         <alignment>0x1</alignment>
         <input_file_ref idref="fl-1"/>
      </object_component>
      <object_component id="oc-106">
         <name>.rodata.str1.254342170260855183.1</name>
         <load_address>0x3fb0</load_address>
         <readonly>true</readonly>
         <run_address>0x3fb0</run_address>
         <size>0x6</size>
         <alignment>0x1</alignment>
         <input_file_ref idref="fl-1"/>
      </object_component>
      <object_component id="oc-10a">
         <name>.rodata.str1.7401042497206923953.1</name>
         <load_address>0x3fb6</load_address>
         <readonly>true</readonly>
         <run_address>0x3fb6</run_address>
         <size>0x5</size>
         <alignment>0x1</alignment>
         <input_file_ref idref="fl-1"/>
      </object_component>
      <object_component id="oc-1b6">
         <name>.rodata.gI2C_MPU6050ClockConfig</name>
         <load_address>0x3fbb</load_address>
         <readonly>true</readonly>
         <run_address>0x3fbb</run_address>
         <size>0x2</size>
         <alignment>0x1</alignment>
         <input_file_ref idref="fl-2"/>
      </object_component>
      <object_component id="oc-1b7">
         <name>.rodata.gI2C_OLEDClockConfig</name>
         <load_address>0x3fbd</load_address>
         <readonly>true</readonly>
         <run_address>0x3fbd</run_address>
         <size>0x2</size>
         <alignment>0x1</alignment>
         <input_file_ref idref="fl-2"/>
      </object_component>
      <object_component id="oc-1bf">
         <name>.rodata.gUART_PCClockConfig</name>
         <load_address>0x3fbf</load_address>
         <readonly>true</readonly>
         <run_address>0x3fbf</run_address>
         <size>0x2</size>
         <alignment>0x1</alignment>
         <input_file_ref idref="fl-2"/>
      </object_component>
      <object_component id="oc-235">
         <name>.binit</name>
         <load_address>0x0</load_address>
         <readonly>true</readonly>
         <run_address>0x0</run_address>
         <size>0x0</size>
         <alignment>0x4</alignment>
      </object_component>
      <object_component id="oc-65">
         <name>.data.encode_cnt_left</name>
         <load_address>0x202001ec</load_address>
         <readwrite>true</readwrite>
         <run_address>0x202001ec</run_address>
         <size>0x4</size>
         <alignment>0x4</alignment>
         <input_file_ref idref="fl-1"/>
      </object_component>
      <object_component id="oc-64">
         <name>.data.encode_cnt_right</name>
         <load_address>0x202001f0</load_address>
         <readwrite>true</readwrite>
         <run_address>0x202001f0</run_address>
         <size>0x4</size>
         <alignment>0x4</alignment>
         <input_file_ref idref="fl-1"/>
      </object_component>
      <object_component id="oc-99">
         <name>.data.now_speed_left</name>
         <load_address>0x202001f4</load_address>
         <readwrite>true</readwrite>
         <run_address>0x202001f4</run_address>
         <size>0x4</size>
         <alignment>0x4</alignment>
         <input_file_ref idref="fl-1"/>
      </object_component>
      <object_component id="oc-9a">
         <name>.data.now_speed_right</name>
         <load_address>0x202001f8</load_address>
         <readwrite>true</readwrite>
         <run_address>0x202001f8</run_address>
         <size>0x4</size>
         <alignment>0x4</alignment>
         <input_file_ref idref="fl-1"/>
      </object_component>
      <object_component id="oc-9b">
         <name>.data.target_speed_left</name>
         <load_address>0x202001fc</load_address>
         <readwrite>true</readwrite>
         <run_address>0x202001fc</run_address>
         <size>0x4</size>
         <alignment>0x4</alignment>
         <input_file_ref idref="fl-1"/>
      </object_component>
      <object_component id="oc-9d">
         <name>.data.target_speed_right</name>
         <load_address>0x20200200</load_address>
         <readwrite>true</readwrite>
         <run_address>0x20200200</run_address>
         <size>0x4</size>
         <alignment>0x4</alignment>
         <input_file_ref idref="fl-1"/>
      </object_component>
      <object_component id="oc-1e2">
         <name>.data.__aeabi_errno</name>
         <load_address>0x202001e8</load_address>
         <readwrite>true</readwrite>
         <run_address>0x202001e8</run_address>
         <size>0x4</size>
         <alignment>0x4</alignment>
         <input_file_ref idref="fl-3f"/>
      </object_component>
      <object_component id="oc-9c">
         <name>.common:pid_motor_left</name>
         <uninitialized>true</uninitialized>
         <readwrite>true</readwrite>
         <run_address>0x20200178</run_address>
         <size>0x34</size>
         <alignment>0x4</alignment>
      </object_component>
      <object_component id="oc-9e">
         <name>.common:pid_motor_right</name>
         <uninitialized>true</uninitialized>
         <readwrite>true</readwrite>
         <run_address>0x202001ac</run_address>
         <size>0x34</size>
         <alignment>0x4</alignment>
      </object_component>
      <object_component id="oc-14e">
         <name>.common:gPWM_MOTORBackup</name>
         <uninitialized>true</uninitialized>
         <readwrite>true</readwrite>
         <run_address>0x20200000</run_address>
         <size>0xbc</size>
         <alignment>0x4</alignment>
      </object_component>
      <object_component id="oc-14f">
         <name>.common:gTIMER_PIDBackup</name>
         <uninitialized>true</uninitialized>
         <readwrite>true</readwrite>
         <run_address>0x202000bc</run_address>
         <size>0xbc</size>
         <alignment>0x4</alignment>
      </object_component>
      <object_component id="oc-60">
         <name>.common:tick_ms</name>
         <uninitialized>true</uninitialized>
         <readwrite>true</readwrite>
         <run_address>0x202001e4</run_address>
         <size>0x4</size>
         <alignment>0x4</alignment>
      </object_component>
      <object_component id="oc-1c1">
         <name>.common:start_time</name>
         <uninitialized>true</uninitialized>
         <readwrite>true</readwrite>
         <run_address>0x202001e0</run_address>
         <size>0x4</size>
         <alignment>0x4</alignment>
      </object_component>
      <object_component id="oc-1a">
         <name>.stack</name>
         <uninitialized>true</uninitialized>
         <readwrite>true</readwrite>
         <run_address>0x20207e00</run_address>
         <size>0x4</size>
         <alignment>0x4</alignment>
         <input_file_ref idref="fl-33"/>
      </object_component>
      <object_component id="oc-272">
         <name>.stack</name>
         <uninitialized>true</uninitialized>
         <readwrite>true</readwrite>
         <run_address>0x20207e00</run_address>
         <size>0x0</size>
         <alignment>0x8</alignment>
      </object_component>
      <object_component id="oc-66">
         <name>.debug_abbrev</name>
         <load_address>0x0</load_address>
         <run_address>0x0</run_address>
         <size>0x1ce</size>
         <alignment>0x1</alignment>
         <input_file_ref idref="fl-1"/>
      </object_component>
[...]
         <name>Set_Duty</name>
         <value>0x143d</value>
         <object_component_ref idref="oc-82"/>
      </symbol>
      <symbol id="sm-111">
         <name>pid_init</name>
         <value>0x3561</value>
         <object_component_ref idref="oc-fe"/>
      </symbol>
      <symbol id="sm-112">
         <name>pid_calculate</name>
         <value>0x33c7</value>
         <object_component_ref idref="oc-7c"/>
      </symbol>
      <symbol id="sm-113">
         <name>pid_cal</name>
         <value>0x1c45</value>
         <object_component_ref idref="oc-ca"/>
      </symbol>
      <symbol id="sm-122">
         <name>datavision_send</name>
         <value>0x25c5</value>
         <object_component_ref idref="oc-88"/>
      </symbol>
      <symbol id="sm-123">
         <name>UART_sendString</name>
         <value>0x32a5</value>
         <object_component_ref idref="oc-98"/>
      </symbol>
      <symbol id="sm-124">
         <name>__TI_ATRegion0_src_addr</name>
         <value>0x0</value>
      </symbol>
      <symbol id="sm-125">
         <name>__TI_ATRegion0_trg_addr</name>
         <value>0x0</value>
      </symbol>
      <symbol id="sm-126">
         <name>__TI_ATRegion0_region_sz</name>
         <value>0x0</value>
      </symbol>
      <symbol id="sm-127">
         <name>__TI_ATRegion1_src_addr</name>
         <value>0x0</value>
      </symbol>
      <symbol id="sm-128">
         <name>__TI_ATRegion1_trg_addr</name>
         <value>0x0</value>
      </symbol>
      <symbol id="sm-129">
         <name>__TI_ATRegion1_region_sz</name>
         <value>0x0</value>
      </symbol>
      <symbol id="sm-12a">
         <name>__TI_ATRegion2_src_addr</name>
         <value>0x0</value>
      </symbol>
      <symbol id="sm-12b">
         <name>__TI_ATRegion2_trg_addr</name>
         <value>0x0</value>
      </symbol>
      <symbol id="sm-12c">
         <name>__TI_ATRegion2_region_sz</name>
         <value>0x0</value>
      </symbol>
      <symbol id="sm-135">
         <name>DL_Common_delayCycles</name>
         <value>0x356d</value>
         <object_component_ref idref="oc-ff"/>
      </symbol>
      <symbol id="sm-141">
         <name>DL_I2C_setClockConfig</name>
         <value>0x3359</value>
         <object_component_ref idref="oc-1b0"/>
      </symbol>
      <symbol id="sm-142">
         <name>DL_I2C_fillControllerTXFIFO</name>
         <value>0x2b4d</value>
         <object_component_ref idref="oc-1c3"/>
      </symbol>
      <symbol id="sm-15e">
         <name>DL_Timer_setClockConfig</name>
         <value>0x3425</value>
         <object_component_ref idref="oc-1a7"/>
      </symbol>
      <symbol id="sm-15f">
         <name>DL_Timer_initTimerMode</name>
         <value>0x1e29</value>
         <object_component_ref idref="oc-1ad"/>
      </symbol>
      <symbol id="sm-160">
         <name>DL_Timer_setCaptureCompareValue</name>
         <value>0x3515</value>
         <object_component_ref idref="oc-d5"/>
      </symbol>
      <symbol id="sm-161">
         <name>DL_Timer_setCaptCompUpdateMethod</name>
         <value>0x3409</value>
         <object_component_ref idref="oc-1aa"/>
      </symbol>
      <symbol id="sm-162">
         <name>DL_Timer_setCaptureCompareOutCtl</name>
         <value>0x3441</value>
         <object_component_ref idref="oc-1a9"/>
      </symbol>
      <symbol id="sm-163">
         <name>DL_Timer_initFourCCPWMMode</name>
         <value>0x1b41</value>
         <object_component_ref idref="oc-1a8"/>
      </symbol>
      <symbol id="sm-170">
         <name>DL_UART_init</name>
         <value>0x2e59</value>
         <object_component_ref idref="oc-1be"/>
      </symbol>
      <symbol id="sm-171">
         <name>DL_UART_setClockConfig</name>
         <value>0x34f1</value>
         <object_component_ref idref="oc-1b8"/>
      </symbol>
      <symbol id="sm-17f">
         <name>DL_SYSCTL_configSYSPLL</name>
         <value>0x1ff5</value>
         <object_component_ref idref="oc-19f"/>
      </symbol>
      <symbol id="sm-180">
         <name>DL_SYSCTL_switchMCLKfromSYSOSCtoHSCLK</name>
         <value>0x2ea1</value>
         <object_component_ref idref="oc-1a5"/>
      </symbol>
      <symbol id="sm-191">
         <name>sprintf</name>
         <value>0x3239</value>
         <object_component_ref idref="oc-92"/>
      </symbol>
      <symbol id="sm-19c">
         <name>_c_int00_noargs</name>
         <value>0x3331</value>
         <object_component_ref idref="oc-59"/>
      </symbol>
      <symbol id="sm-19d">
         <name>__stack</name>
         <value>0x20207e00</value>
         <object_component_ref idref="oc-1a"/>
      </symbol>
      <symbol id="sm-1a9">
         <name>__TI_auto_init_nobinit_nopinit</name>
         <value>0x30a5</value>
         <object_component_ref idref="oc-112"/>
      </symbol>
      <symbol id="sm-1b1">
         <name>_system_pre_init</name>
         <value>0x35bf</value>
         <object_component_ref idref="oc-a9"/>
      </symbol>
      <symbol id="sm-1bc">
         <name>__TI_zero_init_nomemset</name>
         <value>0x3489</value>
         <object_component_ref idref="oc-50"/>
      </symbol>
      <symbol id="sm-1c5">
         <name>__TI_decompress_none</name>
         <value>0x3503</value>
         <object_component_ref idref="oc-20"/>
      </symbol>
      <symbol id="sm-1d0">
         <name>__TI_decompress_lzss</name>
         <value>0x2641</value>
         <object_component_ref idref="oc-1c"/>
      </symbol>
      <symbol id="sm-219">
         <name>__TI_printfi</name>
         <value>0xc1</value>
         <object_component_ref idref="oc-13d"/>
      </symbol>
      <symbol id="sm-223">
         <name>frexp</name>
         <value>0x2bad</value>
         <object_component_ref idref="oc-1ec"/>
      </symbol>
      <symbol id="sm-224">
         <name>frexpl</name>
         <value>0x2bad</value>
         <object_component_ref idref="oc-1ec"/>
      </symbol>
      <symbol id="sm-22e">
         <name>scalbn</name>
         <value>0x21ad</value>
         <object_component_ref idref="oc-1f0"/>
      </symbol>
      <symbol id="sm-22f">
         <name>ldexp</name>
         <value>0x21ad</value>
         <object_component_ref idref="oc-1f0"/>
      </symbol>
      <symbol id="sm-230">
         <name>scalbnl</name>
         <value>0x21ad</value>
         <object_component_ref idref="oc-1f0"/>
      </symbol>
      <symbol id="sm-231">
         <name>ldexpl</name>
         <value>0x21ad</value>
         <object_component_ref idref="oc-1f0"/>
      </symbol>
      <symbol id="sm-23a">
         <name>wcslen</name>
         <value>0x3535</value>
         <object_component_ref idref="oc-184"/>
      </symbol>
      <symbol id="sm-245">
         <name>__aeabi_errno_addr</name>
         <value>0x35a5</value>
         <object_component_ref idref="oc-188"/>
      </symbol>
      <symbol id="sm-246">
         <name>__aeabi_errno</name>
         <value>0x202001e8</value>
         <object_component_ref idref="oc-1e2"/>
      </symbol>
      <symbol id="sm-250">
         <name>abort</name>
         <value>0x35b5</value>
         <object_component_ref idref="oc-10b"/>
      </symbol>
      <symbol id="sm-25a">
         <name>__TI_ltoa</name>
         <value>0x2c09</value>
         <object_component_ref idref="oc-1f8"/>
      </symbol>
      <symbol id="sm-266">
         <name>atoi</name>
         <value>0x2fed</value>
         <object_component_ref idref="oc-180"/>
      </symbol>
      <symbol id="sm-270">
         <name>memccpy</name>
         <value>0x33a5</value>
         <object_component_ref idref="oc-175"/>
      </symbol>
      <symbol id="sm-276">
         <name>__aeabi_ctype_table_</name>
         <value>0x3df0</value>
         <object_component_ref idref="oc-1db"/>
      </symbol>
      <symbol id="sm-277">
         <name>__aeabi_ctype_table_C</name>
         <value>0x3df0</value>
         <object_component_ref idref="oc-1db"/>
      </symbol>
      <symbol id="sm-282">
         <name>HOSTexit</name>
         <value>0x27ad</value>
         <object_component_ref idref="oc-15a"/>
      </symbol>
      <symbol id="sm-283">
         <name>C$$EXIT</name>
         <value>0x27ac</value>
         <object_component_ref idref="oc-15a"/>
      </symbol>
      <symbol id="sm-298">
         <name>__aeabi_fadd</name>
         <value>0x228f</value>
         <object_component_ref idref="oc-126"/>
      </symbol>
      <symbol id="sm-299">
         <name>__addsf3</name>
         <value>0x228f</value>
         <object_component_ref idref="oc-126"/>
      </symbol>
      <symbol id="sm-29a">
         <name>__aeabi_fsub</name>
         <value>0x2285</value>
         <object_component_ref idref="oc-126"/>
      </symbol>
      <symbol id="sm-29b">
         <name>__subsf3</name>
         <value>0x2285</value>
         <object_component_ref idref="oc-126"/>
      </symbol>
      <symbol id="sm-2a1">
         <name>__aeabi_dadd</name>
         <value>0x1157</value>
         <object_component_ref idref="oc-cd"/>
      </symbol>
      <symbol id="sm-2a2">
         <name>__adddf3</name>
         <value>0x1157</value>
         <object_component_ref idref="oc-cd"/>
      </symbol>
      <symbol id="sm-2a3">
         <name>__aeabi_dsub</name>
         <value>0x114d</value>
         <object_component_ref idref="oc-cd"/>
      </symbol>
      <symbol id="sm-2a4">
         <name>__subdf3</name>
         <value>0x114d</value>
         <object_component_ref idref="oc-cd"/>
      </symbol>
      <symbol id="sm-2ad">
         <name>__aeabi_dmul</name>
         <value>0x1f11</value>
         <object_component_ref idref="oc-70"/>
      </symbol>
      <symbol id="sm-2ae">
         <name>__muldf3</name>
         <value>0x1f11</value>
         <object_component_ref idref="oc-70"/>
      </symbol>
      <symbol id="sm-2b4">
         <name>__muldsi3</name>
         <value>0x311d</value>
         <object_component_ref idref="oc-bf"/>
      </symbol>
      <symbol id="sm-2ba">
         <name>__aeabi_fmul</name>
         <value>0x2539</value>
         <object_component_ref idref="oc-12a"/>
      </symbol>
      <symbol id="sm-2bb">
         <name>__mulsf3</name>
         <value>0x2539</value>
         <object_component_ref idref="oc-12a"/>
      </symbol>
      <symbol id="sm-2c1">
         <name>__aeabi_ddiv</name>
         <value>0x1a35</value>
         <object_component_ref idref="oc-6c"/>
      </symbol>
      <symbol id="sm-2c2">
         <name>__divdf3</name>
         <value>0x1a35</value>
         <object_component_ref idref="oc-6c"/>
      </symbol>
      <symbol id="sm-2c8">
         <name>__aeabi_f2d</name>
         <value>0x2fad</value>
         <object_component_ref idref="oc-8e"/>
      </symbol>
      <symbol id="sm-2c9">
         <name>__extendsfdf2</name>
         <value>0x2fad</value>
         <object_component_ref idref="oc-8e"/>
      </symbol>
      <symbol id="sm-2cf">
         <name>__aeabi_d2iz</name>
         <value>0x2e0d</value>
         <object_component_ref idref="oc-1f4"/>
      </symbol>
      <symbol id="sm-2d0">
         <name>__fixdfsi</name>
         <value>0x2e0d</value>
         <object_component_ref idref="oc-1f4"/>
      </symbol>
      <symbol id="sm-2d6">
         <name>__aeabi_f2iz</name>
         <value>0x3201</value>
         <object_component_ref idref="oc-78"/>
      </symbol>
      <symbol id="sm-2d7">
         <name>__fixsfsi</name>
         <value>0x3201</value>
         <object_component_ref idref="oc-78"/>
      </symbol>
      <symbol id="sm-2dd">
         <name>__aeabi_d2uiz</name>
         <value>0x2f29</value>
         <object_component_ref idref="oc-d1"/>
      </symbol>
      <symbol id="sm-2de">
         <name>__fixunsdfsi</name>
         <value>0x2f29</value>
         <object_component_ref idref="oc-d1"/>
      </symbol>
      <symbol id="sm-2e4">
         <name>__aeabi_i2d</name>
         <value>0x3305</value>
         <object_component_ref idref="oc-68"/>
      </symbol>
      <symbol id="sm-2e5">
         <name>__floatsidf</name>
         <value>0x3305</value>
         <object_component_ref idref="oc-68"/>
      </symbol>
      <symbol id="sm-2eb">
         <name>__aeabi_i2f</name>
         <value>0x302d</value>
         <object_component_ref idref="oc-c6"/>
      </symbol>
      <symbol id="sm-2ec">
         <name>__floatsisf</name>
         <value>0x302d</value>
         <object_component_ref idref="oc-c6"/>
      </symbol>
      <symbol id="sm-2f2">
         <name>__aeabi_lmul</name>
         <value>0x3381</value>
         <object_component_ref idref="oc-18d"/>
      </symbol>
      <symbol id="sm-2f3">
         <name>__muldi3</name>
         <value>0x3381</value>
         <object_component_ref idref="oc-18d"/>
      </symbol>
      <symbol id="sm-2fa">
         <name>__aeabi_d2f</name>
         <value>0x27b1</value>
         <object_component_ref idref="oc-74"/>
      </symbol>
      <symbol id="sm-2fb">
         <name>__truncdfsf2</name>
         <value>0x27b1</value>
         <object_component_ref idref="oc-74"/>
      </symbol>
      <symbol id="sm-301">
         <name>__aeabi_dcmpeq</name>
         <value>0x2965</value>
         <object_component_ref idref="oc-197"/>
      </symbol>
      <symbol id="sm-302">
         <name>__aeabi_dcmplt</name>
         <value>0x2979</value>
         <object_component_ref idref="oc-197"/>
      </symbol>
      <symbol id="sm-303">
         <name>__aeabi_dcmple</name>
         <value>0x298d</value>
         <object_component_ref idref="oc-197"/>
      </symbol>
      <symbol id="sm-304">
         <name>__aeabi_dcmpge</name>
         <value>0x29a1</value>
         <object_component_ref idref="oc-197"/>
      </symbol>
      <symbol id="sm-305">
         <name>__aeabi_dcmpgt</name>
         <value>0x29b5</value>
         <object_component_ref idref="oc-197"/>
      </symbol>
      <symbol id="sm-30b">
         <name>__aeabi_fcmpeq</name>
         <value>0x29c9</value>
         <object_component_ref idref="oc-12e"/>
      </symbol>
      <symbol id="sm-30c">
         <name>__aeabi_fcmplt</name>
         <value>0x29dd</value>
         <object_component_ref idref="oc-12e"/>
      </symbol>
      <symbol id="sm-30d">
         <name>__aeabi_fcmple</name>
         <value>0x29f1</value>
         <object_component_ref idref="oc-12e"/>
      </symbol>
      <symbol id="sm-30e">
         <name>__aeabi_fcmpge</name>
         <value>0x2a05</value>
         <object_component_ref idref="oc-12e"/>
      </symbol>
      <symbol id="sm-30f">
         <name>__aeabi_fcmpgt</name>
         <value>0x2a19</value>
         <object_component_ref idref="oc-12e"/>
      </symbol>
      <symbol id="sm-315">
         <name>__aeabi_idiv</name>
         <value>0x2cb9</value>
         <object_component_ref idref="oc-221"/>
      </symbol>
      <symbol id="sm-316">
         <name>__aeabi_idivmod</name>
         <value>0x2cb9</value>
         <object_component_ref idref="oc-221"/>
      </symbol>
      <symbol id="sm-31c">
         <name>__aeabi_memcpy</name>
         <value>0x35ad</value>
         <object_component_ref idref="oc-49"/>
      </symbol>
      <symbol id="sm-31d">
         <name>__aeabi_memcpy4</name>
         <value>0x35ad</value>
         <object_component_ref idref="oc-49"/>
      </symbol>
      <symbol id="sm-31e">
         <name>__aeabi_memcpy8</name>
         <value>0x35ad</value>
         <object_component_ref idref="oc-49"/>
      </symbol>
      <symbol id="sm-325">
         <name>__aeabi_memset</name>
         <value>0x3545</value>
         <object_component_ref idref="oc-174"/>
      </symbol>
      <symbol id="sm-326">
         <name>__aeabi_memset4</name>
         <value>0x3545</value>
         <object_component_ref idref="oc-174"/>
      </symbol>
      <symbol id="sm-327">
         <name>__aeabi_memset8</name>
         <value>0x3545</value>
         <object_component_ref idref="oc-174"/>
      </symbol>
      <symbol id="sm-32d">
         <name>__aeabi_uidiv</name>
         <value>0x2f6d</value>
         <object_component_ref idref="oc-17a"/>
      </symbol>
      <symbol id="sm-32e">
         <name>__aeabi_uidivmod</name>
         <value>0x2f6d</value>
         <object_component_ref idref="oc-17a"/>
      </symbol>
      <symbol id="sm-334">
         <name>__aeabi_uldivmod</name>
         <value>0x34c9</value>
         <object_component_ref idref="oc-192"/>
      </symbol>
      <symbol id="sm-33d">
         <name>__eqsf2</name>
         <value>0x30e1</value>
         <object_component_ref idref="oc-16c"/>
      </symbol>
      <symbol id="sm-33e">
         <name>__lesf2</name>
         <value>0x30e1</value>
         <object_component_ref idref="oc-16c"/>
      </symbol>
      <symbol id="sm-33f">
         <name>__ltsf2</name>
         <value>0x30e1</value>
         <object_component_ref idref="oc-16c"/>
      </symbol>
      <symbol id="sm-340">
         <name>__nesf2</name>
         <value>0x30e1</value>
         <object_component_ref idref="oc-16c"/>
      </symbol>
      <symbol id="sm-341">
         <name>__cmpsf2</name>
         <value>0x30e1</value>
         <object_component_ref idref="oc-16c"/>
      </symbol>
      <symbol id="sm-342">
         <name>__gtsf2</name>
         <value>0x3069</value>
         <object_component_ref idref="oc-171"/>
      </symbol>
      <symbol id="sm-343">
         <name>__gesf2</name>
         <value>0x3069</value>
         <object_component_ref idref="oc-171"/>
      </symbol>
      <symbol id="sm-349">
         <name>__udivmoddi4</name>
         <value>0x235d</value>
         <object_component_ref idref="oc-1e7"/>
      </symbol>
      <symbol id="sm-34f">
         <name>__aeabi_llsl</name>
         <value>0x33e9</value>
         <object_component_ref idref="oc-215"/>
      </symbol>
      <symbol id="sm-350">
         <name>__ashldi3</name>
         <value>0x33e9</value>
         <object_component_ref idref="oc-215"/>
      </symbol>
      <symbol id="sm-35e">
         <name>__ledf2</name>
         <value>0x2895</value>
         <object_component_ref idref="oc-201"/>
      </symbol>
      <symbol id="sm-35f">
         <name>__gedf2</name>
         <value>0x2739</value>
         <object_component_ref idref="oc-207"/>
      </symbol>
      <symbol id="sm-360">
         <name>__cmpdf2</name>
         <value>0x2895</value>
         <object_component_ref idref="oc-201"/>
      </symbol>
      <symbol id="sm-361">
         <name>__eqdf2</name>
         <value>0x2895</value>
         <object_component_ref idref="oc-201"/>
      </symbol>
      <symbol id="sm-362">
         <name>__ltdf2</name>
         <value>0x2895</value>
         <object_component_ref idref="oc-201"/>
      </symbol>
      <symbol id="sm-363">
         <name>__nedf2</name>
         <value>0x2895</value>
         <object_component_ref idref="oc-201"/>
      </symbol>
      <symbol id="sm-364">
         <name>__gtdf2</name>
         <value>0x2739</value>
         <object_component_ref idref="oc-207"/>
      </symbol>
      <symbol id="sm-370">
         <name>__aeabi_idiv0</name>
         <value>0x23ff</value>
         <object_component_ref idref="oc-1d5"/>
      </symbol>
      <symbol id="sm-371">
         <name>__aeabi_ldiv0</name>
         <value>0x2537</value>
         <object_component_ref idref="oc-214"/>
      </symbol>
      <symbol id="sm-38b">
         <name>memcpy</name>
         <value>0x249d</value>
         <object_component_ref idref="oc-eb"/>
      </symbol>
      <symbol id="sm-39a">
         <name>memset</name>
         <value>0x2a2b</value>
         <object_component_ref idref="oc-144"/>
      </symbol>
      <symbol id="sm-39b">
         <name>__TI_static_base__</name>
         <value>0x0</value>
      </symbol>
      <symbol id="sm-39f">
         <name>__mpu_init</name>
         <value>0x0</value>
      </symbol>
      <symbol id="sm-3a0">
         <name>_system_post_cinit</name>
         <value>0x0</value>
      </symbol>
   </symbol_table>
   <title>Link successful</title>
</link_info>
