******************************************************************************
            TI ARM Clang Linker PC v4.0.3                      
******************************************************************************
>> Linked Wed Jun 18 22:42:02 2025

OUTPUT FILE NAME:   <empty_LP_MSPM0G3507_nortos_ticlang.out>
ENTRY POINT SYMBOL: "_c_int00_noargs"  address: 00003331


MEMORY CONFIGURATION

         name            origin    length      used     unused   attr    fill
----------------------  --------  ---------  --------  --------  ----  --------
  FLASH                 00000000   00020000  00004000  0001c000  R  X
  SRAM                  20200000   00008000  00000404  00007bfc  RW X
  BCR_CONFIG            41c00000   000000ff  00000000  000000ff  R   
  BSL_CONFIG            41c00100   00000080  00000000  00000080  R   


SEGMENT ALLOCATION MAP

run origin  load origin   length   init length attrs members
----------  ----------- ---------- ----------- ----- -------
00000000    00000000    00004000   00004000    r-x
  00000000    00000000    000000c0   000000c0    r-- .intvecs
  000000c0    000000c0    00003510   00003510    r-x .text
  000035d0    000035d0    00000a00   00000a00    r-- .rodata
  00003fd0    00003fd0    00000030   00000030    r-- .cinit
20200000    20200000    00000204   00000000    rw-
  20200000    20200000    000001e8   00000000    rw- .bss
  202001e8    202001e8    0000001c   00000000    rw- .data
20207e00    20207e00    00000200   00000000    rw-
  20207e00    20207e00    00000200   00000000    rw- .stack


SECTION ALLOCATION MAP

 output                                  attributes/
section   page    origin      length       input sections
--------  ----  ----------  ----------   ----------------
.intvecs   0    00000000    000000c0     
                  00000000    000000c0     startup_mspm0g350x_ticlang.o (.intvecs)

.text      0    000000c0    00003510     
                  000000c0    000009d0     libc.a : _printfi.c.obj (.text:__TI_printfi)
                  00000a90    000002c0     oled_hardware_i2c.o (.text.OLED_Init)
                  00000d50    00000220     libc.a : _printfi.c.obj (.text._pconv_a)
                  00000f70    000001dc            : _printfi.c.obj (.text._pconv_g)
                  0000114c    00000192     libclang_rt.builtins.a : adddf3.S.obj (.text.adddf3_subdf3)
                  000012de    00000002     startup_mspm0g350x_ticlang.o (.text.Default_Handler)
                  000012e0    0000015c     empty.o (.text.TIMA1_IRQHandler)
                  0000143c    00000140     motor.o (.text.Set_Duty)
                  0000157c    0000013c     libc.a : _printfi.c.obj (.text.fcvt)
                  000016b8    00000138     oled_hardware_i2c.o (.text.OLED_WR_Byte)
                  000017f0    00000124     empty.o (.text.main)
                  00001914    00000120     libc.a : _printfi.c.obj (.text._pconv_e)
                  00001a34    0000010c     libclang_rt.builtins.a : divdf3.S.obj (.text.__divdf3)
                  00001b40    00000104     driverlib.a : dl_timer.o (.text.DL_Timer_initFourCCPWMMode)
                  00001c44    000000f8     pid.o (.text.pid_cal)
                  00001d3c    000000ec     ti_msp_dl_config.o (.text.SYSCFG_DL_GPIO_init)
                  00001e28    000000e8     driverlib.a : dl_timer.o (.text.DL_Timer_initTimerMode)
                  00001f10    000000e4     libclang_rt.builtins.a : muldf3.S.obj (.text.__muldf3)
                  00001ff4    000000dc     driverlib.a : dl_sysctl_mspm0g1x0x_g3x0x.o (.text.DL_SYSCTL_configSYSPLL)
                  000020d0    000000dc     oled_hardware_i2c.o (.text.OLED_ShowChar)
                  000021ac    000000d8     libc.a : s_scalbn.c.obj (.text.scalbn)
                  00002284    000000d8     libclang_rt.builtins.a : addsf3.S.obj (.text)
                  0000235c    000000a2                            : udivmoddi4.S.obj (.text)
                  000023fe    00000002                            : aeabi_div0.c.obj (.text.__aeabi_idiv0)
                  00002400    0000009c     ti_msp_dl_config.o (.text.SYSCFG_DL_PWM_MOTOR_init)
                  0000249c    0000009a     libc.a : memcpy16.S.obj (.text:memcpy)
                  00002536    00000002     libclang_rt.builtins.a : aeabi_div0.c.obj (.text.__aeabi_ldiv0)
                  00002538    0000008c                            : mulsf3.S.obj (.text.__mulsf3)
                  000025c4    0000007c     user.o (.text.datavision_send)
                  00002640    0000007c     libc.a : copy_decompress_lzss.c.obj (.text:decompress:lzss)
                  000026bc    0000007a     oled_hardware_i2c.o (.text.OLED_ShowString)
                  00002736    00000002     --HOLE-- [fill = 0]
                  00002738    00000074     libclang_rt.builtins.a : comparedf2.c.obj (.text.__gedf2)
                  000027ac    00000004     libsysbm.a : hostexit.c.obj (.text.HOSTexit)
                  000027b0    00000074     libclang_rt.builtins.a : truncdfsf2.S.obj (.text.__truncdfsf2)
                  00002824    00000070     ti_msp_dl_config.o (.text.SYSCFG_DL_SYSCTL_init)
                  00002894    00000068     libclang_rt.builtins.a : comparedf2.c.obj (.text.__ledf2)
                  000028fc    00000066     libc.a : _printfi.c.obj (.text._mcpy)
                  00002962    00000002     --HOLE-- [fill = 0]
                  00002964    00000062     libclang_rt.builtins.a : aeabi_dcmp.S.obj (.text.__aeabi_dcmp)
                  000029c6    00000002     --HOLE-- [fill = 0]
                  000029c8    00000062                            : aeabi_fcmp.S.obj (.text.__aeabi_fcmp)
                  00002a2a    00000062     libc.a : memset16.S.obj (.text:memset)
                  00002a8c    00000060     ti_msp_dl_config.o (.text.SYSCFG_DL_UART_PC_init)
                  00002aec    00000060     ti_msp_dl_config.o (.text.SYSCFG_DL_initPower)
                  00002b4c    0000005e     driverlib.a : dl_i2c.o (.text.DL_I2C_fillControllerTXFIFO)
                  00002baa    00000002     --HOLE-- [fill = 0]
                  00002bac    0000005c     libc.a : s_frexp.c.obj (.text.frexp)
                  00002c08    00000058            : _ltoa.c.obj (.text.__TI_ltoa)
                  00002c60    00000058            : _printfi.c.obj (.text._pconv_f)
                  00002cb8    00000056     libclang_rt.builtins.a : aeabi_idivmod.S.obj (.text.__aeabi_idivmod)
                  00002d0e    00000002     --HOLE-- [fill = 0]
                  00002d10    00000054     ti_msp_dl_config.o (.text.SYSCFG_DL_I2C_MPU6050_init)
                  00002d64    00000054     ti_msp_dl_config.o (.text.SYSCFG_DL_I2C_OLED_init)
                  00002db8    00000052     libc.a : _printfi.c.obj (.text._ecpy)
                  00002e0a    00000002     --HOLE-- [fill = 0]
                  00002e0c    0000004a     libclang_rt.builtins.a : fixdfsi.S.obj (.text.__fixdfsi)
                  00002e56    00000002     --HOLE-- [fill = 0]
                  00002e58    00000048     driverlib.a : dl_uart.o (.text.DL_UART_init)
                  00002ea0    00000044                 : dl_sysctl_mspm0g1x0x_g3x0x.o (.text.DL_SYSCTL_switchMCLKfromSYSOSCtoHSCLK)
                  00002ee4    00000044     empty.o (.text.GROUP1_IRQHandler)
                  00002f28    00000042     libclang_rt.builtins.a : fixunsdfsi.S.obj (.text.__fixunsdfsi)
                  00002f6a    00000002     --HOLE-- [fill = 0]
                  00002f6c    00000040                            : aeabi_uidivmod.S.obj (.text.__aeabi_uidivmod)
                  00002fac    00000040                            : extendsfdf2.S.obj (.text.__extendsfdf2)
                  00002fec    00000040     libc.a : atoi.c.obj (.text.atoi)
                  0000302c    0000003c     libclang_rt.builtins.a : floatsisf.S.obj (.text.__floatsisf)
                  00003068    0000003c                            : comparesf2.S.obj (.text.__gtsf2)
                  000030a4    0000003c     libc.a : autoinit.c.obj (.text:__TI_auto_init_nobinit_nopinit)
                  000030e0    0000003a     libclang_rt.builtins.a : comparesf2.S.obj (.text.__eqsf2)
                  0000311a    00000002     --HOLE-- [fill = 0]
                  0000311c    0000003a                            : muldsi3.S.obj (.text.__muldsi3)
                  00003156    00000002     --HOLE-- [fill = 0]
                  00003158    00000038     ti_msp_dl_config.o (.text.SYSCFG_DL_TIMER_PID_init)
                  00003190    00000038     ti_msp_dl_config.o (.text.SYSCFG_DL_init)
                  000031c8    00000038     clock.o (.text.SysTick_Init)
                  00003200    00000038     libclang_rt.builtins.a : fixsfsi.S.obj (.text.__fixsfsi)
                  00003238    00000038     libc.a : sprintf.c.obj (.text.sprintf)
                  00003270    00000034     clock.o (.text.mspm0_delay_ms)
                  000032a4    00000030     user.o (.text.UART_sendString)
                  000032d4    00000030     libc.a : _printfi.c.obj (.text._fcpy)
                  00003304    0000002c     libclang_rt.builtins.a : floatsidf.S.obj (.text.__floatsidf)
                  00003330    00000028     libc.a : boot_cortex_m.c.obj (.text:_c_int00_noargs)
                  00003358    00000026     driverlib.a : dl_i2c.o (.text.DL_I2C_setClockConfig)
                  0000337e    00000002     --HOLE-- [fill = 0]
                  00003380    00000024     libclang_rt.builtins.a : muldi3.S.obj (.text.__muldi3)
                  000033a4    00000022     libc.a : memccpy.c.obj (.text.memccpy)
                  000033c6    00000020     pid.o (.text.pid_calculate)
                  000033e6    00000002     --HOLE-- [fill = 0]
                  000033e8    0000001e     libclang_rt.builtins.a : ashldi3.S.obj (.text.__ashldi3)
                  00003406    00000002     --HOLE-- [fill = 0]
                  00003408    0000001c     driverlib.a : dl_timer.o (.text.DL_Timer_setCaptCompUpdateMethod)
                  00003424    0000001c                 : dl_timer.o (.text.DL_Timer_setClockConfig)
                  00003440    00000018                 : dl_timer.o (.text.DL_Timer_setCaptureCompareOutCtl)
                  00003458    00000018     libc.a : sprintf.c.obj (.text._outs)
                  00003470    00000018     clock.o (.text.mspm0_get_clock_ms)
                  00003488    00000016     libc.a : copy_zero_init.c.obj (.text:decompress:ZI:__TI_zero_init_nomemset)
                  0000349e    00000002     --HOLE-- [fill = 0]
                  000034a0    00000014     motor.o (.text.Motor_Off)
                  000034b4    00000014     motor.o (.text.Motor_On)
                  000034c8    00000014     libclang_rt.builtins.a : aeabi_uldivmod.S.obj (.text.__aeabi_uldivmod)
                  000034dc    00000014     libc.a : _printfi.c.obj (.text.strchr)
                  000034f0    00000012     driverlib.a : dl_uart.o (.text.DL_UART_setClockConfig)
                  00003502    00000012     libc.a : copy_decompress_none.c.obj (.text:decompress:none)
                  00003514    00000010     driverlib.a : dl_timer.o (.text.DL_Timer_setCaptureCompareValue)
                  00003524    00000010     interrupt.o (.text.SysTick_Handler)
                  00003534    00000010     libc.a : wcslen.c.obj (.text.wcslen)
                  00003544    0000000e     libclang_rt.builtins.a : aeabi_memset.S.obj (.text.__aeabi_memset)
                  00003552    0000000e     libc.a : _printfi.c.obj (.text.strlen)
                  00003560    0000000c     pid.o (.text.pid_init)
                  0000356c    0000000a     driverlib.a : dl_common.o (.text.DL_Common_delayCycles)
                  00003576    0000000a     libc.a : _printfi.c.obj (.text.OUTLINED_FUNCTION_0)
                  00003580    00000010     libclang_rt.builtins.a : adddf3.S.obj (.tramp.__aeabi_dsub.1)
                  00003590    0000000a     libc.a : _printfi.c.obj (.text.OUTLINED_FUNCTION_1)
                  0000359a    0000000a            : sprintf.c.obj (.text._outc)
                  000035a4    00000008            : aeabi_portable.c.obj (.text.__aeabi_errno_addr)
                  000035ac    00000008     libclang_rt.builtins.a : aeabi_memcpy.S.obj (.text.__aeabi_memcpy)
                  000035b4    00000006     libc.a : exit.c.obj (.text:abort)
                  000035ba    00000004     startup_mspm0g350x_ticlang.o (.text.Reset_Handler)
                  000035be    00000004     libc.a : pre_init.c.obj (.text._system_pre_init)
                  000035c2    0000000e     --HOLE-- [fill = 0]

.cinit     0    00003fd0    00000030     
                  00003fd0    0000000c     (.cinit..data.load) [load image, compression = lzss]
                  00003fdc    0000000c     (__TI_handler_table)
                  00003fe8    00000008     (.cinit..bss.load) [load image, compression = zero_init]
                  00003ff0    00000010     (__TI_cinit_table)

.rodata    0    000035d0    00000a00     
                  000035d0    000005f0     oled_hardware_i2c.o (.rodata.asc2_1608)
                  00003bc0    00000228     oled_hardware_i2c.o (.rodata.asc2_0806)
                  00003de8    00000008     ti_msp_dl_config.o (.rodata.gPWM_MOTORConfig)
                  00003df0    00000101     libc.a : aeabi_ctype.S.obj (.rodata:__aeabi_ctype_table_)
                  00003ef1    00000003     ti_msp_dl_config.o (.rodata.gPWM_MOTORClockConfig)
                  00003ef4    00000028     ti_msp_dl_config.o (.rodata.gSYSPLLConfig)
                  00003f1c    00000019     empty.o (.rodata.str1.16704889451495720520.1)
                  00003f35    00000018     user.o (.rodata.str1.17812846006744588262.1)
                  00003f4d    00000003     ti_msp_dl_config.o (.rodata.gTIMER_PIDClockConfig)
                  00003f50    00000014     ti_msp_dl_config.o (.rodata.gTIMER_PIDTimerConfig)
                  00003f64    00000011     libc.a : _printfi.c.obj (.rodata.str1.10348868589481759720.1)
                  00003f75    00000011            : _printfi.c.obj (.rodata.str1.15363888844622738466.1)
                  00003f86    0000000d     empty.o (.rodata.str1.9517790425240694019.1)
                  00003f93    00000001     --HOLE-- [fill = 0]
                  00003f94    0000000a     ti_msp_dl_config.o (.rodata.gUART_PCConfig)
                  00003f9e    00000006     empty.o (.rodata.str1.11898133897667081452.1)
                  00003fa4    00000006     empty.o (.rodata.str1.14685083708502177989.1)
                  00003faa    00000006     empty.o (.rodata.str1.17669528882079347314.1)
                  00003fb0    00000006     empty.o (.rodata.str1.254342170260855183.1)
                  00003fb6    00000005     empty.o (.rodata.str1.7401042497206923953.1)
                  00003fbb    00000002     ti_msp_dl_config.o (.rodata.gI2C_MPU6050ClockConfig)
                  00003fbd    00000002     ti_msp_dl_config.o (.rodata.gI2C_OLEDClockConfig)
                  00003fbf    00000002     ti_msp_dl_config.o (.rodata.gUART_PCClockConfig)
                  00003fc1    0000000f     --HOLE-- [fill = 0]

.init_array 
*          0    00000000    00000000     UNINITIALIZED

.binit     0    00000000    00000000     

.bss       0    20200000    000001e8     UNINITIALIZED
                  20200000    000000bc     (.common:gPWM_MOTORBackup)
                  202000bc    000000bc     (.common:gTIMER_PIDBackup)
                  20200178    00000034     (.common:pid_motor_left)
                  202001ac    00000034     (.common:pid_motor_right)
                  202001e0    00000004     (.common:start_time)
                  202001e4    00000004     (.common:tick_ms)

.data      0    202001e8    0000001c     UNINITIALIZED
                  202001e8    00000004     libc.a : aeabi_portable.c.obj (.data.__aeabi_errno)
                  202001ec    00000004     empty.o (.data.encode_cnt_left)
                  202001f0    00000004     empty.o (.data.encode_cnt_right)
                  202001f4    00000004     empty.o (.data.now_speed_left)
                  202001f8    00000004     empty.o (.data.now_speed_right)
                  202001fc    00000004     empty.o (.data.target_speed_left)
                  20200200    00000004     empty.o (.data.target_speed_right)

.stack     0    20207e00    00000200     UNINITIALIZED
                  20207e00    00000004     libc.a : boot_cortex_m.c.obj (.stack)
                  20207e04    000001fc     --HOLE--

__llvm_prf_cnts 
*          0    20200000    00000000     UNINITIALIZED

__llvm_prf_bits 
*          0    20200000    00000000     UNINITIALIZED

MODULE SUMMARY

       Module                         code    ro data   rw data
       ------                         ----    -------   -------
    .\
       ti_msp_dl_config.o             976     90        376    
       empty.o                        708     67        128    
       startup_mspm0g350x_ticlang.o   6       192       0      
    +--+------------------------------+-------+---------+---------+
       Total:                         1690    349       504    
                                                               
    .\MSPM0\
       clock.o                        132     0         8      
       interrupt.o                    16      0         0      
    +--+------------------------------+-------+---------+---------+
       Total:                         148     0         8      
                                                               
    .\OLED_Hardware_I2C\
       oled_hardware_i2c.o            1358    2072      0      
    +--+------------------------------+-------+---------+---------+
       Total:                         1358    2072      0      
                                                               
    .\motor\
       motor.o                        360     0         0      
       pid.o                          292     0         0      
    +--+------------------------------+-------+---------+---------+
       Total:                         652     0         0      
                                                               
    .\user\
       user.o                         172     24        0      
    +--+------------------------------+-------+---------+---------+
       Total:                         172     24        0      
                                                               
    C:/APPLICATION/ti_SDK/mspm0_sdk_2_04_00_06/source/ti/driverlib/lib/ticlang/m0p/mspm0g1x0x_g3x0x/driverlib.a
       dl_timer.o                     588     0         0      
       dl_sysctl_mspm0g1x0x_g3x0x.o   288     0         0      
       dl_i2c.o                       132     0         0      
       dl_uart.o                      90      0         0      
       dl_common.o                    10      0         0      
    +--+------------------------------+-------+---------+---------+
       Total:                         1108    0         0      
                                                               
    C:\APPLICATION\TIccs2011\ccs\tools\compiler\ti-cgt-armllvm_4.0.3.LTS\lib\armv6m-ti-none-eabi/c/libc.a
       _printfi.c.obj                 4510    34        0      
       aeabi_ctype.S.obj              0       257       0      
       s_scalbn.c.obj                 216     0         0      
       memcpy16.S.obj                 154     0         0      
       copy_decompress_lzss.c.obj     124     0         0      
       memset16.S.obj                 98      0         0      
       s_frexp.c.obj                  92      0         0      
       sprintf.c.obj                  90      0         0      
       _ltoa.c.obj                    88      0         0      
       atoi.c.obj                     64      0         0      
       autoinit.c.obj                 60      0         0      
       boot_cortex_m.c.obj            40      0         0      
       memccpy.c.obj                  34      0         0      
       copy_zero_init.c.obj           22      0         0      
       copy_decompress_none.c.obj     18      0         0      
       wcslen.c.obj                   16      0         0      
       aeabi_portable.c.obj           8       0         4      
       exit.c.obj                     6       0         0      
       pre_init.c.obj                 4       0         0      
    +--+------------------------------+-------+---------+---------+
       Total:                         5644    291       4      
                                                               
    C:\APPLICATION\TIccs2011\ccs\tools\compiler\ti-cgt-armllvm_4.0.3.LTS\lib\armv6m-ti-none-eabi/c/libsysbm.a
       hostexit.c.obj                 4       0         0      
    +--+------------------------------+-------+---------+---------+
       Total:                         4       0         0      
                                                               
    C:\APPLICATION\TIccs2011\ccs\tools\compiler\ti-cgt-armllvm_4.0.3.LTS\lib\armv6m-ti-none-eabi/libclang_rt.builtins.a
       adddf3.S.obj                   418     0         0      
       divdf3.S.obj                   268     0         0      
       muldf3.S.obj                   228     0         0      
       comparedf2.c.obj               220     0         0      
       addsf3.S.obj                   216     0         0      
       udivmoddi4.S.obj               162     0         0      
       mulsf3.S.obj                   140     0         0      
       comparesf2.S.obj               118     0         0      
       truncdfsf2.S.obj               116     0         0      
       aeabi_dcmp.S.obj               98      0         0      
       aeabi_fcmp.S.obj               98      0         0      
       aeabi_idivmod.S.obj            86      0         0      
       fixdfsi.S.obj                  74      0         0      
       fixunsdfsi.S.obj               66      0         0      
       aeabi_uidivmod.S.obj           64      0         0      
       extendsfdf2.S.obj              64      0         0      
       floatsisf.S.obj                60      0         0      
       muldsi3.S.obj                  58      0         0      
       fixsfsi.S.obj                  56      0         0      
       floatsidf.S.obj                44      0         0      
       muldi3.S.obj                   36      0         0      
       ashldi3.S.obj                  30      0         0      
       aeabi_uldivmod.S.obj           20      0         0      
       aeabi_memset.S.obj             14      0         0      
       aeabi_memcpy.S.obj             8       0         0      
       aeabi_div0.c.obj               4       0         0      
    +--+------------------------------+-------+---------+---------+
       Total:                         2766    0         0      
                                                               
       Stack:                         0       0         512    
       Linker Generated:              0       48        0      
    +--+------------------------------+-------+---------+---------+
       Grand Total:                   13542   2784      1028   


LINKER GENERATED COPY TABLES

__TI_cinit_table @ 00003ff0 records: 2, size/record: 8, table size: 16
	.data: load addr=00003fd0, load size=0000000c bytes, run addr=202001e8, run size=0000001c bytes, compression=lzss
	.bss: load addr=00003fe8, load size=00000008 bytes, run addr=20200000, run size=000001e8 bytes, compression=zero_init


LINKER GENERATED HANDLER TABLE

__TI_handler_table @ 00003fdc records: 3, size/record: 4, table size: 12
	index: 0, handler: __TI_decompress_lzss
	index: 1, handler: __TI_decompress_none
	index: 2, handler: __TI_zero_init


FAR CALL TRAMPOLINES

callee name               trampoline name
   callee addr  tramp addr   call addr  call info
--------------  -----------  ---------  ----------------
__aeabi_dsub              $Tramp$TT$L$PI$$__aeabi_dsub
   0000114d     00003580     0000357e   libc.a : _printfi.c.obj (.text.OUTLINED_FUNCTION_0)

[1 trampolines]
[1 trampoline calls]


GLOBAL SYMBOLS: SORTED ALPHABETICALLY BY Name 

address   name                                 
-------   ----                                 
000012df  ADC0_IRQHandler                      
000012df  ADC1_IRQHandler                      
000012df  AES_IRQHandler                       
000027ac  C$$EXIT                              
000012df  CANFD0_IRQHandler                    
000012df  DAC0_IRQHandler                      
0000356d  DL_Common_delayCycles                
00002b4d  DL_I2C_fillControllerTXFIFO          
00003359  DL_I2C_setClockConfig                
00001ff5  DL_SYSCTL_configSYSPLL               
00002ea1  DL_SYSCTL_switchMCLKfromSYSOSCtoHSCLK
00001b41  DL_Timer_initFourCCPWMMode           
00001e29  DL_Timer_initTimerMode               
00003409  DL_Timer_setCaptCompUpdateMethod     
00003441  DL_Timer_setCaptureCompareOutCtl     
00003515  DL_Timer_setCaptureCompareValue      
00003425  DL_Timer_setClockConfig              
00002e59  DL_UART_init                         
000034f1  DL_UART_setClockConfig               
000012df  DMA_IRQHandler                       
000012df  Default_Handler                      
000012df  GROUP0_IRQHandler                    
00002ee5  GROUP1_IRQHandler                    
000027ad  HOSTexit                             
000012df  HardFault_Handler                    
000012df  I2C0_IRQHandler                      
000012df  I2C1_IRQHandler                      
000034a1  Motor_Off                            
000034b5  Motor_On                             
000012df  NMI_Handler                          
00000a91  OLED_Init                            
000020d1  OLED_ShowChar                        
000026bd  OLED_ShowString                      
000016b9  OLED_WR_Byte                         
000012df  PendSV_Handler                       
000012df  RTC_IRQHandler                       
000035bb  Reset_Handler                        
000012df  SPI0_IRQHandler                      
000012df  SPI1_IRQHandler                      
000012df  SVC_Handler                          
00001d3d  SYSCFG_DL_GPIO_init                  
00002d11  SYSCFG_DL_I2C_MPU6050_init           
00002d65  SYSCFG_DL_I2C_OLED_init              
00002401  SYSCFG_DL_PWM_MOTOR_init             
00002825  SYSCFG_DL_SYSCTL_init                
00003159  SYSCFG_DL_TIMER_PID_init             
00002a8d  SYSCFG_DL_UART_PC_init               
00003191  SYSCFG_DL_init                       
00002aed  SYSCFG_DL_initPower                  
0000143d  Set_Duty                             
00003525  SysTick_Handler                      
000031c9  SysTick_Init                         
000012df  TIMA0_IRQHandler                     
000012e1  TIMA1_IRQHandler                     
000012df  TIMG0_IRQHandler                     
000012df  TIMG12_IRQHandler                    
000012df  TIMG6_IRQHandler                     
000012df  TIMG7_IRQHandler                     
000012df  TIMG8_IRQHandler                     
000012df  UART0_IRQHandler                     
000012df  UART1_IRQHandler                     
000012df  UART2_IRQHandler                     
000012df  UART3_IRQHandler                     
000032a5  UART_sendString                      
20208000  __STACK_END                          
00000200  __STACK_SIZE                         
00000000  __TI_ATRegion0_region_sz             
00000000  __TI_ATRegion0_src_addr              
00000000  __TI_ATRegion0_trg_addr              
00000000  __TI_ATRegion1_region_sz             
00000000  __TI_ATRegion1_src_addr              
00000000  __TI_ATRegion1_trg_addr              
00000000  __TI_ATRegion2_region_sz             
00000000  __TI_ATRegion2_src_addr              
00000000  __TI_ATRegion2_trg_addr              
00003ff0  __TI_CINIT_Base                      
00004000  __TI_CINIT_Limit                     
00004000  __TI_CINIT_Warm                      
00003fdc  __TI_Handler_Table_Base              
00003fe8  __TI_Handler_Table_Limit             
000030a5  __TI_auto_init_nobinit_nopinit       
00002641  __TI_decompress_lzss                 
00003503  __TI_decompress_none                 
00002c09  __TI_ltoa                            
ffffffff  __TI_pprof_out_hndl                  
000000c1  __TI_printfi                         
ffffffff  __TI_prof_data_size                  
ffffffff  __TI_prof_data_start                 
00000000  __TI_static_base__                   
00003489  __TI_zero_init_nomemset              
00001157  __adddf3                             
0000228f  __addsf3                             
00003df0  __aeabi_ctype_table_                 
00003df0  __aeabi_ctype_table_C                
000027b1  __aeabi_d2f                          
00002e0d  __aeabi_d2iz                         
00002f29  __aeabi_d2uiz                        
00001157  __aeabi_dadd                         
00002965  __aeabi_dcmpeq                       
000029a1  __aeabi_dcmpge                       
000029b5  __aeabi_dcmpgt                       
0000298d  __aeabi_dcmple                       
00002979  __aeabi_dcmplt                       
00001a35  __aeabi_ddiv                         
00001f11  __aeabi_dmul                         
0000114d  __aeabi_dsub                         
202001e8  __aeabi_errno                        
000035a5  __aeabi_errno_addr                   
00002fad  __aeabi_f2d                          
00003201  __aeabi_f2iz                         
0000228f  __aeabi_fadd                         
000029c9  __aeabi_fcmpeq                       
00002a05  __aeabi_fcmpge                       
00002a19  __aeabi_fcmpgt                       
000029f1  __aeabi_fcmple                       
000029dd  __aeabi_fcmplt                       
00002539  __aeabi_fmul                         
00002285  __aeabi_fsub                         
00003305  __aeabi_i2d                          
0000302d  __aeabi_i2f                          
00002cb9  __aeabi_idiv                         
000023ff  __aeabi_idiv0                        
00002cb9  __aeabi_idivmod                      
00002537  __aeabi_ldiv0                        
000033e9  __aeabi_llsl                         
00003381  __aeabi_lmul                         
000035ad  __aeabi_memcpy                       
000035ad  __aeabi_memcpy4                      
000035ad  __aeabi_memcpy8                      
00003545  __aeabi_memset                       
00003545  __aeabi_memset4                      
00003545  __aeabi_memset8                      
00002f6d  __aeabi_uidiv                        
00002f6d  __aeabi_uidivmod                     
000034c9  __aeabi_uldivmod                     
000033e9  __ashldi3                            
ffffffff  __binit__                            
00002895  __cmpdf2                             
000030e1  __cmpsf2                             
00001a35  __divdf3                             
00002895  __eqdf2                              
000030e1  __eqsf2                              
00002fad  __extendsfdf2                        
00002e0d  __fixdfsi                            
00003201  __fixsfsi                            
00002f29  __fixunsdfsi                         
00003305  __floatsidf                          
0000302d  __floatsisf                          
00002739  __gedf2                              
00003069  __gesf2                              
00002739  __gtdf2                              
00003069  __gtsf2                              
00002895  __ledf2                              
000030e1  __lesf2                              
00002895  __ltdf2                              
000030e1  __ltsf2                              
UNDEFED   __mpu_init                           
00001f11  __muldf3                             
00003381  __muldi3                             
0000311d  __muldsi3                            
00002539  __mulsf3                             
00002895  __nedf2                              
000030e1  __nesf2                              
20207e00  __stack                              
20200000  __start___llvm_prf_bits              
20200000  __start___llvm_prf_cnts              
20200000  __stop___llvm_prf_bits               
20200000  __stop___llvm_prf_cnts               
0000114d  __subdf3                             
00002285  __subsf3                             
000027b1  __truncdfsf2                         
0000235d  __udivmoddi4                         
00003331  _c_int00_noargs                      
UNDEFED   _system_post_cinit                   
000035bf  _system_pre_init                     
000035b5  abort                                
00003bc0  asc2_0806                            
000035d0  asc2_1608                            
00002fed  atoi                                 
ffffffff  binit                                
000025c5  datavision_send                      
202001ec  encode_cnt_left                      
202001f0  encode_cnt_right                     
00002bad  frexp                                
00002bad  frexpl                               
20200000  gPWM_MOTORBackup                     
202000bc  gTIMER_PIDBackup                     
00000000  interruptVectors                     
000021ad  ldexp                                
000021ad  ldexpl                               
000017f1  main                                 
000033a5  memccpy                              
0000249d  memcpy                               
00002a2b  memset                               
00003271  mspm0_delay_ms                       
00003471  mspm0_get_clock_ms                   
202001f4  now_speed_left                       
202001f8  now_speed_right                      
00001c45  pid_cal                              
000033c7  pid_calculate                        
00003561  pid_init                             
20200178  pid_motor_left                       
202001ac  pid_motor_right                      
000021ad  scalbn                               
000021ad  scalbnl                              
00003239  sprintf                              
202001e0  start_time                           
202001fc  target_speed_left                    
20200200  target_speed_right                   
202001e4  tick_ms                              
00003535  wcslen                               


GLOBAL SYMBOLS: SORTED BY Symbol Address 

address   name                                 
-------   ----                                 
00000000  __TI_ATRegion0_region_sz             
00000000  __TI_ATRegion0_src_addr              
00000000  __TI_ATRegion0_trg_addr              
00000000  __TI_ATRegion1_region_sz             
00000000  __TI_ATRegion1_src_addr              
00000000  __TI_ATRegion1_trg_addr              
00000000  __TI_ATRegion2_region_sz             
00000000  __TI_ATRegion2_src_addr              
00000000  __TI_ATRegion2_trg_addr              
00000000  __TI_static_base__                   
00000000  interruptVectors                     
000000c1  __TI_printfi                         
00000200  __STACK_SIZE                         
00000a91  OLED_Init                            
0000114d  __aeabi_dsub                         
0000114d  __subdf3                             
00001157  __adddf3                             
00001157  __aeabi_dadd                         
000012df  ADC0_IRQHandler                      
000012df  ADC1_IRQHandler                      
000012df  AES_IRQHandler                       
000012df  CANFD0_IRQHandler                    
000012df  DAC0_IRQHandler                      
000012df  DMA_IRQHandler                       
000012df  Default_Handler                      
000012df  GROUP0_IRQHandler                    
000012df  HardFault_Handler                    
000012df  I2C0_IRQHandler                      
000012df  I2C1_IRQHandler                      
000012df  NMI_Handler                          
000012df  PendSV_Handler                       
000012df  RTC_IRQHandler                       
000012df  SPI0_IRQHandler                      
000012df  SPI1_IRQHandler                      
000012df  SVC_Handler                          
000012df  TIMA0_IRQHandler                     
000012df  TIMG0_IRQHandler                     
000012df  TIMG12_IRQHandler                    
000012df  TIMG6_IRQHandler                     
000012df  TIMG7_IRQHandler                     
000012df  TIMG8_IRQHandler                     
000012df  UART0_IRQHandler                     
000012df  UART1_IRQHandler                     
000012df  UART2_IRQHandler                     
000012df  UART3_IRQHandler                     
000012e1  TIMA1_IRQHandler                     
0000143d  Set_Duty                             
000016b9  OLED_WR_Byte                         
000017f1  main                                 
00001a35  __aeabi_ddiv                         
00001a35  __divdf3                             
00001b41  DL_Timer_initFourCCPWMMode           
00001c45  pid_cal                              
00001d3d  SYSCFG_DL_GPIO_init                  
00001e29  DL_Timer_initTimerMode               
00001f11  __aeabi_dmul                         
00001f11  __muldf3                             
00001ff5  DL_SYSCTL_configSYSPLL               
000020d1  OLED_ShowChar                        
000021ad  ldexp                                
000021ad  ldexpl                               
000021ad  scalbn                               
000021ad  scalbnl                              
00002285  __aeabi_fsub                         
00002285  __subsf3                             
0000228f  __addsf3                             
0000228f  __aeabi_fadd                         
0000235d  __udivmoddi4                         
000023ff  __aeabi_idiv0                        
00002401  SYSCFG_DL_PWM_MOTOR_init             
0000249d  memcpy                               
00002537  __aeabi_ldiv0                        
00002539  __aeabi_fmul                         
00002539  __mulsf3                             
000025c5  datavision_send                      
00002641  __TI_decompress_lzss                 
000026bd  OLED_ShowString                      
00002739  __gedf2                              
00002739  __gtdf2                              
000027ac  C$$EXIT                              
000027ad  HOSTexit                             
000027b1  __aeabi_d2f                          
000027b1  __truncdfsf2                         
00002825  SYSCFG_DL_SYSCTL_init                
00002895  __cmpdf2                             
00002895  __eqdf2                              
00002895  __ledf2                              
00002895  __ltdf2                              
00002895  __nedf2                              
00002965  __aeabi_dcmpeq                       
00002979  __aeabi_dcmplt                       
0000298d  __aeabi_dcmple                       
000029a1  __aeabi_dcmpge                       
000029b5  __aeabi_dcmpgt                       
000029c9  __aeabi_fcmpeq                       
000029dd  __aeabi_fcmplt                       
000029f1  __aeabi_fcmple                       
00002a05  __aeabi_fcmpge                       
00002a19  __aeabi_fcmpgt                       
00002a2b  memset                               
00002a8d  SYSCFG_DL_UART_PC_init               
00002aed  SYSCFG_DL_initPower                  
00002b4d  DL_I2C_fillControllerTXFIFO          
00002bad  frexp                                
00002bad  frexpl                               
00002c09  __TI_ltoa                            
00002cb9  __aeabi_idiv                         
00002cb9  __aeabi_idivmod                      
00002d11  SYSCFG_DL_I2C_MPU6050_init           
00002d65  SYSCFG_DL_I2C_OLED_init              
00002e0d  __aeabi_d2iz                         
00002e0d  __fixdfsi                            
00002e59  DL_UART_init                         
00002ea1  DL_SYSCTL_switchMCLKfromSYSOSCtoHSCLK
00002ee5  GROUP1_IRQHandler                    
00002f29  __aeabi_d2uiz                        
00002f29  __fixunsdfsi                         
00002f6d  __aeabi_uidiv                        
00002f6d  __aeabi_uidivmod                     
00002fad  __aeabi_f2d                          
00002fad  __extendsfdf2                        
00002fed  atoi                                 
0000302d  __aeabi_i2f                          
0000302d  __floatsisf                          
00003069  __gesf2                              
00003069  __gtsf2                              
000030a5  __TI_auto_init_nobinit_nopinit       
000030e1  __cmpsf2                             
000030e1  __eqsf2                              
000030e1  __lesf2                              
000030e1  __ltsf2                              
000030e1  __nesf2                              
0000311d  __muldsi3                            
00003159  SYSCFG_DL_TIMER_PID_init             
00003191  SYSCFG_DL_init                       
000031c9  SysTick_Init                         
00003201  __aeabi_f2iz                         
00003201  __fixsfsi                            
00003239  sprintf                              
00003271  mspm0_delay_ms                       
000032a5  UART_sendString                      
00003305  __aeabi_i2d                          
00003305  __floatsidf                          
00003331  _c_int00_noargs                      
00003359  DL_I2C_setClockConfig                
00003381  __aeabi_lmul                         
00003381  __muldi3                             
000033a5  memccpy                              
000033c7  pid_calculate                        
000033e9  __aeabi_llsl                         
000033e9  __ashldi3                            
00003409  DL_Timer_setCaptCompUpdateMethod     
00003425  DL_Timer_setClockConfig              
00003441  DL_Timer_setCaptureCompareOutCtl     
00003471  mspm0_get_clock_ms                   
00003489  __TI_zero_init_nomemset              
000034a1  Motor_Off                            
000034b5  Motor_On                             
000034c9  __aeabi_uldivmod                     
000034f1  DL_UART_setClockConfig               
00003503  __TI_decompress_none                 
00003515  DL_Timer_setCaptureCompareValue      
00003525  SysTick_Handler                      
00003535  wcslen                               
00003545  __aeabi_memset                       
00003545  __aeabi_memset4                      
00003545  __aeabi_memset8                      
00003561  pid_init                             
0000356d  DL_Common_delayCycles                
000035a5  __aeabi_errno_addr                   
000035ad  __aeabi_memcpy                       
000035ad  __aeabi_memcpy4                      
000035ad  __aeabi_memcpy8                      
000035b5  abort                                
000035bb  Reset_Handler                        
000035bf  _system_pre_init                     
000035d0  asc2_1608                            
00003bc0  asc2_0806                            
00003df0  __aeabi_ctype_table_                 
00003df0  __aeabi_ctype_table_C                
00003fdc  __TI_Handler_Table_Base              
00003fe8  __TI_Handler_Table_Limit             
00003ff0  __TI_CINIT_Base                      
00004000  __TI_CINIT_Limit                     
00004000  __TI_CINIT_Warm                      
20200000  __start___llvm_prf_bits              
20200000  __start___llvm_prf_cnts              
20200000  __stop___llvm_prf_bits               
20200000  __stop___llvm_prf_cnts               
20200000  gPWM_MOTORBackup                     
202000bc  gTIMER_PIDBackup                     
20200178  pid_motor_left                       
202001ac  pid_motor_right                      
202001e0  start_time                           
202001e4  tick_ms                              
202001e8  __aeabi_errno                        
202001ec  encode_cnt_left                      
202001f0  encode_cnt_right                     
202001f4  now_speed_left                       
202001f8  now_speed_right                      
202001fc  target_speed_left                    
20200200  target_speed_right                   
20207e00  __stack                              
20208000  __STACK_END                          
ffffffff  __TI_pprof_out_hndl                  
ffffffff  __TI_prof_data_size                  
ffffffff  __TI_prof_data_start                 
ffffffff  __binit__                            
ffffffff  binit                                
UNDEFED   __mpu_init                           
UNDEFED   _system_post_cinit                   

[211 symbols]
